
[1m[46m RUN [49m[22m [36mv3.2.4 [39m[90mC:/Users/aaron/Desktop/INCLUSION_LABORAL_NUEVO[39m

node.exe : [90mstderr[2m | src/components/forms/seguimientos/SeguimientosCaseEditor.test.tsx[2m > 
[22m[2mSeguimientosCaseEditor[2m > [22m[2mauto-dismisses the save-success toast after six seconds
En línea: 1 Carácter: 1
+ & "C:\Program Files\nodejs/node.exe" "C:\Users\aaron\AppData\Roaming\ ...
+ ~~~~~~~~~~~~~~~~~~~~~~~~~~~~~~~~~~~~~~~~~~~~~~~~~~~~~~~~~~~~~~~~~~~~~
    + CategoryInfo          : NotSpecified: ([90mstderr[2m...ter six seconds:String) [], RemoteException
    + FullyQualifiedErrorId : NativeCommandError
 
[22m[39mIn HTML, <button> cannot be a descendant of <button>.
This will cause a hydration error.

  <SeguimientosCaseEditor hydration={{...}} draftData={{...}} workflow={{...}} activeStageId="followup_1" ...>
    <SeguimientosCaseOverview hydration={{...}} draftData={{...}} workflow={{...}} activeStageId="followup_1" ...>
      <div data-testid="seguimient..." className="min-h-scre...">
        <div>
        <main className="mx-auto ma...">
          <div>
          <div className="mb-4">
            <SeguimientosBaseStageSummary baseValues={{...}} stageState={{stageId:"b...", ...}} 
isReadonlyDraft={false} ...>
              <div data-testid="seguimient..." className="rounded-2x...">
>               <button
>                 type="button"
>                 data-testid="seguimientos-base-stage-toggle"
>                 onClick={function onClick}
>                 className="flex w-full items-center justify-between px-5 py-4 text-left"
>               >
                  <div>
                  <div className="flex items...">
>                   <button
>                     type="button"
>                     data-testid="seguimientos-base-stage-reopen-button"
>                     onClick={function onClick}
>                     className="rounded-lg border border-amber-300 bg-white px-2.5 py-1 text-[11px] font-semibold 
tex..."
>                   >
                    ...
          ...
    ...

<button> cannot contain a nested <button>.
See this log for the ancestor stack trace.

 [31mÔØ»[39m src/components/forms/seguimientos/SeguimientosCaseEditor.test.tsx [2m([22m[2m12 tests[22m[2m | [22m[31m3 failed[39m[2m)[22m[33m 739[2mms[22m[39m
[31m   [31m├ù[31m SeguimientosCaseEditor[2m > [22mrenders the shared draft status and the shell actions[39m[32m 76[2mms[22m[39m
[31m     ÔåÆ expected '<div data-testid="seguimientos-case-oÔÇª' to contain 'Como se guarda este formulario'[39m
   [32mÔ£ô[39m SeguimientosCaseEditor[2m > [22mrenders a floating save-success toast on the same followup instead of auto-advancing[32m 40[2mms[22m[39m
   [32mÔ£ô[39m SeguimientosCaseEditor[2m > [22mauto-dismisses the save-success toast after six seconds[32m 153[2mms[22m[39m
   [32mÔ£ô[39m SeguimientosCaseEditor[2m > [22mrenders the real ficha inicial editor blocks when base is active[32m 21[2mms[22m[39m
   [32mÔ£ô[39m SeguimientosCaseEditor[2m > [22mrenders the final result actions and PDF variants[32m 13[2mms[22m[39m
   [32mÔ£ô[39m SeguimientosCaseEditor[2m > [22mblocks PDF export while there are dirty changes pending in Google Sheets[32m 18[2mms[22m[39m
   [32mÔ£ô[39m SeguimientosCaseEditor[2m > [22mdoes not render the override button for a followup that only has local content[32m 36[2mms[22m[39m
[31m   [31m├ù[31m SeguimientosCaseEditor[2m > [22mshows a renewal action when a protected stage override expired[39m[32m 40[2mms[22m[39m
[31m     ÔåÆ expected '<div data-testid="seguimientos-case-oÔÇª' to contain 'El desbloqueo de Ficha inicial vencioÔÇª'[39m
   [32mÔ£ô[39m SeguimientosCaseEditor[2m > [22mshows Bloquear etapa when the active stage is already unlocked and calls the local handler[32m 127[2mms[22m[39m
   [32mÔ£ô[39m SeguimientosCaseEditor[2m > [22masks how to bloquear when the unlocked active stage still has local changes[32m 138[2mms[22m[39m
   [32mÔ£ô[39m SeguimientosCaseEditor[2m > [22msupports descartar cambios y bloquear from the lock dialog[32m 68[2mms[22m[39m
[31m   [31m├ù[31m SeguimientosCaseEditor[2m > [22mshows a reload CTA when the case changed in another session[39m[32m 8[2mms[22m[39m
[31m     ÔåÆ expected '<div data-testid="seguimientos-case-oÔÇª' to contain 'Este caso cambio en otra pesta├▒a o seÔÇª'[39m

[31mÔÄ»ÔÄ»ÔÄ»ÔÄ»ÔÄ»ÔÄ»ÔÄ»[39m[1m[41m Failed Tests 3 [49m[22m[31mÔÄ»ÔÄ»ÔÄ»ÔÄ»ÔÄ»ÔÄ»ÔÄ»[39m

[41m[1m FAIL [22m[49m src/components/forms/seguimientos/SeguimientosCaseEditor.test.tsx[2m > 
[22mSeguimientosCaseEditor[2m > [22mrenders the shared draft status and the shell actions
[31m[1mAssertionError[22m: expected '<div data-testid="seguimientos-case-oÔÇª' to contain 'Como se guarda este 
formulario'[39m

[32m- Expected[39m
[31m+ Received[39m

[32m- Como se guarda este formulario[39m
[31m+ <div data-testid="seguimientos-case-overview" class="min-h-screen bg-gray-50"><div class="bg-reca 
shadow-lg"><div class="mx-auto max-w-6xl px-4 py-4 sm:px-6 lg:px-8"><div class="flex items-center gap-4"><button 
type="button" data-testid="seguimientos-overview-back" class="rounded-xl p-1.5 text-white/80 transition-colors 
hover:bg-white/10 hover:text-white"><svg xmlns="http://www.w3.org/2000/svg" width="24" height="24" viewBox="0 0 24 24" 
fill="none" stroke="currentColor" stroke-width="2" stroke-linecap="round" stroke-linejoin="round" class="lucide 
lucide-arrow-left h-5 w-5" aria-hidden="true"><path d="m12 19-7-7 7-7"></path><path d="M19 
12H5"></path></svg></button><div class="min-w-0 flex-1"><h1 class="text-lg font-bold leading-tight 
text-white">Seguimientos</h1><p class="mt-0.5 text-sm text-reca-100">Ana Perez ┬À Empresa Uno SAS ┬À No Compensar ┬À 3 
seguimientos</p></div></div><div class="mt-3"><div data-testid="seguimientos-case-timeline" class="flex flex-wrap 
items-center gap-1"><div data-testid="seguimientos-timeline-base_process" class="flex items-center gap-1"><button 
type="button" data-testid="seguimientos-timeline-badge-base_process" class="inline-flex items-center gap-1.5 
rounded-xl px-2.5 py-1.5 text-xs font-semibold transition-colors bg-amber-50 text-amber-800 hover:bg-amber-100"><svg 
xmlns="http://www.w3.org/2000/svg" width="24" height="24" viewBox="0 0 24 24" fill="none" stroke="currentColor" 
stroke-width="2" stroke-linecap="round" stroke-linejoin="round" class="lucide lucide-circle-check h-3.5 w-3.5" 
aria-hidden="true"><circle cx="12" cy="12" r="10"></circle><path d="m9 12 2 2 4-4"></path></svg>Ficha 
inicial</button><span class="mx-0.5 text-gray-300"><svg xmlns="http://www.w3.org/2000/svg" width="24" height="24" 
viewBox="0 0 24 24" fill="none" stroke="currentColor" stroke-width="2" stroke-linecap="round" stroke-linejoin="round" 
class="lucide lucide-chevron-right h-3 w-3" aria-hidden="true"><path d="m9 18 6-6-6-6"></path></svg></span></div><div 
data-testid="seguimientos-timeline-followup_1" class="flex items-center gap-1"><button type="button" 
data-testid="seguimientos-timeline-badge-followup_1" class="inline-flex items-center gap-1.5 rounded-xl px-2.5 py-1.5 
text-xs font-semibold transition-colors bg-reca text-white shadow-sm ring-2 ring-reca-300"><svg 
xmlns="http://www.w3.org/2000/svg" width="24" height="24" viewBox="0 0 24 24" fill="none" stroke="currentColor" 
stroke-width="2" stroke-linecap="round" stroke-linejoin="round" class="lucide lucide-circle-check h-3.5 w-3.5" 
aria-hidden="true"><circle cx="12" cy="12" r="10"></circle><path d="m9 12 2 2 4-4"></path></svg>S1</button><span 
class="mx-0.5 text-gray-300"><svg xmlns="http://www.w3.org/2000/svg" width="24" height="24" viewBox="0 0 24 24" 
fill="none" stroke="currentColor" stroke-width="2" stroke-linecap="round" stroke-linejoin="round" class="lucide 
lucide-chevron-right h-3 w-3" aria-hidden="true"><path d="m9 18 6-6-6-6"></path></svg></span></div><div 
data-testid="seguimientos-timeline-followup_2" class="flex items-center gap-1"><button type="button" 
data-testid="seguimientos-timeline-badge-followup_2" class="inline-flex items-center gap-1.5 rounded-xl px-2.5 py-1.5 
text-xs font-semibold transition-colors bg-reca-50 text-reca hover:bg-reca-100 ring-1 ring-reca-300"><svg 
xmlns="http://www.w3.org/2000/svg" width="24" height="24" viewBox="0 0 24 24" fill="none" stroke="currentColor" 
stroke-width="2" stroke-linecap="round" stroke-linejoin="round" class="lucide lucide-chevron-right h-3.5 w-3.5" 
aria-hidden="true"><path d="m9 18 6-6-6-6"></path></svg>S2</button><span class="mx-0.5 text-gray-300"><svg 
xmlns="http://www.w3.org/2000/svg" width="24" height="24" viewBox="0 0 24 24" fill="none" stroke="currentColor" 
stroke-width="2" stroke-linecap="round" stroke-linejoin="round" class="lucide lucide-chevron-right h-3 w-3" 
aria-hidden="true"><path d="m9 18 6-6-6-6"></path></svg></span></div><div 
data-testid="seguimientos-timeline-followup_3" class="flex items-center gap-1"><button type="button" 
data-testid="seguimientos-timeline-badge-followup_3" disabled="" class="inline-flex items-center gap-1.5 rounded-xl 
px-2.5 py-1.5 text-xs font-semibold transition-colors cursor-not-allowed bg-gray-50 text-gray-400">S3</button><span 
class="mx-0.5 text-gray-300"><svg xmlns="http://www.w3.org/2000/svg" width="24" height="24" viewBox="0 0 24 24" 
fill="none" stroke="currentColor" stroke-width="2" stroke-linecap="round" stroke-linejoin="round" class="lucide 
lucide-chevron-right h-3 w-3" aria-hidden="true"><path d="m9 18 6-6-6-6"></path></svg></span></div><div 
data-testid="seguimientos-timeline-final_result" class="flex items-center gap-1"><button type="button" 
data-testid="seguimientos-timeline-badge-final_result" disabled="" class="inline-flex items-center gap-1.5 rounded-xl 
px-2.5 py-1.5 text-xs font-semibold transition-colors cursor-not-allowed bg-gray-50 text-gray-400">Resultado 
final</button></div></div></div></div></div><main class="mx-auto max-w-6xl px-4 py-6 sm:px-6 lg:px-8"><div 
class="mb-4"><div data-testid="seguimientos-base-stage-summary" class="rounded-2xl border border-gray-200 bg-white 
shadow-sm"><button type="button" data-testid="seguimientos-base-stage-toggle" class="flex w-full items-center 
justify-between px-5 py-4 text-left"><div class="flex items-center gap-2.5"><h3 class="text-sm font-semibold 
text-gray-900">Ficha inicial</h3><span class="inline-flex items-center gap-1 rounded-full bg-amber-100 px-2 py-0.5 
text-[10px] font-semibold text-amber-800"><svg xmlns="http://www.w3.org/2000/svg" width="24" height="24" viewBox="0 0 
24 24" fill="none" stroke="currentColor" stroke-width="2" stroke-linecap="round" stroke-linejoin="round" class="lucide 
lucide-lock h-3 w-3" aria-hidden="true"><rect width="18" height="11" x="3" y="11" rx="2" ry="2"></rect><path d="M7 
11V7a5 5 0 0 1 10 0v4"></path></svg>Protegida</span></div><div class="flex items-center gap-2"><button type="button" 
data-testid="seguimientos-base-stage-reopen-button" class="rounded-lg border border-amber-300 bg-white px-2.5 py-1 
text-[11px] font-semibold text-amber-800 transition-colors hover:bg-amber-50">Reabrir ficha inicial</button><svg 
xmlns="http://www.w3.org/2000/svg" width="24" height="24" viewBox="0 0 24 24" fill="none" stroke="currentColor" 
stroke-width="2" stroke-linecap="round" stroke-linejoin="round" class="lucide lucide-chevron-down h-4 w-4 
text-gray-400" aria-hidden="true"><path d="m6 9 6 6 6-6"></path></svg></div></button></div></div><div 
class="space-y-4"><div data-testid="draft-persistence-status" data-save-state="saved" 
data-local-saved-at="2026-04-21T10:00:00.000Z" class="rounded-2xl border border-gray-200 bg-gray-50/90 p-3 
text-gray-900"><button type="button" data-testid="draft-save-button" class="mb-3 inline-flex w-full items-center 
justify-center gap-2 rounded-xl px-3 py-2 text-sm font-semibold transition-colors bg-reca text-white 
hover:bg-reca-dark disabled:opacity-50"><svg xmlns="http://www.w3.org/2000/svg" width="24" height="24" viewBox="0 0 24 
24" fill="none" stroke="currentColor" stroke-width="2" stroke-linecap="round" stroke-linejoin="round" class="lucide 
lucide-save h-4 w-4" aria-hidden="true"><path d="M15.2 3a2 2 0 0 1 1.4.6l3.8 3.8a2 2 0 0 1 .6 1.4V19a2 2 0 0 1-2 2H5a2 
2 0 0 1-2-2V5a2 2 0 0 1 2-2z"></path><path d="M17 21v-7a1 1 0 0 0-1-1H8a1 1 0 0 0-1 1v7"></path><path d="M7 3v4a1 1 0 
0 0 1 1h7"></path></svg>Guardar borrador</button><div class="space-y-2"><div class="flex items-center justify-between 
gap-3 text-xs"><span class="font-medium text-gray-500">├Ültimo guardado en este dispositivo</span><span 
data-testid="draft-local-status" class="text-right font-semibold text-gray-900">hace 9 d (5:00 a. m.)</span></div><div 
class="flex items-center justify-between gap-3 text-xs"><span class="font-medium text-gray-500">Estado de 
sincronizaci├│n</span><span data-testid="draft-remote-status" class="text-right font-semibold 
text-gray-900">Sincronizado (hace 9 d)</span></div></div></div><div class="flex flex-wrap items-center justify-between 
gap-2 rounded-2xl border border-gray-200 bg-white p-4 shadow-sm"><div class="space-y-1"><p 
data-testid="seguimientos-active-stage-title" class="text-sm font-semibold text-gray-900">Seguimiento 1</p><p 
class="text-sm text-gray-600">Seguimiento 1 protegido por defecto para evitar cambios accidentales.</p></div><div 
class="flex flex-wrap gap-2"><button type="button" class="inline-flex items-center gap-2 rounded-xl border 
border-gray-200 bg-white px-4 py-2.5 text-sm font-semibold text-gray-700 transition-colors hover:bg-gray-50 
disabled:cursor-not-allowed disabled:opacity-50"><svg xmlns="http://www.w3.org/2000/svg" width="24" height="24" 
viewBox="0 0 24 24" fill="none" stroke="currentColor" stroke-width="2" stroke-linecap="round" stroke-linejoin="round" 
class="lucide lucide-arrow-left h-4 w-4" aria-hidden="true"><path d="m12 19-7-7 7-7"></path><path d="M19 
12H5"></path></svg>Anterior</button><button type="button" class="inline-flex items-center gap-2 rounded-xl border 
border-gray-200 bg-white px-4 py-2.5 text-sm font-semibold text-gray-700 transition-colors hover:bg-gray-50 
disabled:cursor-not-allowed disabled:opacity-50">Siguiente<svg xmlns="http://www.w3.org/2000/svg" width="24" 
height="24" viewBox="0 0 24 24" fill="none" stroke="currentColor" stroke-width="2" stroke-linecap="round" 
stroke-linejoin="round" class="lucide lucide-arrow-right h-4 w-4" aria-hidden="true"><path d="M5 12h14"></path><path 
d="m12 5 7 7-7 7"></path></svg></button><button type="button" data-testid="seguimientos-stage-override-button" 
class="inline-flex items-center gap-2 rounded-xl border border-amber-300 bg-amber-50 px-4 py-2.5 text-sm font-semibold 
text-amber-900 transition-colors hover:bg-amber-100"><svg xmlns="http://www.w3.org/2000/svg" width="24" height="24" 
viewBox="0 0 24 24" fill="none" stroke="currentColor" stroke-width="2" stroke-linecap="round" stroke-linejoin="round" 
class="lucide lucide-shield-alert h-4 w-4" aria-hidden="true"><path d="M20 13c0 5-3.5 7.5-7.66 8.95a1 1 0 0 
1-.67-.01C7.5 20.5 4 18 4 13V6a1 1 0 0 1 1-1c2 0 4.5-1.2 6.24-2.72a1.17 1.17 0 0 1 1.52 0C14.51 3.81 17 5 19 5a1 1 0 0 
1 1 1z"></path><path d="M12 8v4"></path><path d="M12 16h.01"></path></svg>Desbloquear etapa</button></div></div><div 
class="grid gap-4 xl:grid-cols-[220px_minmax(0,1fr)]"><div class="rounded-2xl border border-gray-200 bg-white p-4 
shadow-sm"><p class="text-xs font-semibold uppercase tracking-wide text-gray-500">Progreso</p><p class="mt-2 text-3xl 
font-bold text-gray-900">100%</p><p class="mt-1 text-sm text-gray-500">51 de 51 campos rastreados</p></div><div 
class="rounded-2xl border border-gray-200 bg-white p-4 shadow-sm"><p class="text-xs font-semibold uppercase 
tracking-wide text-gray-500">Resumen del caso</p><div class="mt-3 grid gap-3 sm:grid-cols-2 xl:grid-cols-4"><div 
class="rounded-xl border border-gray-200 bg-gray-50 px-3 py-3"><p class="text-[11px] font-semibold uppercase 
tracking-wide text-gray-500">Vinculado</p><p class="mt-1 text-sm text-gray-900">Ana Perez</p></div><div 
class="rounded-xl border border-gray-200 bg-gray-50 px-3 py-3"><p class="text-[11px] font-semibold uppercase 
tracking-wide text-gray-500">C├®dula</p><p class="mt-1 text-sm text-gray-900">1001234567</p></div><div 
class="rounded-xl border border-gray-200 bg-gray-50 px-3 py-3"><p class="text-[11px] font-semibold uppercase 
tracking-wide text-gray-500">Tipo de empresa</p><p class="mt-1 text-sm text-gray-900">No compensar</p></div><div 
class="rounded-xl border border-gray-200 bg-gray-50 px-3 py-3"><p class="text-[11px] font-semibold uppercase 
tracking-wide text-gray-500">Seguimientos visibles</p><p class="mt-1 text-sm 
text-gray-900">3</p></div></div></div></div><div data-testid="seguimientos-operation-guide" class="rounded-2xl border 
border-gray-200 bg-white p-4 shadow-sm"><p class="text-xs font-semibold uppercase tracking-wide text-gray-500">C├│mo 
se guarda este formulario</p><div class="mt-3 grid gap-3 lg:grid-cols-3"><div class="rounded-xl border border-gray-200 
bg-gray-50 px-4 py-3"><p class="text-sm font-semibold text-gray-900">Borrador</p><p class="mt-1 text-sm 
text-gray-600">Guarda el progreso del editor y te deja retomarlo despu├®s. No escribe Google Sheets ni genera 
PDF.</p></div><div class="rounded-xl border border-gray-200 bg-gray-50 px-4 py-3"><p class="text-sm font-semibold 
text-gray-900">Google Sheets</p><p class="mt-1 text-sm text-gray-600">Guarda la ficha inicial o el seguimiento en la 
hoja del caso y sincroniza el resumen operativo.</p></div><div class="rounded-xl border border-gray-200 bg-gray-50 
px-4 py-3"><p class="text-sm font-semibold text-gray-900">PDF</p><p class="mt-1 text-sm text-gray-600">Solo se genera 
desde Resultado final. Antes de exportarlo, primero debes guardar los cambios en Google 
Sheets.</p></div></div></div><div class="rounded-2xl border border-amber-200 bg-amber-50 p-4"><div class="flex 
items-start gap-3"><div class="rounded-xl bg-amber-100 p-2 text-amber-700"><svg xmlns="http://www.w3.org/2000/svg" 
width="24" height="24" viewBox="0 0 24 24" fill="none" stroke="currentColor" stroke-width="2" stroke-linecap="round" 
stroke-linejoin="round" class="lucide lucide-shield-alert h-4 w-4" aria-hidden="true"><path d="M20 13c0 5-3.5 7.5-7.66 
8.95a1 1 0 0 1-.67-.01C7.5 20.5 4 18 4 13V6a1 1 0 0 1 1-1c2 0 4.5-1.2 6.24-2.72a1.17 1.17 0 0 1 1.52 0C14.51 3.81 17 5 
19 5a1 1 0 0 1 1 1z"></path><path d="M12 8v4"></path><path d="M12 16h.01"></path></svg></div><div><p class="text-sm 
font-semibold text-amber-900">Esta etapa ya tiene informaci├│n registrada</p><p class="mt-1 text-sm 
text-amber-800">Usa el bot├│n Desbloquear etapa si necesitas corregirla y confirmar├ís manualmente esa 
edici├│n.</p></div></div></div><form data-testid="seguimientos-followup-editor-1" noValidate="" class="space-y-5"><div 
class="flex flex-wrap items-center gap-3 rounded-2xl border border-gray-200 bg-white p-4 shadow-sm"><button 
type="button" data-testid="seguimientos-followup-failed-visit-button" disabled="" class="inline-flex items-center 
gap-2 rounded-xl border border-amber-200 bg-amber-50 px-4 py-2.5 text-sm font-semibold text-amber-900 
transition-colors hover:bg-amber-100 disabled:cursor-not-allowed disabled:opacity-60"><svg 
xmlns="http://www.w3.org/2000/svg" width="24" height="24" viewBox="0 0 24 24" fill="none" stroke="currentColor" 
stroke-width="2" stroke-linecap="round" stroke-linejoin="round" class="lucide lucide-shield-alert h-4 w-4" 
aria-hidden="true"><path d="M20 13c0 5-3.5 7.5-7.66 8.95a1 1 0 0 1-.67-.01C7.5 20.5 4 18 4 13V6a1 1 0 0 1 1-1c2 0 
4.5-1.2 6.24-2.72a1.17 1.17 0 0 1 1.52 0C14.51 3.81 17 5 19 5a1 1 0 0 1 1 1z"></path><path d="M12 8v4"></path><path 
d="M12 16h.01"></path></svg>Marcar visita fallida</button></div><fieldset disabled="" class="space-y-5"><section 
class="rounded-2xl border border-gray-200 bg-white p-5 shadow-sm"><div class="space-y-1"><h3 class="text-base 
font-semibold text-gray-900">Datos de visita</h3><p class="text-sm text-gray-500">Controla la modalidad, la fecha 
operativa del seguimiento y el tipo de apoyo observado.</p></div><div class="mt-4 space-y-4"><div class="grid gap-4 
md:grid-cols-3"><div class="space-y-1.5"><label for="modalidad" class="block text-sm font-medium 
text-gray-700">Modalidad</label><select id="modalidad" name="modalidad" class="w-full rounded-lg border px-3 py-2.5 
text-sm transition-colors focus:border-transparent focus:outline-none focus:ring-2 focus:ring-reca-400 border-gray-200 
bg-white"><option value="">Selecciona</option><option value="Presencial">Presencial</option><option 
value="Virtual">Virtual</option><option value="Mixta">Mixta</option><option value="No aplica">No 
aplica</option></select></div><div class="space-y-1.5"><label for="fecha_seguimiento" class="block text-sm font-medium 
text-gray-700">Fecha del seguimiento</label><input id="fecha_seguimiento" type="date" disabled="" readOnly="" 
class="w-full rounded-lg border px-3 py-2.5 text-sm transition-colors focus:border-transparent focus:outline-none 
focus:ring-2 focus:ring-reca-400 border-gray-200 bg-gray-50 text-gray-700" value="2026-04-21"/></div><div 
class="space-y-1.5"><label for="tipo_apoyo" class="block text-sm font-medium text-gray-700">Tipo de 
apoyo</label><select id="tipo_apoyo" name="tipo_apoyo" class="w-full rounded-lg border px-3 py-2.5 text-sm 
transition-colors focus:border-transparent focus:outline-none focus:ring-2 focus:ring-reca-400 border-gray-200 
bg-white"><option value="">Selecciona</option><option value="Requiere apoyo bajo.">Requiere apoyo 
bajo.</option><option value="Requiere apoyo medio.">Requiere apoyo medio.</option><option value="Requiere apoyo 
Alto.">Requiere apoyo Alto.</option><option value="No requiere apoyo.">No requiere 
apoyo.</option></select></div></div></div></section><section class="rounded-2xl border border-gray-200 bg-white p-5 
shadow-sm"><div class="space-y-1"><h3 class="text-base font-semibold text-gray-900">Bloque funcional del 
vinculado</h3><p class="text-sm text-gray-500">Registra observaciones del puesto y las evaluaciones del vinculado y de 
la empresa.</p></div><div class="mt-4 space-y-4"><div class="space-y-3"><div 
data-testid="seguimientos-followup-bulk-item_autoevaluacion" class="rounded-2xl border border-gray-200 bg-gray-50 
p-4"><div class="flex flex-col gap-3 lg:flex-row lg:items-center lg:justify-between"><p class="text-sm font-semibold 
text-gray-900">Autoevaluaci├│n</p><div class="flex flex-wrap gap-2"><button type="button" 
data-testid="seguimientos-followup-bulk-item_autoevaluacion-excelente" disabled="" class="rounded-lg border 
border-gray-200 bg-white px-3 py-2 text-xs font-semibold text-gray-700 transition-colors hover:bg-gray-100 
disabled:cursor-not-allowed disabled:opacity-60">Todo excelente</button><button type="button" 
data-testid="seguimientos-followup-bulk-item_autoevaluacion-bien" disabled="" class="rounded-lg border border-gray-200 
bg-white px-3 py-2 text-xs font-semibold text-gray-700 transition-colors hover:bg-gray-100 disabled:cursor-not-allowed 
disabled:opacity-60">Todo bien</button><button type="button" 
data-testid="seguimientos-followup-bulk-item_autoevaluacion-necesita-mejorar" disabled="" class="rounded-lg border 
border-gray-200 bg-white px-3 py-2 text-xs font-semibold text-gray-700 transition-colors hover:bg-gray-100 
disabled:cursor-not-allowed disabled:opacity-60">Todo necesita mejorar</button><button type="button" 
data-testid="seguimientos-followup-bulk-item_autoevaluacion-mal" disabled="" class="rounded-lg border border-gray-200 
bg-white px-3 py-2 text-xs font-semibold text-gray-700 transition-colors hover:bg-gray-100 disabled:cursor-not-allowed 
disabled:opacity-60">Todo mal</button><button type="button" 
data-testid="seguimientos-followup-bulk-item_autoevaluacion-no-aplica" disabled="" class="rounded-lg border 
border-gray-200 bg-white px-3 py-2 text-xs font-semibold text-gray-700 transition-colors hover:bg-gray-100 
disabled:cursor-not-allowed disabled:opacity-60">Todo no aplica</button></div></div></div><div 
data-testid="seguimientos-followup-bulk-item_eval_empresa" class="rounded-2xl border border-gray-200 bg-gray-50 
p-4"><div class="flex flex-col gap-3 lg:flex-row lg:items-center lg:justify-between"><p class="text-sm font-semibold 
text-gray-900">Evaluaci├│n empresa</p><div class="flex flex-wrap gap-2"><button type="button" 
data-testid="seguimientos-followup-bulk-item_eval_empresa-excelente" disabled="" class="rounded-lg border 
border-gray-200 bg-white px-3 py-2 text-xs font-semibold text-gray-700 transition-colors hover:bg-gray-100 
disabled:cursor-not-allowed disabled:opacity-60">Todo excelente</button><button type="button" 
data-testid="seguimientos-followup-bulk-item_eval_empresa-bien" disabled="" class="rounded-lg border border-gray-200 
bg-white px-3 py-2 text-xs font-semibold text-gray-700 transition-colors hover:bg-gray-100 disabled:cursor-not-allowed 
disabled:opacity-60">Todo bien</button><button type="button" 
data-testid="seguimientos-followup-bulk-item_eval_empresa-necesita-mejorar" disabled="" class="rounded-lg border 
border-gray-200 bg-white px-3 py-2 text-xs font-semibold text-gray-700 transition-colors hover:bg-gray-100 
disabled:cursor-not-allowed disabled:opacity-60">Todo necesita mejorar</button><button type="button" 
data-testid="seguimientos-followup-bulk-item_eval_empresa-mal" disabled="" class="rounded-lg border border-gray-200 
bg-white px-3 py-2 text-xs font-semibold text-gray-700 transition-colors hover:bg-gray-100 disabled:cursor-not-allowed 
disabled:opacity-60">Todo mal</button><button type="button" 
data-testid="seguimientos-followup-bulk-item_eval_empresa-no-aplica" disabled="" class="rounded-lg border 
border-gray-200 bg-white px-3 py-2 text-xs font-semibold text-gray-700 transition-colors hover:bg-gray-100 
disabled:cursor-not-allowed disabled:opacity-60">Todo no aplica</button></div></div></div><div class="rounded-2xl 
border border-gray-200 bg-gray-50 p-4"><p class="text-sm font-semibold text-gray-900">Item 1</p><div class="mt-3 
space-y-4"><div class="grid gap-4 lg:grid-cols-2"><div class="space-y-1.5"><label for="item_autoevaluacion.0" 
class="block text-sm font-medium text-gray-700">Autoevaluaci├│n</label><select id="item_autoevaluacion.0" 
name="item_autoevaluacion.0" class="w-full rounded-lg border px-3 py-2.5 text-sm transition-colors 
focus:border-transparent focus:outline-none focus:ring-2 focus:ring-reca-400 border-gray-200 bg-white"><option 
value="">Selecciona</option><option value="Excelente">Excelente</option><option value="Bien">Bien</option><option 
value="Necesita mejorar">Necesita mejorar</option><option value="Mal">Mal</option><option value="No aplica">No 
aplica</option></select></div><div class="space-y-1.5"><label for="item_eval_empresa.0" class="block text-sm 
font-medium text-gray-700">Evaluaci├│n empresa</label><select id="item_eval_empresa.0" name="item_eval_empresa.0" 
class="w-full rounded-lg border px-3 py-2.5 text-sm transition-colors focus:border-transparent focus:outline-none 
focus:ring-2 focus:ring-reca-400 border-gray-200 bg-white"><option value="">Selecciona</option><option 
value="Excelente">Excelente</option><option value="Bien">Bien</option><option value="Necesita mejorar">Necesita 
mejorar</option><option value="Mal">Mal</option><option value="No aplica">No aplica</option></select></div></div><div 
class="space-y-1.5"><label for="item_observaciones.0" class="block text-sm font-medium 
text-gray-700">Observaciones</label><div class="space-y-2"><textarea id="item_observaciones.0" 
data-testid="item_observaciones.0" rows="1" name="item_observaciones.0" class="w-full overflow-hidden rounded-xl 
border px-3.5 py-3 text-sm focus:border-transparent focus:outline-none focus:ring-2 focus:ring-reca-400 min-h-[6rem] 
border-gray-200"></textarea></div></div></div></div><div class="rounded-2xl border border-gray-200 bg-gray-50 p-4"><p 
class="text-sm font-semibold text-gray-900">Item 2</p><div class="mt-3 space-y-4"><div class="grid gap-4 
lg:grid-cols-2"><div class="space-y-1.5"><label for="item_autoevaluacion.1" class="block text-sm font-medium 
text-gray-700">Autoevaluaci├│n</label><select id="item_autoevaluacion.1" name="item_autoevaluacion.1" class="w-full 
rounded-lg border px-3 py-2.5 text-sm transition-colors focus:border-transparent focus:outline-none focus:ring-2 
focus:ring-reca-400 border-gray-200 bg-white"><option value="">Selecciona</option><option 
value="Excelente">Excelente</option><option value="Bien">Bien</option><option value="Necesita mejorar">Necesita 
mejorar</option><option value="Mal">Mal</option><option value="No aplica">No aplica</option></select></div><div 
class="space-y-1.5"><label for="item_eval_empresa.1" class="block text-sm font-medium text-gray-700">Evaluaci├│n 
empresa</label><select id="item_eval_empresa.1" name="item_eval_empresa.1" class="w-full rounded-lg border px-3 py-2.5 
text-sm transition-colors focus:border-transparent focus:outline-none focus:ring-2 focus:ring-reca-400 border-gray-200 
bg-white"><option value="">Selecciona</option><option value="Excelente">Excelente</option><option 
value="Bien">Bien</option><option value="Necesita mejorar">Necesita mejorar</option><option 
value="Mal">Mal</option><option value="No aplica">No aplica</option></select></div></div><div 
class="space-y-1.5"><label for="item_observaciones.1" class="block text-sm font-medium 
text-gray-700">Observaciones</label><div class="space-y-2"><textarea id="item_observaciones.1" 
data-testid="item_observaciones.1" rows="1" name="item_observaciones.1" class="w-full overflow-hidden rounded-xl 
border px-3.5 py-3 text-sm focus:border-transparent focus:outline-none focus:ring-2 focus:ring-reca-400 min-h-[6rem] 
border-gray-200"></textarea></div></div></div></div><div class="rounded-2xl border border-gray-200 bg-gray-50 p-4"><p 
class="text-sm font-semibold text-gray-900">Item 3</p><div class="mt-3 space-y-4"><div class="grid gap-4 
lg:grid-cols-2"><div class="space-y-1.5"><label for="item_autoevaluacion.2" class="block text-sm font-medium 
text-gray-700">Autoevaluaci├│n</label><select id="item_autoevaluacion.2" name="item_autoevaluacion.2" class="w-full 
rounded-lg border px-3 py-2.5 text-sm transition-colors focus:border-transparent focus:outline-none focus:ring-2 
focus:ring-reca-400 border-gray-200 bg-white"><option value="">Selecciona</option><option 
value="Excelente">Excelente</option><option value="Bien">Bien</option><option value="Necesita mejorar">Necesita 
mejorar</option><option value="Mal">Mal</option><option value="No aplica">No aplica</option></select></div><div 
class="space-y-1.5"><label for="item_eval_empresa.2" class="block text-sm font-medium text-gray-700">Evaluaci├│n 
empresa</label><select id="item_eval_empresa.2" name="item_eval_empresa.2" class="w-full rounded-lg border px-3 py-2.5 
text-sm transition-colors focus:border-transparent focus:outline-none focus:ring-2 focus:ring-reca-400 border-gray-200 
bg-white"><option value="">Selecciona</option><option value="Excelente">Excelente</option><option 
value="Bien">Bien</option><option value="Necesita mejorar">Necesita mejorar</option><option 
value="Mal">Mal</option><option value="No aplica">No aplica</option></select></div></div><div 
class="space-y-1.5"><label for="item_observaciones.2" class="block text-sm font-medium 
text-gray-700">Observaciones</label><div class="space-y-2"><textarea id="item_observaciones.2" 
data-testid="item_observaciones.2" rows="1" name="item_observaciones.2" class="w-full overflow-hidden rounded-xl 
border px-3.5 py-3 text-sm focus:border-transparent focus:outline-none focus:ring-2 focus:ring-reca-400 min-h-[6rem] 
border-gray-200"></textarea></div></div></div></div><div class="rounded-2xl border border-gray-200 bg-gray-50 p-4"><p 
class="text-sm font-semibold text-gray-900">Item 4</p><div class="mt-3 space-y-4"><div class="grid gap-4 
lg:grid-cols-2"><div class="space-y-1.5"><label for="item_autoevaluacion.3" class="block text-sm font-medium 
text-gray-700">Autoevaluaci├│n</label><select id="item_autoevaluacion.3" name="item_autoevaluacion.3" class="w-full 
rounded-lg border px-3 py-2.5 text-sm transition-colors focus:border-transparent focus:outline-none focus:ring-2 
focus:ring-reca-400 border-gray-200 bg-white"><option value="">Selecciona</option><option 
value="Excelente">Excelente</option><option value="Bien">Bien</option><option value="Necesita mejorar">Necesita 
mejorar</option><option value="Mal">Mal</option><option value="No aplica">No aplica</option></select></div><div 
class="space-y-1.5"><label for="item_eval_empresa.3" class="block text-sm font-medium text-gray-700">Evaluaci├│n 
empresa</label><select id="item_eval_empresa.3" name="item_eval_empresa.3" class="w-full rounded-lg border px-3 py-2.5 
text-sm transition-colors focus:border-transparent focus:outline-none focus:ring-2 focus:ring-reca-400 border-gray-200 
bg-white"><option value="">Selecciona</option><option value="Excelente">Excelente</option><option 
value="Bien">Bien</option><option value="Necesita mejorar">Necesita mejorar</option><option 
value="Mal">Mal</option><option value="No aplica">No aplica</option></select></div></div><div 
class="space-y-1.5"><label for="item_observaciones.3" class="block text-sm font-medium 
text-gray-700">Observaciones</label><div class="space-y-2"><textarea id="item_observaciones.3" 
data-testid="item_observaciones.3" rows="1" name="item_observaciones.3" class="w-full overflow-hidden rounded-xl 
border px-3.5 py-3 text-sm focus:border-transparent focus:outline-none focus:ring-2 focus:ring-reca-400 min-h-[6rem] 
border-gray-200"></textarea></div></div></div></div><div class="rounded-2xl border border-gray-200 bg-gray-50 p-4"><p 
class="text-sm font-semibold text-gray-900">Item 5</p><div class="mt-3 space-y-4"><div class="grid gap-4 
lg:grid-cols-2"><div class="space-y-1.5"><label for="item_autoevaluacion.4" class="block text-sm font-medium 
text-gray-700">Autoevaluaci├│n</label><select id="item_autoevaluacion.4" name="item_autoevaluacion.4" class="w-full 
rounded-lg border px-3 py-2.5 text-sm transition-colors focus:border-transparent focus:outline-none focus:ring-2 
focus:ring-reca-400 border-gray-200 bg-white"><option value="">Selecciona</option><option 
value="Excelente">Excelente</option><option value="Bien">Bien</option><option value="Necesita mejorar">Necesita 
mejorar</option><option value="Mal">Mal</option><option value="No aplica">No aplica</option></select></div><div 
class="space-y-1.5"><label for="item_eval_empresa.4" class="block text-sm font-medium text-gray-700">Evaluaci├│n 
empresa</label><select id="item_eval_empresa.4" name="item_eval_empresa.4" class="w-full rounded-lg border px-3 py-2.5 
text-sm transition-colors focus:border-transparent focus:outline-none focus:ring-2 focus:ring-reca-400 border-gray-200 
bg-white"><option value="">Selecciona</option><option value="Excelente">Excelente</option><option 
value="Bien">Bien</option><option value="Necesita mejorar">Necesita mejorar</option><option 
value="Mal">Mal</option><option value="No aplica">No aplica</option></select></div></div><div 
class="space-y-1.5"><label for="item_observaciones.4" class="block text-sm font-medium 
text-gray-700">Observaciones</label><div class="space-y-2"><textarea id="item_observaciones.4" 
data-testid="item_observaciones.4" rows="1" name="item_observaciones.4" class="w-full overflow-hidden rounded-xl 
border px-3.5 py-3 text-sm focus:border-transparent focus:outline-none focus:ring-2 focus:ring-reca-400 min-h-[6rem] 
border-gray-200"></textarea></div></div></div></div><div class="rounded-2xl border border-gray-200 bg-gray-50 p-4"><p 
class="text-sm font-semibold text-gray-900">Item 6</p><div class="mt-3 space-y-4"><div class="grid gap-4 
lg:grid-cols-2"><div class="space-y-1.5"><label for="item_autoevaluacion.5" class="block text-sm font-medium 
text-gray-700">Autoevaluaci├│n</label><select id="item_autoevaluacion.5" name="item_autoevaluacion.5" class="w-full 
rounded-lg border px-3 py-2.5 text-sm transition-colors focus:border-transparent focus:outline-none focus:ring-2 
focus:ring-reca-400 border-gray-200 bg-white"><option value="">Selecciona</option><option 
value="Excelente">Excelente</option><option value="Bien">Bien</option><option value="Necesita mejorar">Necesita 
mejorar</option><option value="Mal">Mal</option><option value="No aplica">No aplica</option></select></div><div 
class="space-y-1.5"><label for="item_eval_empresa.5" class="block text-sm font-medium text-gray-700">Evaluaci├│n 
empresa</label><select id="item_eval_empresa.5" name="item_eval_empresa.5" class="w-full rounded-lg border px-3 py-2.5 
text-sm transition-colors focus:border-transparent focus:outline-none focus:ring-2 focus:ring-reca-400 border-gray-200 
bg-white"><option value="">Selecciona</option><option value="Excelente">Excelente</option><option 
value="Bien">Bien</option><option value="Necesita mejorar">Necesita mejorar</option><option 
value="Mal">Mal</option><option value="No aplica">No aplica</option></select></div></div><div 
class="space-y-1.5"><label for="item_observaciones.5" class="block text-sm font-medium 
text-gray-700">Observaciones</label><div class="space-y-2"><textarea id="item_observaciones.5" 
data-testid="item_observaciones.5" rows="1" name="item_observaciones.5" class="w-full overflow-hidden rounded-xl 
border px-3.5 py-3 text-sm focus:border-transparent focus:outline-none focus:ring-2 focus:ring-reca-400 min-h-[6rem] 
border-gray-200"></textarea></div></div></div></div><div class="rounded-2xl border border-gray-200 bg-gray-50 p-4"><p 
class="text-sm font-semibold text-gray-900">Item 7</p><div class="mt-3 space-y-4"><div class="grid gap-4 
lg:grid-cols-2"><div class="space-y-1.5"><label for="item_autoevaluacion.6" class="block text-sm font-medium 
text-gray-700">Autoevaluaci├│n</label><select id="item_autoevaluacion.6" name="item_autoevaluacion.6" class="w-full 
rounded-lg border px-3 py-2.5 text-sm transition-colors focus:border-transparent focus:outline-none focus:ring-2 
focus:ring-reca-400 border-gray-200 bg-white"><option value="">Selecciona</option><option 
value="Excelente">Excelente</option><option value="Bien">Bien</option><option value="Necesita mejorar">Necesita 
mejorar</option><option value="Mal">Mal</option><option value="No aplica">No aplica</option></select></div><div 
class="space-y-1.5"><label for="item_eval_empresa.6" class="block text-sm font-medium text-gray-700">Evaluaci├│n 
empresa</label><select id="item_eval_empresa.6" name="item_eval_empresa.6" class="w-full rounded-lg border px-3 py-2.5 
text-sm transition-colors focus:border-transparent focus:outline-none focus:ring-2 focus:ring-reca-400 border-gray-200 
bg-white"><option value="">Selecciona</option><option value="Excelente">Excelente</option><option 
value="Bien">Bien</option><option value="Necesita mejorar">Necesita mejorar</option><option 
value="Mal">Mal</option><option value="No aplica">No aplica</option></select></div></div><div 
class="space-y-1.5"><label for="item_observaciones.6" class="block text-sm font-medium 
text-gray-700">Observaciones</label><div class="space-y-2"><textarea id="item_observaciones.6" 
data-testid="item_observaciones.6" rows="1" name="item_observaciones.6" class="w-full overflow-hidden rounded-xl 
border px-3.5 py-3 text-sm focus:border-transparent focus:outline-none focus:ring-2 focus:ring-reca-400 min-h-[6rem] 
border-gray-200"></textarea></div></div></div></div><div class="rounded-2xl border border-gray-200 bg-gray-50 p-4"><p 
class="text-sm font-semibold text-gray-900">Item 8</p><div class="mt-3 space-y-4"><div class="grid gap-4 
lg:grid-cols-2"><div class="space-y-1.5"><label for="item_autoevaluacion.7" class="block text-sm font-medium 
text-gray-700">Autoevaluaci├│n</label><select id="item_autoevaluacion.7" name="item_autoevaluacion.7" class="w-full 
rounded-lg border px-3 py-2.5 text-sm transition-colors focus:border-transparent focus:outline-none focus:ring-2 
focus:ring-reca-400 border-gray-200 bg-white"><option value="">Selecciona</option><option 
value="Excelente">Excelente</option><option value="Bien">Bien</option><option value="Necesita mejorar">Necesita 
mejorar</option><option value="Mal">Mal</option><option value="No aplica">No aplica</option></select></div><div 
class="space-y-1.5"><label for="item_eval_empresa.7" class="block text-sm font-medium text-gray-700">Evaluaci├│n 
empresa</label><select id="item_eval_empresa.7" name="item_eval_empresa.7" class="w-full rounded-lg border px-3 py-2.5 
text-sm transition-colors focus:border-transparent focus:outline-none focus:ring-2 focus:ring-reca-400 border-gray-200 
bg-white"><option value="">Selecciona</option><option value="Excelente">Excelente</option><option 
value="Bien">Bien</option><option value="Necesita mejorar">Necesita mejorar</option><option 
value="Mal">Mal</option><option value="No aplica">No aplica</option></select></div></div><div 
class="space-y-1.5"><label for="item_observaciones.7" class="block text-sm font-medium 
text-gray-700">Observaciones</label><div class="space-y-2"><textarea id="item_observaciones.7" 
data-testid="item_observaciones.7" rows="1" name="item_observaciones.7" class="w-full overflow-hidden rounded-xl 
border px-3.5 py-3 text-sm focus:border-transparent focus:outline-none focus:ring-2 focus:ring-reca-400 min-h-[6rem] 
border-gray-200"></textarea></div></div></div></div><div class="rounded-2xl border border-gray-200 bg-gray-50 p-4"><p 
class="text-sm font-semibold text-gray-900">Item 9</p><div class="mt-3 space-y-4"><div class="grid gap-4 
lg:grid-cols-2"><div class="space-y-1.5"><label for="item_autoevaluacion.8" class="block text-sm font-medium 
text-gray-700">Autoevaluaci├│n</label><select id="item_autoevaluacion.8" name="item_autoevaluacion.8" class="w-full 
rounded-lg border px-3 py-2.5 text-sm transition-colors focus:border-transparent focus:outline-none focus:ring-2 
focus:ring-reca-400 border-gray-200 bg-white"><option value="">Selecciona</option><option 
value="Excelente">Excelente</option><option value="Bien">Bien</option><option value="Necesita mejorar">Necesita 
mejorar</option><option value="Mal">Mal</option><option value="No aplica">No aplica</option></select></div><div 
class="space-y-1.5"><label for="item_eval_empresa.8" class="block text-sm font-medium text-gray-700">Evaluaci├│n 
empresa</label><select id="item_eval_empresa.8" name="item_eval_empresa.8" class="w-full rounded-lg border px-3 py-2.5 
text-sm transition-colors focus:border-transparent focus:outline-none focus:ring-2 focus:ring-reca-400 border-gray-200 
bg-white"><option value="">Selecciona</option><option value="Excelente">Excelente</option><option 
value="Bien">Bien</option><option value="Necesita mejorar">Necesita mejorar</option><option 
value="Mal">Mal</option><option value="No aplica">No aplica</option></select></div></div><div 
class="space-y-1.5"><label for="item_observaciones.8" class="block text-sm font-medium 
text-gray-700">Observaciones</label><div class="space-y-2"><textarea id="item_observaciones.8" 
data-testid="item_observaciones.8" rows="1" name="item_observaciones.8" class="w-full overflow-hidden rounded-xl 
border px-3.5 py-3 text-sm focus:border-transparent focus:outline-none focus:ring-2 focus:ring-reca-400 min-h-[6rem] 
border-gray-200"></textarea></div></div></div></div><div class="rounded-2xl border border-gray-200 bg-gray-50 p-4"><p 
class="text-sm font-semibold text-gray-900">Item 10</p><div class="mt-3 space-y-4"><div class="grid gap-4 
lg:grid-cols-2"><div class="space-y-1.5"><label for="item_autoevaluacion.9" class="block text-sm font-medium 
text-gray-700">Autoevaluaci├│n</label><select id="item_autoevaluacion.9" name="item_autoevaluacion.9" class="w-full 
rounded-lg border px-3 py-2.5 text-sm transition-colors focus:border-transparent focus:outline-none focus:ring-2 
focus:ring-reca-400 border-gray-200 bg-white"><option value="">Selecciona</option><option 
value="Excelente">Excelente</option><option value="Bien">Bien</option><option value="Necesita mejorar">Necesita 
mejorar</option><option value="Mal">Mal</option><option value="No aplica">No aplica</option></select></div><div 
class="space-y-1.5"><label for="item_eval_empresa.9" class="block text-sm font-medium text-gray-700">Evaluaci├│n 
empresa</label><select id="item_eval_empresa.9" name="item_eval_empresa.9" class="w-full rounded-lg border px-3 py-2.5 
text-sm transition-colors focus:border-transparent focus:outline-none focus:ring-2 focus:ring-reca-400 border-gray-200 
bg-white"><option value="">Selecciona</option><option value="Excelente">Excelente</option><option 
value="Bien">Bien</option><option value="Necesita mejorar">Necesita mejorar</option><option 
value="Mal">Mal</option><option value="No aplica">No aplica</option></select></div></div><div 
class="space-y-1.5"><label for="item_observaciones.9" class="block text-sm font-medium 
text-gray-700">Observaciones</label><div class="space-y-2"><textarea id="item_observaciones.9" 
data-testid="item_observaciones.9" rows="1" name="item_observaciones.9" class="w-full overflow-hidden rounded-xl 
border px-3.5 py-3 text-sm focus:border-transparent focus:outline-none focus:ring-2 focus:ring-reca-400 min-h-[6rem] 
border-gray-200"></textarea></div></div></div></div><div class="rounded-2xl border border-gray-200 bg-gray-50 p-4"><p 
class="text-sm font-semibold text-gray-900">Item 11</p><div class="mt-3 space-y-4"><div class="grid gap-4 
lg:grid-cols-2"><div class="space-y-1.5"><label for="item_autoevaluacion.10" class="block text-sm font-medium 
text-gray-700">Autoevaluaci├│n</label><select id="item_autoevaluacion.10" name="item_autoevaluacion.10" class="w-full 
rounded-lg border px-3 py-2.5 text-sm transition-colors focus:border-transparent focus:outline-none focus:ring-2 
focus:ring-reca-400 border-gray-200 bg-white"><option value="">Selecciona</option><option 
value="Excelente">Excelente</option><option value="Bien">Bien</option><option value="Necesita mejorar">Necesita 
mejorar</option><option value="Mal">Mal</option><option value="No aplica">No aplica</option></select></div><div 
class="space-y-1.5"><label for="item_eval_empresa.10" class="block text-sm font-medium text-gray-700">Evaluaci├│n 
empresa</label><select id="item_eval_empresa.10" name="item_eval_empresa.10" class="w-full rounded-lg border px-3 
py-2.5 text-sm transition-colors focus:border-transparent focus:outline-none focus:ring-2 focus:ring-reca-400 
border-gray-200 bg-white"><option value="">Selecciona</option><option value="Excelente">Excelente</option><option 
value="Bien">Bien</option><option value="Necesita mejorar">Necesita mejorar</option><option 
value="Mal">Mal</option><option value="No aplica">No aplica</option></select></div></div><div 
class="space-y-1.5"><label for="item_observaciones.10" class="block text-sm font-medium 
text-gray-700">Observaciones</label><div class="space-y-2"><textarea id="item_observaciones.10" 
data-testid="item_observaciones.10" rows="1" name="item_observaciones.10" class="w-full overflow-hidden rounded-xl 
border px-3.5 py-3 text-sm focus:border-transparent focus:outline-none focus:ring-2 focus:ring-reca-400 min-h-[6rem] 
border-gray-200"></textarea></div></div></div></div><div class="rounded-2xl border border-gray-200 bg-gray-50 p-4"><p 
class="text-sm font-semibold text-gray-900">Item 12</p><div class="mt-3 space-y-4"><div class="grid gap-4 
lg:grid-cols-2"><div class="space-y-1.5"><label for="item_autoevaluacion.11" class="block text-sm font-medium 
text-gray-700">Autoevaluaci├│n</label><select id="item_autoevaluacion.11" name="item_autoevaluacion.11" class="w-full 
rounded-lg border px-3 py-2.5 text-sm transition-colors focus:border-transparent focus:outline-none focus:ring-2 
focus:ring-reca-400 border-gray-200 bg-white"><option value="">Selecciona</option><option 
value="Excelente">Excelente</option><option value="Bien">Bien</option><option value="Necesita mejorar">Necesita 
mejorar</option><option value="Mal">Mal</option><option value="No aplica">No aplica</option></select></div><div 
class="space-y-1.5"><label for="item_eval_empresa.11" class="block text-sm font-medium text-gray-700">Evaluaci├│n 
empresa</label><select id="item_eval_empresa.11" name="item_eval_empresa.11" class="w-full rounded-lg border px-3 
py-2.5 text-sm transition-colors focus:border-transparent focus:outline-none focus:ring-2 focus:ring-reca-400 
border-gray-200 bg-white"><option value="">Selecciona</option><option value="Excelente">Excelente</option><option 
value="Bien">Bien</option><option value="Necesita mejorar">Necesita mejorar</option><option 
value="Mal">Mal</option><option value="No aplica">No aplica</option></select></div></div><div 
class="space-y-1.5"><label for="item_observaciones.11" class="block text-sm font-medium 
text-gray-700">Observaciones</label><div class="space-y-2"><textarea id="item_observaciones.11" 
data-testid="item_observaciones.11" rows="1" name="item_observaciones.11" class="w-full overflow-hidden rounded-xl 
border px-3.5 py-3 text-sm focus:border-transparent focus:outline-none focus:ring-2 focus:ring-reca-400 min-h-[6rem] 
border-gray-200"></textarea></div></div></div></div><div class="rounded-2xl border border-gray-200 bg-gray-50 p-4"><p 
class="text-sm font-semibold text-gray-900">Item 13</p><div class="mt-3 space-y-4"><div class="grid gap-4 
lg:grid-cols-2"><div class="space-y-1.5"><label for="item_autoevaluacion.12" class="block text-sm font-medium 
text-gray-700">Autoevaluaci├│n</label><select id="item_autoevaluacion.12" name="item_autoevaluacion.12" class="w-full 
rounded-lg border px-3 py-2.5 text-sm transition-colors focus:border-transparent focus:outline-none focus:ring-2 
focus:ring-reca-400 border-gray-200 bg-white"><option value="">Selecciona</option><option 
value="Excelente">Excelente</option><option value="Bien">Bien</option><option value="Necesita mejorar">Necesita 
mejorar</option><option value="Mal">Mal</option><option value="No aplica">No aplica</option></select></div><div 
class="space-y-1.5"><label for="item_eval_empresa.12" class="block text-sm font-medium text-gray-700">Evaluaci├│n 
empresa</label><select id="item_eval_empresa.12" name="item_eval_empresa.12" class="w-full rounded-lg border px-3 
py-2.5 text-sm transition-colors focus:border-transparent focus:outline-none focus:ring-2 focus:ring-reca-400 
border-gray-200 bg-white"><option value="">Selecciona</option><option value="Excelente">Excelente</option><option 
value="Bien">Bien</option><option value="Necesita mejorar">Necesita mejorar</option><option 
value="Mal">Mal</option><option value="No aplica">No aplica</option></select></div></div><div 
class="space-y-1.5"><label for="item_observaciones.12" class="block text-sm font-medium 
text-gray-700">Observaciones</label><div class="space-y-2"><textarea id="item_observaciones.12" 
data-testid="item_observaciones.12" rows="1" name="item_observaciones.12" class="w-full overflow-hidden rounded-xl 
border px-3.5 py-3 text-sm focus:border-transparent focus:outline-none focus:ring-2 focus:ring-reca-400 min-h-[6rem] 
border-gray-200"></textarea></div></div></div></div><div class="rounded-2xl border border-gray-200 bg-gray-50 p-4"><p 
class="text-sm font-semibold text-gray-900">Item 14</p><div class="mt-3 space-y-4"><div class="grid gap-4 
lg:grid-cols-2"><div class="space-y-1.5"><label for="item_autoevaluacion.13" class="block text-sm font-medium 
text-gray-700">Autoevaluaci├│n</label><select id="item_autoevaluacion.13" name="item_autoevaluacion.13" class="w-full 
rounded-lg border px-3 py-2.5 text-sm transition-colors focus:border-transparent focus:outline-none focus:ring-2 
focus:ring-reca-400 border-gray-200 bg-white"><option value="">Selecciona</option><option 
value="Excelente">Excelente</option><option value="Bien">Bien</option><option value="Necesita mejorar">Necesita 
mejorar</option><option value="Mal">Mal</option><option value="No aplica">No aplica</option></select></div><div 
class="space-y-1.5"><label for="item_eval_empresa.13" class="block text-sm font-medium text-gray-700">Evaluaci├│n 
empresa</label><select id="item_eval_empresa.13" name="item_eval_empresa.13" class="w-full rounded-lg border px-3 
py-2.5 text-sm transition-colors focus:border-transparent focus:outline-none focus:ring-2 focus:ring-reca-400 
border-gray-200 bg-white"><option value="">Selecciona</option><option value="Excelente">Excelente</option><option 
value="Bien">Bien</option><option value="Necesita mejorar">Necesita mejorar</option><option 
value="Mal">Mal</option><option value="No aplica">No aplica</option></select></div></div><div 
class="space-y-1.5"><label for="item_observaciones.13" class="block text-sm font-medium 
text-gray-700">Observaciones</label><div class="space-y-2"><textarea id="item_observaciones.13" 
data-testid="item_observaciones.13" rows="1" name="item_observaciones.13" class="w-full overflow-hidden rounded-xl 
border px-3.5 py-3 text-sm focus:border-transparent focus:outline-none focus:ring-2 focus:ring-reca-400 min-h-[6rem] 
border-gray-200"></textarea></div></div></div></div><div class="rounded-2xl border border-gray-200 bg-gray-50 p-4"><p 
class="text-sm font-semibold text-gray-900">Item 15</p><div class="mt-3 space-y-4"><div class="grid gap-4 
lg:grid-cols-2"><div class="space-y-1.5"><label for="item_autoevaluacion.14" class="block text-sm font-medium 
text-gray-700">Autoevaluaci├│n</label><select id="item_autoevaluacion.14" name="item_autoevaluacion.14" class="w-full 
rounded-lg border px-3 py-2.5 text-sm transition-colors focus:border-transparent focus:outline-none focus:ring-2 
focus:ring-reca-400 border-gray-200 bg-white"><option value="">Selecciona</option><option 
value="Excelente">Excelente</option><option value="Bien">Bien</option><option value="Necesita mejorar">Necesita 
mejorar</option><option value="Mal">Mal</option><option value="No aplica">No aplica</option></select></div><div 
class="space-y-1.5"><label for="item_eval_empresa.14" class="block text-sm font-medium text-gray-700">Evaluaci├│n 
empresa</label><select id="item_eval_empresa.14" name="item_eval_empresa.14" class="w-full rounded-lg border px-3 
py-2.5 text-sm transition-colors focus:border-transparent focus:outline-none focus:ring-2 focus:ring-reca-400 
border-gray-200 bg-white"><option value="">Selecciona</option><option value="Excelente">Excelente</option><option 
value="Bien">Bien</option><option value="Necesita mejorar">Necesita mejorar</option><option 
value="Mal">Mal</option><option value="No aplica">No aplica</option></select></div></div><div 
class="space-y-1.5"><label for="item_observaciones.14" class="block text-sm font-medium 
text-gray-700">Observaciones</label><div class="space-y-2"><textarea id="item_observaciones.14" 
data-testid="item_observaciones.14" rows="1" name="item_observaciones.14" class="w-full overflow-hidden rounded-xl 
border px-3.5 py-3 text-sm focus:border-transparent focus:outline-none focus:ring-2 focus:ring-reca-400 min-h-[6rem] 
border-gray-200"></textarea></div></div></div></div><div class="rounded-2xl border border-gray-200 bg-gray-50 p-4"><p 
class="text-sm font-semibold text-gray-900">Item 16</p><div class="mt-3 space-y-4"><div class="grid gap-4 
lg:grid-cols-2"><div class="space-y-1.5"><label for="item_autoevaluacion.15" class="block text-sm font-medium 
text-gray-700">Autoevaluaci├│n</label><select id="item_autoevaluacion.15" name="item_autoevaluacion.15" class="w-full 
rounded-lg border px-3 py-2.5 text-sm transition-colors focus:border-transparent focus:outline-none focus:ring-2 
focus:ring-reca-400 border-gray-200 bg-white"><option value="">Selecciona</option><option 
value="Excelente">Excelente</option><option value="Bien">Bien</option><option value="Necesita mejorar">Necesita 
mejorar</option><option value="Mal">Mal</option><option value="No aplica">No aplica</option></select></div><div 
class="space-y-1.5"><label for="item_eval_empresa.15" class="block text-sm font-medium text-gray-700">Evaluaci├│n 
empresa</label><select id="item_eval_empresa.15" name="item_eval_empresa.15" class="w-full rounded-lg border px-3 
py-2.5 text-sm transition-colors focus:border-transparent focus:outline-none focus:ring-2 focus:ring-reca-400 
border-gray-200 bg-white"><option value="">Selecciona</option><option value="Excelente">Excelente</option><option 
value="Bien">Bien</option><option value="Necesita mejorar">Necesita mejorar</option><option 
value="Mal">Mal</option><option value="No aplica">No aplica</option></select></div></div><div 
class="space-y-1.5"><label for="item_observaciones.15" class="block text-sm font-medium 
text-gray-700">Observaciones</label><div class="space-y-2"><textarea id="item_observaciones.15" 
data-testid="item_observaciones.15" rows="1" name="item_observaciones.15" class="w-full overflow-hidden rounded-xl 
border px-3.5 py-3 text-sm focus:border-transparent focus:outline-none focus:ring-2 focus:ring-reca-400 min-h-[6rem] 
border-gray-200"></textarea></div></div></div></div><div class="rounded-2xl border border-gray-200 bg-gray-50 p-4"><p 
class="text-sm font-semibold text-gray-900">Item 17</p><div class="mt-3 space-y-4"><div class="grid gap-4 
lg:grid-cols-2"><div class="space-y-1.5"><label for="item_autoevaluacion.16" class="block text-sm font-medium 
text-gray-700">Autoevaluaci├│n</label><select id="item_autoevaluacion.16" name="item_autoevaluacion.16" class="w-full 
rounded-lg border px-3 py-2.5 text-sm transition-colors focus:border-transparent focus:outline-none focus:ring-2 
focus:ring-reca-400 border-gray-200 bg-white"><option value="">Selecciona</option><option 
value="Excelente">Excelente</option><option value="Bien">Bien</option><option value="Necesita mejorar">Necesita 
mejorar</option><option value="Mal">Mal</option><option value="No aplica">No aplica</option></select></div><div 
class="space-y-1.5"><label for="item_eval_empresa.16" class="block text-sm font-medium text-gray-700">Evaluaci├│n 
empresa</label><select id="item_eval_empresa.16" name="item_eval_empresa.16" class="w-full rounded-lg border px-3 
py-2.5 text-sm transition-colors focus:border-transparent focus:outline-none focus:ring-2 focus:ring-reca-400 
border-gray-200 bg-white"><option value="">Selecciona</option><option value="Excelente">Excelente</option><option 
value="Bien">Bien</option><option value="Necesita mejorar">Necesita mejorar</option><option 
value="Mal">Mal</option><option value="No aplica">No aplica</option></select></div></div><div 
class="space-y-1.5"><label for="item_observaciones.16" class="block text-sm font-medium 
text-gray-700">Observaciones</label><div class="space-y-2"><textarea id="item_observaciones.16" 
data-testid="item_observaciones.16" rows="1" name="item_observaciones.16" class="w-full overflow-hidden rounded-xl 
border px-3.5 py-3 text-sm focus:border-transparent focus:outline-none focus:ring-2 focus:ring-reca-400 min-h-[6rem] 
border-gray-200"></textarea></div></div></div></div><div class="rounded-2xl border border-gray-200 bg-gray-50 p-4"><p 
class="text-sm font-semibold text-gray-900">Item 18</p><div class="mt-3 space-y-4"><div class="grid gap-4 
lg:grid-cols-2"><div class="space-y-1.5"><label for="item_autoevaluacion.17" class="block text-sm font-medium 
text-gray-700">Autoevaluaci├│n</label><select id="item_autoevaluacion.17" name="item_autoevaluacion.17" class="w-full 
rounded-lg border px-3 py-2.5 text-sm transition-colors focus:border-transparent focus:outline-none focus:ring-2 
focus:ring-reca-400 border-gray-200 bg-white"><option value="">Selecciona</option><option 
value="Excelente">Excelente</option><option value="Bien">Bien</option><option value="Necesita mejorar">Necesita 
mejorar</option><option value="Mal">Mal</option><option value="No aplica">No aplica</option></select></div><div 
class="space-y-1.5"><label for="item_eval_empresa.17" class="block text-sm font-medium text-gray-700">Evaluaci├│n 
empresa</label><select id="item_eval_empresa.17" name="item_eval_empresa.17" class="w-full rounded-lg border px-3 
py-2.5 text-sm transition-colors focus:border-transparent focus:outline-none focus:ring-2 focus:ring-reca-400 
border-gray-200 bg-white"><option value="">Selecciona</option><option value="Excelente">Excelente</option><option 
value="Bien">Bien</option><option value="Necesita mejorar">Necesita mejorar</option><option 
value="Mal">Mal</option><option value="No aplica">No aplica</option></select></div></div><div 
class="space-y-1.5"><label for="item_observaciones.17" class="block text-sm font-medium 
text-gray-700">Observaciones</label><div class="space-y-2"><textarea id="item_observaciones.17" 
data-testid="item_observaciones.17" rows="1" name="item_observaciones.17" class="w-full overflow-hidden rounded-xl 
border px-3.5 py-3 text-sm focus:border-transparent focus:outline-none focus:ring-2 focus:ring-reca-400 min-h-[6rem] 
border-gray-200"></textarea></div></div></div></div><div class="rounded-2xl border border-gray-200 bg-gray-50 p-4"><p 
class="text-sm font-semibold text-gray-900">Item 19</p><div class="mt-3 space-y-4"><div class="grid gap-4 
lg:grid-cols-2"><div class="space-y-1.5"><label for="item_autoevaluacion.18" class="block text-sm font-medium 
text-gray-700">Autoevaluaci├│n</label><select id="item_autoevaluacion.18" name="item_autoevaluacion.18" class="w-full 
rounded-lg border px-3 py-2.5 text-sm transition-colors focus:border-transparent focus:outline-none focus:ring-2 
focus:ring-reca-400 border-gray-200 bg-white"><option value="">Selecciona</option><option 
value="Excelente">Excelente</option><option value="Bien">Bien</option><option value="Necesita mejorar">Necesita 
mejorar</option><option value="Mal">Mal</option><option value="No aplica">No aplica</option></select></div><div 
class="space-y-1.5"><label for="item_eval_empresa.18" class="block text-sm font-medium text-gray-700">Evaluaci├│n 
empresa</label><select id="item_eval_empresa.18" name="item_eval_empresa.18" class="w-full rounded-lg border px-3 
py-2.5 text-sm transition-colors focus:border-transparent focus:outline-none focus:ring-2 focus:ring-reca-400 
border-gray-200 bg-white"><option value="">Selecciona</option><option value="Excelente">Excelente</option><option 
value="Bien">Bien</option><option value="Necesita mejorar">Necesita mejorar</option><option 
value="Mal">Mal</option><option value="No aplica">No aplica</option></select></div></div><div 
class="space-y-1.5"><label for="item_observaciones.18" class="block text-sm font-medium 
text-gray-700">Observaciones</label><div class="space-y-2"><textarea id="item_observaciones.18" 
data-testid="item_observaciones.18" rows="1" name="item_observaciones.18" class="w-full overflow-hidden rounded-xl 
border px-3.5 py-3 text-sm focus:border-transparent focus:outline-none focus:ring-2 focus:ring-reca-400 min-h-[6rem] 
border-gray-200"></textarea></div></div></div></div></div></div></section><section class="rounded-2xl border 
border-gray-200 bg-white p-5 shadow-sm"><div class="space-y-1"><h3 class="text-base font-semibold 
text-gray-900">Bloque empresa</h3><p class="text-sm text-gray-500">Consolida la percepci├│n de la empresa para cada 
punto del seguimiento.</p></div><div class="mt-4 space-y-4"><div class="space-y-3"><div 
data-testid="seguimientos-followup-bulk-empresa_eval" class="rounded-2xl border border-gray-200 bg-gray-50 p-4"><div 
class="flex flex-col gap-3 lg:flex-row lg:items-center lg:justify-between"><p class="text-sm font-semibold 
text-gray-900">Evaluaci├│n empresarial</p><div class="flex flex-wrap gap-2"><button type="button" 
data-testid="seguimientos-followup-bulk-empresa_eval-excelente" disabled="" class="rounded-lg border border-gray-200 
bg-white px-3 py-2 text-xs font-semibold text-gray-700 transition-colors hover:bg-gray-100 disabled:cursor-not-allowed 
disabled:opacity-60">Todo excelente</button><button type="button" 
data-testid="seguimientos-followup-bulk-empresa_eval-bien" disabled="" class="rounded-lg border border-gray-200 
bg-white px-3 py-2 text-xs font-semibold text-gray-700 transition-colors hover:bg-gray-100 disabled:cursor-not-allowed 
disabled:opacity-60">Todo bien</button><button type="button" 
data-testid="seguimientos-followup-bulk-empresa_eval-necesita-mejorar" disabled="" class="rounded-lg border 
border-gray-200 bg-white px-3 py-2 text-xs font-semibold text-gray-700 transition-colors hover:bg-gray-100 
disabled:cursor-not-allowed disabled:opacity-60">Todo necesita mejorar</button><button type="button" 
data-testid="seguimientos-followup-bulk-empresa_eval-mal" disabled="" class="rounded-lg border border-gray-200 
bg-white px-3 py-2 text-xs font-semibold text-gray-700 transition-colors hover:bg-gray-100 disabled:cursor-not-allowed 
disabled:opacity-60">Todo mal</button><button type="button" 
data-testid="seguimientos-followup-bulk-empresa_eval-no-aplica" disabled="" class="rounded-lg border border-gray-200 
bg-white px-3 py-2 text-xs font-semibold text-gray-700 transition-colors hover:bg-gray-100 disabled:cursor-not-allowed 
disabled:opacity-60">Todo no aplica</button></div></div></div><div class="rounded-2xl border border-gray-200 
bg-gray-50 p-4"><p class="text-sm font-semibold text-gray-900"></p><div class="mt-3 grid gap-4 
lg:grid-cols-[220px_minmax(0,1fr)]"><div class="space-y-1.5"><label for="empresa_eval.0" class="block text-sm 
font-medium text-gray-700">Evaluacion empresa</label><select id="empresa_eval.0" name="empresa_eval.0" class="w-full 
rounded-lg border px-3 py-2.5 text-sm transition-colors focus:border-transparent focus:outline-none focus:ring-2 
focus:ring-reca-400 border-gray-200 bg-white"><option value="">Selecciona</option><option 
value="Excelente">Excelente</option><option value="Bien">Bien</option><option value="Necesita mejorar">Necesita 
mejorar</option><option value="Mal">Mal</option><option value="No aplica">No aplica</option></select></div><div 
class="space-y-1.5"><label for="empresa_observacion.0" class="block text-sm font-medium text-gray-700">Observacion 
empresa</label><div class="space-y-2"><textarea id="empresa_observacion.0" data-testid="empresa_observacion.0" 
rows="1" name="empresa_observacion.0" class="w-full overflow-hidden rounded-xl border px-3.5 py-3 text-sm 
focus:border-transparent focus:outline-none focus:ring-2 focus:ring-reca-400 min-h-[6rem] 
border-gray-200"></textarea></div></div></div></div><div class="rounded-2xl border border-gray-200 bg-gray-50 p-4"><p 
class="text-sm font-semibold text-gray-900"></p><div class="mt-3 grid gap-4 lg:grid-cols-[220px_minmax(0,1fr)]"><div 
class="space-y-1.5"><label for="empresa_eval.1" class="block text-sm font-medium text-gray-700">Evaluacion 
empresa</label><select id="empresa_eval.1" name="empresa_eval.1" class="w-full rounded-lg border px-3 py-2.5 text-sm 
transition-colors focus:border-transparent focus:outline-none focus:ring-2 focus:ring-reca-400 border-gray-200 
bg-white"><option value="">Selecciona</option><option value="Excelente">Excelente</option><option 
value="Bien">Bien</option><option value="Necesita mejorar">Necesita mejorar</option><option 
value="Mal">Mal</option><option value="No aplica">No aplica</option></select></div><div class="space-y-1.5"><label 
for="empresa_observacion.1" class="block text-sm font-medium text-gray-700">Observacion empresa</label><div 
class="space-y-2"><textarea id="empresa_observacion.1" data-testid="empresa_observacion.1" rows="1" 
name="empresa_observacion.1" class="w-full overflow-hidden rounded-xl border px-3.5 py-3 text-sm 
focus:border-transparent focus:outline-none focus:ring-2 focus:ring-reca-400 min-h-[6rem] 
border-gray-200"></textarea></div></div></div></div><div class="rounded-2xl border border-gray-200 bg-gray-50 p-4"><p 
class="text-sm font-semibold text-gray-900"></p><div class="mt-3 grid gap-4 lg:grid-cols-[220px_minmax(0,1fr)]"><div 
class="space-y-1.5"><label for="empresa_eval.2" class="block text-sm font-medium text-gray-700">Evaluacion 
empresa</label><select id="empresa_eval.2" name="empresa_eval.2" class="w-full rounded-lg border px-3 py-2.5 text-sm 
transition-colors focus:border-transparent focus:outline-none focus:ring-2 focus:ring-reca-400 border-gray-200 
bg-white"><option value="">Selecciona</option><option value="Excelente">Excelente</option><option 
value="Bien">Bien</option><option value="Necesita mejorar">Necesita mejorar</option><option 
value="Mal">Mal</option><option value="No aplica">No aplica</option></select></div><div class="space-y-1.5"><label 
for="empresa_observacion.2" class="block text-sm font-medium text-gray-700">Observacion empresa</label><div 
class="space-y-2"><textarea id="empresa_observacion.2" data-testid="empresa_observacion.2" rows="1" 
name="empresa_observacion.2" class="w-full overflow-hidden rounded-xl border px-3.5 py-3 text-sm 
focus:border-transparent focus:outline-none focus:ring-2 focus:ring-reca-400 min-h-[6rem] 
border-gray-200"></textarea></div></div></div></div><div class="rounded-2xl border border-gray-200 bg-gray-50 p-4"><p 
class="text-sm font-semibold text-gray-900"></p><div class="mt-3 grid gap-4 lg:grid-cols-[220px_minmax(0,1fr)]"><div 
class="space-y-1.5"><label for="empresa_eval.3" class="block text-sm font-medium text-gray-700">Evaluacion 
empresa</label><select id="empresa_eval.3" name="empresa_eval.3" class="w-full rounded-lg border px-3 py-2.5 text-sm 
transition-colors focus:border-transparent focus:outline-none focus:ring-2 focus:ring-reca-400 border-gray-200 
bg-white"><option value="">Selecciona</option><option value="Excelente">Excelente</option><option 
value="Bien">Bien</option><option value="Necesita mejorar">Necesita mejorar</option><option 
value="Mal">Mal</option><option value="No aplica">No aplica</option></select></div><div class="space-y-1.5"><label 
for="empresa_observacion.3" class="block text-sm font-medium text-gray-700">Observacion empresa</label><div 
class="space-y-2"><textarea id="empresa_observacion.3" data-testid="empresa_observacion.3" rows="1" 
name="empresa_observacion.3" class="w-full overflow-hidden rounded-xl border px-3.5 py-3 text-sm 
focus:border-transparent focus:outline-none focus:ring-2 focus:ring-reca-400 min-h-[6rem] 
border-gray-200"></textarea></div></div></div></div><div class="rounded-2xl border border-gray-200 bg-gray-50 p-4"><p 
class="text-sm font-semibold text-gray-900"></p><div class="mt-3 grid gap-4 lg:grid-cols-[220px_minmax(0,1fr)]"><div 
class="space-y-1.5"><label for="empresa_eval.4" class="block text-sm font-medium text-gray-700">Evaluacion 
empresa</label><select id="empresa_eval.4" name="empresa_eval.4" class="w-full rounded-lg border px-3 py-2.5 text-sm 
transition-colors focus:border-transparent focus:outline-none focus:ring-2 focus:ring-reca-400 border-gray-200 
bg-white"><option value="">Selecciona</option><option value="Excelente">Excelente</option><option 
value="Bien">Bien</option><option value="Necesita mejorar">Necesita mejorar</option><option 
value="Mal">Mal</option><option value="No aplica">No aplica</option></select></div><div class="space-y-1.5"><label 
for="empresa_observacion.4" class="block text-sm font-medium text-gray-700">Observacion empresa</label><div 
class="space-y-2"><textarea id="empresa_observacion.4" data-testid="empresa_observacion.4" rows="1" 
name="empresa_observacion.4" class="w-full overflow-hidden rounded-xl border px-3.5 py-3 text-sm 
focus:border-transparent focus:outline-none focus:ring-2 focus:ring-reca-400 min-h-[6rem] 
border-gray-200"></textarea></div></div></div></div><div class="rounded-2xl border border-gray-200 bg-gray-50 p-4"><p 
class="text-sm font-semibold text-gray-900"></p><div class="mt-3 grid gap-4 lg:grid-cols-[220px_minmax(0,1fr)]"><div 
class="space-y-1.5"><label for="empresa_eval.5" class="block text-sm font-medium text-gray-700">Evaluacion 
empresa</label><select id="empresa_eval.5" name="empresa_eval.5" class="w-full rounded-lg border px-3 py-2.5 text-sm 
transition-colors focus:border-transparent focus:outline-none focus:ring-2 focus:ring-reca-400 border-gray-200 
bg-white"><option value="">Selecciona</option><option value="Excelente">Excelente</option><option 
value="Bien">Bien</option><option value="Necesita mejorar">Necesita mejorar</option><option 
value="Mal">Mal</option><option value="No aplica">No aplica</option></select></div><div class="space-y-1.5"><label 
for="empresa_observacion.5" class="block text-sm font-medium text-gray-700">Observacion empresa</label><div 
class="space-y-2"><textarea id="empresa_observacion.5" data-testid="empresa_observacion.5" rows="1" 
name="empresa_observacion.5" class="w-full overflow-hidden rounded-xl border px-3.5 py-3 text-sm 
focus:border-transparent focus:outline-none focus:ring-2 focus:ring-reca-400 min-h-[6rem] 
border-gray-200"></textarea></div></div></div></div><div class="rounded-2xl border border-gray-200 bg-gray-50 p-4"><p 
class="text-sm font-semibold text-gray-900"></p><div class="mt-3 grid gap-4 lg:grid-cols-[220px_minmax(0,1fr)]"><div 
class="space-y-1.5"><label for="empresa_eval.6" class="block text-sm font-medium text-gray-700">Evaluacion 
empresa</label><select id="empresa_eval.6" name="empresa_eval.6" class="w-full rounded-lg border px-3 py-2.5 text-sm 
transition-colors focus:border-transparent focus:outline-none focus:ring-2 focus:ring-reca-400 border-gray-200 
bg-white"><option value="">Selecciona</option><option value="Excelente">Excelente</option><option 
value="Bien">Bien</option><option value="Necesita mejorar">Necesita mejorar</option><option 
value="Mal">Mal</option><option value="No aplica">No aplica</option></select></div><div class="space-y-1.5"><label 
for="empresa_observacion.6" class="block text-sm font-medium text-gray-700">Observacion empresa</label><div 
class="space-y-2"><textarea id="empresa_observacion.6" data-testid="empresa_observacion.6" rows="1" 
name="empresa_observacion.6" class="w-full overflow-hidden rounded-xl border px-3.5 py-3 text-sm 
focus:border-transparent focus:outline-none focus:ring-2 focus:ring-reca-400 min-h-[6rem] 
border-gray-200"></textarea></div></div></div></div><div class="rounded-2xl border border-gray-200 bg-gray-50 p-4"><p 
class="text-sm font-semibold text-gray-900"></p><div class="mt-3 grid gap-4 lg:grid-cols-[220px_minmax(0,1fr)]"><div 
class="space-y-1.5"><label for="empresa_eval.7" class="block text-sm font-medium text-gray-700">Evaluacion 
empresa</label><select id="empresa_eval.7" name="empresa_eval.7" class="w-full rounded-lg border px-3 py-2.5 text-sm 
transition-colors focus:border-transparent focus:outline-none focus:ring-2 focus:ring-reca-400 border-gray-200 
bg-white"><option value="">Selecciona</option><option value="Excelente">Excelente</option><option 
value="Bien">Bien</option><option value="Necesita mejorar">Necesita mejorar</option><option 
value="Mal">Mal</option><option value="No aplica">No aplica</option></select></div><div class="space-y-1.5"><label 
for="empresa_observacion.7" class="block text-sm font-medium text-gray-700">Observacion empresa</label><div 
class="space-y-2"><textarea id="empresa_observacion.7" data-testid="empresa_observacion.7" rows="1" 
name="empresa_observacion.7" class="w-full overflow-hidden rounded-xl border px-3.5 py-3 text-sm 
focus:border-transparent focus:outline-none focus:ring-2 focus:ring-reca-400 min-h-[6rem] 
border-gray-200"></textarea></div></div></div></div></div></div></section><section class="rounded-2xl border 
border-gray-200 bg-white p-5 shadow-sm"><div class="space-y-1"><h3 class="text-base font-semibold 
text-gray-900">Cierre</h3><p class="text-sm text-gray-500">Resume la situaci├│n encontrada y las estrategias o ajustes 
definidos para la continuidad del caso.</p></div><div class="mt-4 space-y-4"><div class="grid gap-4 
lg:grid-cols-2"><div class="space-y-1.5"><label for="situacion_encontrada" class="block text-sm font-medium 
text-gray-700">Situaci├│n encontrada</label><div class="space-y-2"><textarea id="situacion_encontrada" 
data-testid="situacion_encontrada" rows="1" name="situacion_encontrada" disabled="" readOnly="" class="w-full 
overflow-hidden rounded-xl border px-3.5 py-3 text-sm focus:border-transparent focus:outline-none focus:ring-2 
focus:ring-reca-400 min-h-[8rem] border-gray-200 bg-gray-50 text-gray-700 cursor-not-allowed"></textarea><div 
class="flex items-center justify-between gap-3"><div></div><div class="flex items-center gap-3"><span class="text-xs 
text-gray-400">2 caracteres</span></div></div></div></div><div class="space-y-1.5"><label for="estrategias_ajustes" 
class="block text-sm font-medium text-gray-700">Estrategias y ajustes</label><div class="space-y-2"><textarea 
id="estrategias_ajustes" data-testid="estrategias_ajustes" rows="1" name="estrategias_ajustes" disabled="" readOnly="" 
class="w-full overflow-hidden rounded-xl border px-3.5 py-3 text-sm focus:border-transparent focus:outline-none 
focus:ring-2 focus:ring-reca-400 min-h-[8rem] border-gray-200 bg-gray-50 text-gray-700 
cursor-not-allowed"></textarea><div class="flex items-center justify-between gap-3"><div></div><div class="flex 
items-center gap-3"><span class="text-xs text-gray-400">2 
caracteres</span></div></div></div></div></div></div></section><div class="rounded-2xl border border-gray-200 bg-white 
p-6 shadow-sm"><div class="mb-5 flex items-center justify-between"><div><h2 class="font-semibold 
text-gray-900">Asistentes</h2><p class="mt-0.5 text-xs text-gray-500">M├¡nimo 1 persona ┬À M├íximo 10</p><p 
class="mt-1 text-xs text-gray-500">Fila 0 profesional RECA. Agrega asistentes adicionales solo cuando 
corresponda.</p></div></div><div class="space-y-3"><div class="flex items-start gap-3 rounded-xl border p-4 
border-reca-200 bg-reca-50"><div class="flex-1"><div class="mb-3"><span class="rounded-full bg-reca-100 px-2 py-0.5 
text-xs font-semibold text-reca">Profesional RECA</span></div><div class="grid grid-cols-1 gap-3 sm:grid-cols-2"><div 
class="space-y-1.5"><label for="asistentes.0.nombre" class="block text-sm font-medium text-gray-700">Nombre 
completo<span class="ml-1 text-red-500" aria-hidden="true">*</span></label><input id="asistentes.0.nombre" type="text" 
readOnly="" placeholder="Profesional RECA" autoComplete="off" class="w-full rounded-lg border px-3 py-2 text-sm 
focus:border-transparent focus:outline-none focus:ring-2 focus:ring-reca-400 border-gray-200 bg-gray-100 
text-gray-700" name="asistentes.0.nombre"/></div><div class="space-y-1.5"><label for="asistentes.0.cargo" class="block 
text-sm font-medium text-gray-700">Cargo</label><input id="asistentes.0.cargo" type="text" readOnly="" 
placeholder="Cargo (opcional)" autoComplete="off" class="w-full rounded-lg border px-3 py-2 text-sm 
focus:border-transparent focus:outline-none focus:ring-2 focus:ring-reca-400 border-gray-200 bg-gray-100 
text-gray-700" name="asistentes.0.cargo"/></div></div></div></div><div class="flex items-start gap-3 rounded-xl border 
p-4 border-gray-100 bg-gray-50"><div class="flex-1"><div class="grid grid-cols-1 gap-3 sm:grid-cols-2"><div 
class="space-y-1.5"><label for="asistentes.1.nombre" class="block text-sm font-medium text-gray-700">Nombre 
completo</label><input id="asistentes.1.nombre" type="text" readOnly="" placeholder="Nombre del asistente" 
autoComplete="off" class="w-full rounded-lg border px-3 py-2 text-sm focus:border-transparent focus:outline-none 
focus:ring-2 focus:ring-reca-400 border-gray-200 bg-gray-100 text-gray-700" name="asistentes.1.nombre"/></div><div 
class="space-y-1.5"><label for="asistentes.1.cargo" class="block text-sm font-medium 
text-gray-700">Cargo</label><input id="asistentes.1.cargo" type="text" readOnly="" placeholder="Cargo (opcional)" 
autoComplete="off" class="w-full rounded-lg border px-3 py-2 text-sm focus:border-transparent focus:outline-none 
focus:ring-2 focus:ring-reca-400 border-gray-200 bg-gray-100 text-gray-700" 
name="asistentes.1.cargo"/></div></div></div></div></div></div></fieldset><div class="flex flex-col gap-4 rounded-2xl 
border border-gray-200 bg-white p-4 shadow-sm"><div class="flex flex-col gap-3 sm:flex-row sm:items-center 
sm:justify-between"><div class="space-y-1"><p class="text-sm font-semibold text-gray-900">Guardar seguimiento en 
Google Sheets</p><p class="text-sm text-gray-500">Escribe este seguimiento y cualquier otra etapa desbloqueada con 
cambios pendientes en Google Sheets.</p></div><button type="submit" data-testid="seguimientos-followup-save-button" 
disabled="" class="inline-flex items-center justify-center gap-2 rounded-xl bg-reca px-5 py-2.5 text-sm font-semibold 
text-white transition-colors hover:bg-reca-dark disabled:cursor-not-allowed disabled:opacity-60"><svg 
xmlns="http://www.w3.org/2000/svg" width="24" height="24" viewBox="0 0 24 24" fill="none" stroke="currentColor" 
stroke-width="2" stroke-linecap="round" stroke-linejoin="round" class="lucide lucide-save h-4 w-4" 
aria-hidden="true"><path d="M15.2 3a2 2 0 0 1 1.4.6l3.8 3.8a2 2 0 0 1 .6 1.4V19a2 2 0 0 1-2 2H5a2 2 0 0 1-2-2V5a2 2 0 
0 1 2-2z"></path><path d="M17 21v-7a1 1 0 0 0-1-1H8a1 1 0 0 0-1 1v7"></path><path d="M7 3v4a1 1 0 0 0 1 
1h7"></path></svg>Guardar seguimiento en Google Sheets</button></div></div></form></div></main></div>[39m

[36m [2mÔØ»[22m src/components/forms/seguimientos/SeguimientosCaseEditor.test.tsx:[2m329:18[22m[39m
    [90m327| [39m    [34mexpect[39m(html)[33m.[39m[34mtoContain[39m([32m"guardado en este 
dispositivo"[39m)[33m;[39m
    [90m328| [39m    [34mexpect[39m(html)[33m.[39m[34mtoContain[39m([32m"Estado de sincron"[39m)[33m;[39m
    [90m329| [39m    [34mexpect[39m(html)[33m.[39m[34mtoContain[39m([32m"Como se guarda este 
formulario"[39m)[33m;[39m
    [90m   | [39m                 [31m^[39m
    [90m330| [39m    [34mexpect[39m(html)[33m.[39m[34mtoContain[39m([32m"No escribe Google Sheets ni genera 
PDF."[39m)[33m;[39m
    [90m331| [39m    [34mexpect[39m(html)[33m.[39m[34mtoContain[39m([32m"Solo se genera desde Resultado 
final."[39m)[33m;[39m

[31m[2mÔÄ»ÔÄ»ÔÄ»ÔÄ»ÔÄ»ÔÄ»ÔÄ»ÔÄ»ÔÄ»ÔÄ»ÔÄ»ÔÄ»ÔÄ»ÔÄ»ÔÄ»ÔÄ»ÔÄ»ÔÄ»ÔÄ»ÔÄ»ÔÄ»ÔÄ»ÔÄ»ÔÄ»[1/3]ÔÄ»[22m[39m

[41m[1m FAIL [22m[49m src/components/forms/seguimientos/SeguimientosCaseEditor.test.tsx[2m > 
[22mSeguimientosCaseEditor[2m > [22mshows a renewal action when a protected stage override expired
[31m[1mAssertionError[22m: expected '<div data-testid="seguimientos-case-oÔÇª' to contain 'El desbloqueo de Ficha 
inicial vencioÔÇª'[39m

[32m- Expected[39m
[31m+ Received[39m

[32m- El desbloqueo de Ficha inicial vencio. Debes renovarlo para guardar.[39m
[31m+ <div data-testid="seguimientos-case-overview" class="min-h-screen bg-gray-50"><div class="bg-reca 
shadow-lg"><div class="mx-auto max-w-6xl px-4 py-4 sm:px-6 lg:px-8"><div class="flex items-center gap-4"><button 
type="button" data-testid="seguimientos-overview-back" class="rounded-xl p-1.5 text-white/80 transition-colors 
hover:bg-white/10 hover:text-white"><svg xmlns="http://www.w3.org/2000/svg" width="24" height="24" viewBox="0 0 24 24" 
fill="none" stroke="currentColor" stroke-width="2" stroke-linecap="round" stroke-linejoin="round" class="lucide 
lucide-arrow-left h-5 w-5" aria-hidden="true"><path d="m12 19-7-7 7-7"></path><path d="M19 
12H5"></path></svg></button><div class="min-w-0 flex-1"><h1 class="text-lg font-bold leading-tight 
text-white">Seguimientos</h1><p class="mt-0.5 text-sm text-reca-100">Ana Perez ┬À Empresa Uno SAS ┬À No Compensar ┬À 3 
seguimientos</p></div></div><div class="mt-3"><div data-testid="seguimientos-case-timeline" class="flex flex-wrap 
items-center gap-1"><div data-testid="seguimientos-timeline-base_process" class="flex items-center gap-1"><button 
type="button" data-testid="seguimientos-timeline-badge-base_process" class="inline-flex items-center gap-1.5 
rounded-xl px-2.5 py-1.5 text-xs font-semibold transition-colors bg-amber-50 text-amber-800 hover:bg-amber-100"><svg 
xmlns="http://www.w3.org/2000/svg" width="24" height="24" viewBox="0 0 24 24" fill="none" stroke="currentColor" 
stroke-width="2" stroke-linecap="round" stroke-linejoin="round" class="lucide lucide-circle-check h-3.5 w-3.5" 
aria-hidden="true"><circle cx="12" cy="12" r="10"></circle><path d="m9 12 2 2 4-4"></path></svg>Ficha 
inicial</button><span class="mx-0.5 text-gray-300"><svg xmlns="http://www.w3.org/2000/svg" width="24" height="24" 
viewBox="0 0 24 24" fill="none" stroke="currentColor" stroke-width="2" stroke-linecap="round" stroke-linejoin="round" 
class="lucide lucide-chevron-right h-3 w-3" aria-hidden="true"><path d="m9 18 6-6-6-6"></path></svg></span></div><div 
data-testid="seguimientos-timeline-followup_1" class="flex items-center gap-1"><button type="button" 
data-testid="seguimientos-timeline-badge-followup_1" class="inline-flex items-center gap-1.5 rounded-xl px-2.5 py-1.5 
text-xs font-semibold transition-colors bg-reca text-white shadow-sm ring-2 ring-reca-300"><svg 
xmlns="http://www.w3.org/2000/svg" width="24" height="24" viewBox="0 0 24 24" fill="none" stroke="currentColor" 
stroke-width="2" stroke-linecap="round" stroke-linejoin="round" class="lucide lucide-circle-check h-3.5 w-3.5" 
aria-hidden="true"><circle cx="12" cy="12" r="10"></circle><path d="m9 12 2 2 4-4"></path></svg>S1</button><span 
class="mx-0.5 text-gray-300"><svg xmlns="http://www.w3.org/2000/svg" width="24" height="24" viewBox="0 0 24 24" 
fill="none" stroke="currentColor" stroke-width="2" stroke-linecap="round" stroke-linejoin="round" class="lucide 
lucide-chevron-right h-3 w-3" aria-hidden="true"><path d="m9 18 6-6-6-6"></path></svg></span></div><div 
data-testid="seguimientos-timeline-followup_2" class="flex items-center gap-1"><button type="button" 
data-testid="seguimientos-timeline-badge-followup_2" class="inline-flex items-center gap-1.5 rounded-xl px-2.5 py-1.5 
text-xs font-semibold transition-colors bg-reca-50 text-reca hover:bg-reca-100 ring-1 ring-reca-300"><svg 
xmlns="http://www.w3.org/2000/svg" width="24" height="24" viewBox="0 0 24 24" fill="none" stroke="currentColor" 
stroke-width="2" stroke-linecap="round" stroke-linejoin="round" class="lucide lucide-chevron-right h-3.5 w-3.5" 
aria-hidden="true"><path d="m9 18 6-6-6-6"></path></svg>S2</button><span class="mx-0.5 text-gray-300"><svg 
xmlns="http://www.w3.org/2000/svg" width="24" height="24" viewBox="0 0 24 24" fill="none" stroke="currentColor" 
stroke-width="2" stroke-linecap="round" stroke-linejoin="round" class="lucide lucide-chevron-right h-3 w-3" 
aria-hidden="true"><path d="m9 18 6-6-6-6"></path></svg></span></div><div 
data-testid="seguimientos-timeline-followup_3" class="flex items-center gap-1"><button type="button" 
data-testid="seguimientos-timeline-badge-followup_3" disabled="" class="inline-flex items-center gap-1.5 rounded-xl 
px-2.5 py-1.5 text-xs font-semibold transition-colors cursor-not-allowed bg-gray-50 text-gray-400">S3</button><span 
class="mx-0.5 text-gray-300"><svg xmlns="http://www.w3.org/2000/svg" width="24" height="24" viewBox="0 0 24 24" 
fill="none" stroke="currentColor" stroke-width="2" stroke-linecap="round" stroke-linejoin="round" class="lucide 
lucide-chevron-right h-3 w-3" aria-hidden="true"><path d="m9 18 6-6-6-6"></path></svg></span></div><div 
data-testid="seguimientos-timeline-final_result" class="flex items-center gap-1"><button type="button" 
data-testid="seguimientos-timeline-badge-final_result" disabled="" class="inline-flex items-center gap-1.5 rounded-xl 
px-2.5 py-1.5 text-xs font-semibold transition-colors cursor-not-allowed bg-gray-50 text-gray-400">Resultado 
final</button></div></div></div></div></div><main class="mx-auto max-w-6xl px-4 py-6 sm:px-6 lg:px-8"><div 
class="mb-4"><div data-testid="seguimientos-base-stage-summary" class="rounded-2xl border border-gray-200 bg-white 
shadow-sm"><button type="button" data-testid="seguimientos-base-stage-toggle" class="flex w-full items-center 
justify-between px-5 py-4 text-left"><div class="flex items-center gap-2.5"><h3 class="text-sm font-semibold 
text-gray-900">Ficha inicial</h3><span class="inline-flex items-center gap-1 rounded-full bg-amber-100 px-2 py-0.5 
text-[10px] font-semibold text-amber-800"><svg xmlns="http://www.w3.org/2000/svg" width="24" height="24" viewBox="0 0 
24 24" fill="none" stroke="currentColor" stroke-width="2" stroke-linecap="round" stroke-linejoin="round" class="lucide 
lucide-lock h-3 w-3" aria-hidden="true"><rect width="18" height="11" x="3" y="11" rx="2" ry="2"></rect><path d="M7 
11V7a5 5 0 0 1 10 0v4"></path></svg>Protegida</span></div><div class="flex items-center gap-2"><button type="button" 
data-testid="seguimientos-base-stage-reopen-button" class="rounded-lg border border-amber-300 bg-white px-2.5 py-1 
text-[11px] font-semibold text-amber-800 transition-colors hover:bg-amber-50">Reabrir ficha inicial</button><svg 
xmlns="http://www.w3.org/2000/svg" width="24" height="24" viewBox="0 0 24 24" fill="none" stroke="currentColor" 
stroke-width="2" stroke-linecap="round" stroke-linejoin="round" class="lucide lucide-chevron-down h-4 w-4 
text-gray-400" aria-hidden="true"><path d="m6 9 6 6 6-6"></path></svg></div></button></div></div><div 
class="space-y-4"><div class="flex flex-wrap items-center justify-between gap-2 rounded-2xl border border-gray-200 
bg-white p-4 shadow-sm"><div class="space-y-1"><p data-testid="seguimientos-active-stage-title" class="text-sm 
font-semibold text-gray-900">Seguimiento 1</p><p class="text-sm text-gray-600">Seguimiento 1 protegido por defecto 
para evitar cambios accidentales.</p></div><div class="flex flex-wrap gap-2"><button type="button" class="inline-flex 
items-center gap-2 rounded-xl border border-gray-200 bg-white px-4 py-2.5 text-sm font-semibold text-gray-700 
transition-colors hover:bg-gray-50 disabled:cursor-not-allowed disabled:opacity-50"><svg 
xmlns="http://www.w3.org/2000/svg" width="24" height="24" viewBox="0 0 24 24" fill="none" stroke="currentColor" 
stroke-width="2" stroke-linecap="round" stroke-linejoin="round" class="lucide lucide-arrow-left h-4 w-4" 
aria-hidden="true"><path d="m12 19-7-7 7-7"></path><path d="M19 12H5"></path></svg>Anterior</button><button 
type="button" class="inline-flex items-center gap-2 rounded-xl border border-gray-200 bg-white px-4 py-2.5 text-sm 
font-semibold text-gray-700 transition-colors hover:bg-gray-50 disabled:cursor-not-allowed 
disabled:opacity-50">Siguiente<svg xmlns="http://www.w3.org/2000/svg" width="24" height="24" viewBox="0 0 24 24" 
fill="none" stroke="currentColor" stroke-width="2" stroke-linecap="round" stroke-linejoin="round" class="lucide 
lucide-arrow-right h-4 w-4" aria-hidden="true"><path d="M5 12h14"></path><path d="m12 5 7 7-7 
7"></path></svg></button><button type="button" data-testid="seguimientos-stage-override-button" class="inline-flex 
items-center gap-2 rounded-xl border border-amber-300 bg-amber-50 px-4 py-2.5 text-sm font-semibold text-amber-900 
transition-colors hover:bg-amber-100"><svg xmlns="http://www.w3.org/2000/svg" width="24" height="24" viewBox="0 0 24 
24" fill="none" stroke="currentColor" stroke-width="2" stroke-linecap="round" stroke-linejoin="round" class="lucide 
lucide-shield-alert h-4 w-4" aria-hidden="true"><path d="M20 13c0 5-3.5 7.5-7.66 8.95a1 1 0 0 1-.67-.01C7.5 20.5 4 18 
4 13V6a1 1 0 0 1 1-1c2 0 4.5-1.2 6.24-2.72a1.17 1.17 0 0 1 1.52 0C14.51 3.81 17 5 19 5a1 1 0 0 1 1 1z"></path><path 
d="M12 8v4"></path><path d="M12 16h.01"></path></svg>Renovar desbloqueo</button></div></div><div class="grid gap-4 
xl:grid-cols-[220px_minmax(0,1fr)]"><div class="rounded-2xl border border-gray-200 bg-white p-4 shadow-sm"><p 
class="text-xs font-semibold uppercase tracking-wide text-gray-500">Progreso</p><p class="mt-2 text-3xl font-bold 
text-gray-900">100%</p><p class="mt-1 text-sm text-gray-500">51 de 51 campos rastreados</p></div><div 
class="rounded-2xl border border-gray-200 bg-white p-4 shadow-sm"><p class="text-xs font-semibold uppercase 
tracking-wide text-gray-500">Resumen del caso</p><div class="mt-3 grid gap-3 sm:grid-cols-2 xl:grid-cols-4"><div 
class="rounded-xl border border-gray-200 bg-gray-50 px-3 py-3"><p class="text-[11px] font-semibold uppercase 
tracking-wide text-gray-500">Vinculado</p><p class="mt-1 text-sm text-gray-900">Ana Perez</p></div><div 
class="rounded-xl border border-gray-200 bg-gray-50 px-3 py-3"><p class="text-[11px] font-semibold uppercase 
tracking-wide text-gray-500">C├®dula</p><p class="mt-1 text-sm text-gray-900">1001234567</p></div><div 
class="rounded-xl border border-gray-200 bg-gray-50 px-3 py-3"><p class="text-[11px] font-semibold uppercase 
tracking-wide text-gray-500">Tipo de empresa</p><p class="mt-1 text-sm text-gray-900">No compensar</p></div><div 
class="rounded-xl border border-gray-200 bg-gray-50 px-3 py-3"><p class="text-[11px] font-semibold uppercase 
tracking-wide text-gray-500">Seguimientos visibles</p><p class="mt-1 text-sm 
text-gray-900">3</p></div></div></div></div><div data-testid="seguimientos-operation-guide" class="rounded-2xl border 
border-gray-200 bg-white p-4 shadow-sm"><p class="text-xs font-semibold uppercase tracking-wide text-gray-500">C├│mo 
se guarda este formulario</p><div class="mt-3 grid gap-3 lg:grid-cols-3"><div class="rounded-xl border border-gray-200 
bg-gray-50 px-4 py-3"><p class="text-sm font-semibold text-gray-900">Borrador</p><p class="mt-1 text-sm 
text-gray-600">Guarda el progreso del editor y te deja retomarlo despu├®s. No escribe Google Sheets ni genera 
PDF.</p></div><div class="rounded-xl border border-gray-200 bg-gray-50 px-4 py-3"><p class="text-sm font-semibold 
text-gray-900">Google Sheets</p><p class="mt-1 text-sm text-gray-600">Guarda la ficha inicial o el seguimiento en la 
hoja del caso y sincroniza el resumen operativo.</p></div><div class="rounded-xl border border-gray-200 bg-gray-50 
px-4 py-3"><p class="text-sm font-semibold text-gray-900">PDF</p><p class="mt-1 text-sm text-gray-600">Solo se genera 
desde Resultado final. Antes de exportarlo, primero debes guardar los cambios en Google 
Sheets.</p></div></div></div><div class="rounded-2xl border border-gray-200 bg-white p-4 shadow-sm"><p class="text-xs 
font-semibold uppercase tracking-wide text-gray-500">Estado de edici├│n</p><div class="mt-3 grid gap-3 
sm:grid-cols-2"><div class="rounded-xl border border-gray-200 bg-gray-50 px-3 py-3"><p class="text-[11px] 
font-semibold uppercase tracking-wide text-gray-500">Cambios pendientes</p><p class="mt-1 text-sm 
text-gray-900">1</p></div><div class="rounded-xl border border-gray-200 bg-gray-50 px-3 py-3"><p class="text-[11px] 
font-semibold uppercase tracking-wide text-gray-500">Listos para guardar</p><p class="mt-1 text-sm 
text-gray-900">1</p></div></div></div><div class="rounded-2xl border border-amber-200 bg-amber-50 p-4"><div 
class="flex items-start gap-3"><div class="rounded-xl bg-amber-100 p-2 text-amber-700"><svg 
xmlns="http://www.w3.org/2000/svg" width="24" height="24" viewBox="0 0 24 24" fill="none" stroke="currentColor" 
stroke-width="2" stroke-linecap="round" stroke-linejoin="round" class="lucide lucide-shield-alert h-4 w-4" 
aria-hidden="true"><path d="M20 13c0 5-3.5 7.5-7.66 8.95a1 1 0 0 1-.67-.01C7.5 20.5 4 18 4 13V6a1 1 0 0 1 1-1c2 0 
4.5-1.2 6.24-2.72a1.17 1.17 0 0 1 1.52 0C14.51 3.81 17 5 19 5a1 1 0 0 1 1 1z"></path><path d="M12 8v4"></path><path 
d="M12 16h.01"></path></svg></div><div><p class="text-sm font-semibold text-amber-900">Esta etapa ya tiene 
informaci├│n registrada</p><p class="mt-1 text-sm text-amber-800">Usa el bot├│n Desbloquear etapa si necesitas 
corregirla y confirmar├ís manualmente esa edici├│n.</p></div></div></div><form 
data-testid="seguimientos-followup-editor-1" noValidate="" class="space-y-5"><div class="flex flex-wrap items-center 
gap-3 rounded-2xl border border-gray-200 bg-white p-4 shadow-sm"><button type="button" 
data-testid="seguimientos-followup-failed-visit-button" disabled="" class="inline-flex items-center gap-2 rounded-xl 
border border-amber-200 bg-amber-50 px-4 py-2.5 text-sm font-semibold text-amber-900 transition-colors 
hover:bg-amber-100 disabled:cursor-not-allowed disabled:opacity-60"><svg xmlns="http://www.w3.org/2000/svg" width="24" 
height="24" viewBox="0 0 24 24" fill="none" stroke="currentColor" stroke-width="2" stroke-linecap="round" 
stroke-linejoin="round" class="lucide lucide-shield-alert h-4 w-4" aria-hidden="true"><path d="M20 13c0 5-3.5 7.5-7.66 
8.95a1 1 0 0 1-.67-.01C7.5 20.5 4 18 4 13V6a1 1 0 0 1 1-1c2 0 4.5-1.2 6.24-2.72a1.17 1.17 0 0 1 1.52 0C14.51 3.81 17 5 
19 5a1 1 0 0 1 1 1z"></path><path d="M12 8v4"></path><path d="M12 16h.01"></path></svg>Marcar visita 
fallida</button></div><fieldset disabled="" class="space-y-5"><section class="rounded-2xl border border-gray-200 
bg-white p-5 shadow-sm"><div class="space-y-1"><h3 class="text-base font-semibold text-gray-900">Datos de 
visita</h3><p class="text-sm text-gray-500">Controla la modalidad, la fecha operativa del seguimiento y el tipo de 
apoyo observado.</p></div><div class="mt-4 space-y-4"><div class="grid gap-4 md:grid-cols-3"><div 
class="space-y-1.5"><label for="modalidad" class="block text-sm font-medium text-gray-700">Modalidad</label><select 
id="modalidad" name="modalidad" class="w-full rounded-lg border px-3 py-2.5 text-sm transition-colors 
focus:border-transparent focus:outline-none focus:ring-2 focus:ring-reca-400 border-gray-200 bg-white"><option 
value="">Selecciona</option><option value="Presencial">Presencial</option><option 
value="Virtual">Virtual</option><option value="Mixta">Mixta</option><option value="No aplica">No 
aplica</option></select></div><div class="space-y-1.5"><label for="fecha_seguimiento" class="block text-sm font-medium 
text-gray-700">Fecha del seguimiento</label><input id="fecha_seguimiento" type="date" disabled="" readOnly="" 
class="w-full rounded-lg border px-3 py-2.5 text-sm transition-colors focus:border-transparent focus:outline-none 
focus:ring-2 focus:ring-reca-400 border-gray-200 bg-gray-50 text-gray-700" value="2026-04-21"/></div><div 
class="space-y-1.5"><label for="tipo_apoyo" class="block text-sm font-medium text-gray-700">Tipo de 
apoyo</label><select id="tipo_apoyo" name="tipo_apoyo" class="w-full rounded-lg border px-3 py-2.5 text-sm 
transition-colors focus:border-transparent focus:outline-none focus:ring-2 focus:ring-reca-400 border-gray-200 
bg-white"><option value="">Selecciona</option><option value="Requiere apoyo bajo.">Requiere apoyo 
bajo.</option><option value="Requiere apoyo medio.">Requiere apoyo medio.</option><option value="Requiere apoyo 
Alto.">Requiere apoyo Alto.</option><option value="No requiere apoyo.">No requiere 
apoyo.</option></select></div></div></div></section><section class="rounded-2xl border border-gray-200 bg-white p-5 
shadow-sm"><div class="space-y-1"><h3 class="text-base font-semibold text-gray-900">Bloque funcional del 
vinculado</h3><p class="text-sm text-gray-500">Registra observaciones del puesto y las evaluaciones del vinculado y de 
la empresa.</p></div><div class="mt-4 space-y-4"><div class="space-y-3"><div 
data-testid="seguimientos-followup-bulk-item_autoevaluacion" class="rounded-2xl border border-gray-200 bg-gray-50 
p-4"><div class="flex flex-col gap-3 lg:flex-row lg:items-center lg:justify-between"><p class="text-sm font-semibold 
text-gray-900">Autoevaluaci├│n</p><div class="flex flex-wrap gap-2"><button type="button" 
data-testid="seguimientos-followup-bulk-item_autoevaluacion-excelente" disabled="" class="rounded-lg border 
border-gray-200 bg-white px-3 py-2 text-xs font-semibold text-gray-700 transition-colors hover:bg-gray-100 
disabled:cursor-not-allowed disabled:opacity-60">Todo excelente</button><button type="button" 
data-testid="seguimientos-followup-bulk-item_autoevaluacion-bien" disabled="" class="rounded-lg border border-gray-200 
bg-white px-3 py-2 text-xs font-semibold text-gray-700 transition-colors hover:bg-gray-100 disabled:cursor-not-allowed 
disabled:opacity-60">Todo bien</button><button type="button" 
data-testid="seguimientos-followup-bulk-item_autoevaluacion-necesita-mejorar" disabled="" class="rounded-lg border 
border-gray-200 bg-white px-3 py-2 text-xs font-semibold text-gray-700 transition-colors hover:bg-gray-100 
disabled:cursor-not-allowed disabled:opacity-60">Todo necesita mejorar</button><button type="button" 
data-testid="seguimientos-followup-bulk-item_autoevaluacion-mal" disabled="" class="rounded-lg border border-gray-200 
bg-white px-3 py-2 text-xs font-semibold text-gray-700 transition-colors hover:bg-gray-100 disabled:cursor-not-allowed 
disabled:opacity-60">Todo mal</button><button type="button" 
data-testid="seguimientos-followup-bulk-item_autoevaluacion-no-aplica" disabled="" class="rounded-lg border 
border-gray-200 bg-white px-3 py-2 text-xs font-semibold text-gray-700 transition-colors hover:bg-gray-100 
disabled:cursor-not-allowed disabled:opacity-60">Todo no aplica</button></div></div></div><div 
data-testid="seguimientos-followup-bulk-item_eval_empresa" class="rounded-2xl border border-gray-200 bg-gray-50 
p-4"><div class="flex flex-col gap-3 lg:flex-row lg:items-center lg:justify-between"><p class="text-sm font-semibold 
text-gray-900">Evaluaci├│n empresa</p><div class="flex flex-wrap gap-2"><button type="button" 
data-testid="seguimientos-followup-bulk-item_eval_empresa-excelente" disabled="" class="rounded-lg border 
border-gray-200 bg-white px-3 py-2 text-xs font-semibold text-gray-700 transition-colors hover:bg-gray-100 
disabled:cursor-not-allowed disabled:opacity-60">Todo excelente</button><button type="button" 
data-testid="seguimientos-followup-bulk-item_eval_empresa-bien" disabled="" class="rounded-lg border border-gray-200 
bg-white px-3 py-2 text-xs font-semibold text-gray-700 transition-colors hover:bg-gray-100 disabled:cursor-not-allowed 
disabled:opacity-60">Todo bien</button><button type="button" 
data-testid="seguimientos-followup-bulk-item_eval_empresa-necesita-mejorar" disabled="" class="rounded-lg border 
border-gray-200 bg-white px-3 py-2 text-xs font-semibold text-gray-700 transition-colors hover:bg-gray-100 
disabled:cursor-not-allowed disabled:opacity-60">Todo necesita mejorar</button><button type="button" 
data-testid="seguimientos-followup-bulk-item_eval_empresa-mal" disabled="" class="rounded-lg border border-gray-200 
bg-white px-3 py-2 text-xs font-semibold text-gray-700 transition-colors hover:bg-gray-100 disabled:cursor-not-allowed 
disabled:opacity-60">Todo mal</button><button type="button" 
data-testid="seguimientos-followup-bulk-item_eval_empresa-no-aplica" disabled="" class="rounded-lg border 
border-gray-200 bg-white px-3 py-2 text-xs font-semibold text-gray-700 transition-colors hover:bg-gray-100 
disabled:cursor-not-allowed disabled:opacity-60">Todo no aplica</button></div></div></div><div class="rounded-2xl 
border border-gray-200 bg-gray-50 p-4"><p class="text-sm font-semibold text-gray-900">Item 1</p><div class="mt-3 
space-y-4"><div class="grid gap-4 lg:grid-cols-2"><div class="space-y-1.5"><label for="item_autoevaluacion.0" 
class="block text-sm font-medium text-gray-700">Autoevaluaci├│n</label><select id="item_autoevaluacion.0" 
name="item_autoevaluacion.0" class="w-full rounded-lg border px-3 py-2.5 text-sm transition-colors 
focus:border-transparent focus:outline-none focus:ring-2 focus:ring-reca-400 border-gray-200 bg-white"><option 
value="">Selecciona</option><option value="Excelente">Excelente</option><option value="Bien">Bien</option><option 
value="Necesita mejorar">Necesita mejorar</option><option value="Mal">Mal</option><option value="No aplica">No 
aplica</option></select></div><div class="space-y-1.5"><label for="item_eval_empresa.0" class="block text-sm 
font-medium text-gray-700">Evaluaci├│n empresa</label><select id="item_eval_empresa.0" name="item_eval_empresa.0" 
class="w-full rounded-lg border px-3 py-2.5 text-sm transition-colors focus:border-transparent focus:outline-none 
focus:ring-2 focus:ring-reca-400 border-gray-200 bg-white"><option value="">Selecciona</option><option 
value="Excelente">Excelente</option><option value="Bien">Bien</option><option value="Necesita mejorar">Necesita 
mejorar</option><option value="Mal">Mal</option><option value="No aplica">No aplica</option></select></div></div><div 
class="space-y-1.5"><label for="item_observaciones.0" class="block text-sm font-medium 
text-gray-700">Observaciones</label><div class="space-y-2"><textarea id="item_observaciones.0" 
data-testid="item_observaciones.0" rows="1" name="item_observaciones.0" class="w-full overflow-hidden rounded-xl 
border px-3.5 py-3 text-sm focus:border-transparent focus:outline-none focus:ring-2 focus:ring-reca-400 min-h-[6rem] 
border-gray-200"></textarea></div></div></div></div><div class="rounded-2xl border border-gray-200 bg-gray-50 p-4"><p 
class="text-sm font-semibold text-gray-900">Item 2</p><div class="mt-3 space-y-4"><div class="grid gap-4 
lg:grid-cols-2"><div class="space-y-1.5"><label for="item_autoevaluacion.1" class="block text-sm font-medium 
text-gray-700">Autoevaluaci├│n</label><select id="item_autoevaluacion.1" name="item_autoevaluacion.1" class="w-full 
rounded-lg border px-3 py-2.5 text-sm transition-colors focus:border-transparent focus:outline-none focus:ring-2 
focus:ring-reca-400 border-gray-200 bg-white"><option value="">Selecciona</option><option 
value="Excelente">Excelente</option><option value="Bien">Bien</option><option value="Necesita mejorar">Necesita 
mejorar</option><option value="Mal">Mal</option><option value="No aplica">No aplica</option></select></div><div 
class="space-y-1.5"><label for="item_eval_empresa.1" class="block text-sm font-medium text-gray-700">Evaluaci├│n 
empresa</label><select id="item_eval_empresa.1" name="item_eval_empresa.1" class="w-full rounded-lg border px-3 py-2.5 
text-sm transition-colors focus:border-transparent focus:outline-none focus:ring-2 focus:ring-reca-400 border-gray-200 
bg-white"><option value="">Selecciona</option><option value="Excelente">Excelente</option><option 
value="Bien">Bien</option><option value="Necesita mejorar">Necesita mejorar</option><option 
value="Mal">Mal</option><option value="No aplica">No aplica</option></select></div></div><div 
class="space-y-1.5"><label for="item_observaciones.1" class="block text-sm font-medium 
text-gray-700">Observaciones</label><div class="space-y-2"><textarea id="item_observaciones.1" 
data-testid="item_observaciones.1" rows="1" name="item_observaciones.1" class="w-full overflow-hidden rounded-xl 
border px-3.5 py-3 text-sm focus:border-transparent focus:outline-none focus:ring-2 focus:ring-reca-400 min-h-[6rem] 
border-gray-200"></textarea></div></div></div></div><div class="rounded-2xl border border-gray-200 bg-gray-50 p-4"><p 
class="text-sm font-semibold text-gray-900">Item 3</p><div class="mt-3 space-y-4"><div class="grid gap-4 
lg:grid-cols-2"><div class="space-y-1.5"><label for="item_autoevaluacion.2" class="block text-sm font-medium 
text-gray-700">Autoevaluaci├│n</label><select id="item_autoevaluacion.2" name="item_autoevaluacion.2" class="w-full 
rounded-lg border px-3 py-2.5 text-sm transition-colors focus:border-transparent focus:outline-none focus:ring-2 
focus:ring-reca-400 border-gray-200 bg-white"><option value="">Selecciona</option><option 
value="Excelente">Excelente</option><option value="Bien">Bien</option><option value="Necesita mejorar">Necesita 
mejorar</option><option value="Mal">Mal</option><option value="No aplica">No aplica</option></select></div><div 
class="space-y-1.5"><label for="item_eval_empresa.2" class="block text-sm font-medium text-gray-700">Evaluaci├│n 
empresa</label><select id="item_eval_empresa.2" name="item_eval_empresa.2" class="w-full rounded-lg border px-3 py-2.5 
text-sm transition-colors focus:border-transparent focus:outline-none focus:ring-2 focus:ring-reca-400 border-gray-200 
bg-white"><option value="">Selecciona</option><option value="Excelente">Excelente</option><option 
value="Bien">Bien</option><option value="Necesita mejorar">Necesita mejorar</option><option 
value="Mal">Mal</option><option value="No aplica">No aplica</option></select></div></div><div 
class="space-y-1.5"><label for="item_observaciones.2" class="block text-sm font-medium 
text-gray-700">Observaciones</label><div class="space-y-2"><textarea id="item_observaciones.2" 
data-testid="item_observaciones.2" rows="1" name="item_observaciones.2" class="w-full overflow-hidden rounded-xl 
border px-3.5 py-3 text-sm focus:border-transparent focus:outline-none focus:ring-2 focus:ring-reca-400 min-h-[6rem] 
border-gray-200"></textarea></div></div></div></div><div class="rounded-2xl border border-gray-200 bg-gray-50 p-4"><p 
class="text-sm font-semibold text-gray-900">Item 4</p><div class="mt-3 space-y-4"><div class="grid gap-4 
lg:grid-cols-2"><div class="space-y-1.5"><label for="item_autoevaluacion.3" class="block text-sm font-medium 
text-gray-700">Autoevaluaci├│n</label><select id="item_autoevaluacion.3" name="item_autoevaluacion.3" class="w-full 
rounded-lg border px-3 py-2.5 text-sm transition-colors focus:border-transparent focus:outline-none focus:ring-2 
focus:ring-reca-400 border-gray-200 bg-white"><option value="">Selecciona</option><option 
value="Excelente">Excelente</option><option value="Bien">Bien</option><option value="Necesita mejorar">Necesita 
mejorar</option><option value="Mal">Mal</option><option value="No aplica">No aplica</option></select></div><div 
class="space-y-1.5"><label for="item_eval_empresa.3" class="block text-sm font-medium text-gray-700">Evaluaci├│n 
empresa</label><select id="item_eval_empresa.3" name="item_eval_empresa.3" class="w-full rounded-lg border px-3 py-2.5 
text-sm transition-colors focus:border-transparent focus:outline-none focus:ring-2 focus:ring-reca-400 border-gray-200 
bg-white"><option value="">Selecciona</option><option value="Excelente">Excelente</option><option 
value="Bien">Bien</option><option value="Necesita mejorar">Necesita mejorar</option><option 
value="Mal">Mal</option><option value="No aplica">No aplica</option></select></div></div><div 
class="space-y-1.5"><label for="item_observaciones.3" class="block text-sm font-medium 
text-gray-700">Observaciones</label><div class="space-y-2"><textarea id="item_observaciones.3" 
data-testid="item_observaciones.3" rows="1" name="item_observaciones.3" class="w-full overflow-hidden rounded-xl 
border px-3.5 py-3 text-sm focus:border-transparent focus:outline-none focus:ring-2 focus:ring-reca-400 min-h-[6rem] 
border-gray-200"></textarea></div></div></div></div><div class="rounded-2xl border border-gray-200 bg-gray-50 p-4"><p 
class="text-sm font-semibold text-gray-900">Item 5</p><div class="mt-3 space-y-4"><div class="grid gap-4 
lg:grid-cols-2"><div class="space-y-1.5"><label for="item_autoevaluacion.4" class="block text-sm font-medium 
text-gray-700">Autoevaluaci├│n</label><select id="item_autoevaluacion.4" name="item_autoevaluacion.4" class="w-full 
rounded-lg border px-3 py-2.5 text-sm transition-colors focus:border-transparent focus:outline-none focus:ring-2 
focus:ring-reca-400 border-gray-200 bg-white"><option value="">Selecciona</option><option 
value="Excelente">Excelente</option><option value="Bien">Bien</option><option value="Necesita mejorar">Necesita 
mejorar</option><option value="Mal">Mal</option><option value="No aplica">No aplica</option></select></div><div 
class="space-y-1.5"><label for="item_eval_empresa.4" class="block text-sm font-medium text-gray-700">Evaluaci├│n 
empresa</label><select id="item_eval_empresa.4" name="item_eval_empresa.4" class="w-full rounded-lg border px-3 py-2.5 
text-sm transition-colors focus:border-transparent focus:outline-none focus:ring-2 focus:ring-reca-400 border-gray-200 
bg-white"><option value="">Selecciona</option><option value="Excelente">Excelente</option><option 
value="Bien">Bien</option><option value="Necesita mejorar">Necesita mejorar</option><option 
value="Mal">Mal</option><option value="No aplica">No aplica</option></select></div></div><div 
class="space-y-1.5"><label for="item_observaciones.4" class="block text-sm font-medium 
text-gray-700">Observaciones</label><div class="space-y-2"><textarea id="item_observaciones.4" 
data-testid="item_observaciones.4" rows="1" name="item_observaciones.4" class="w-full overflow-hidden rounded-xl 
border px-3.5 py-3 text-sm focus:border-transparent focus:outline-none focus:ring-2 focus:ring-reca-400 min-h-[6rem] 
border-gray-200"></textarea></div></div></div></div><div class="rounded-2xl border border-gray-200 bg-gray-50 p-4"><p 
class="text-sm font-semibold text-gray-900">Item 6</p><div class="mt-3 space-y-4"><div class="grid gap-4 
lg:grid-cols-2"><div class="space-y-1.5"><label for="item_autoevaluacion.5" class="block text-sm font-medium 
text-gray-700">Autoevaluaci├│n</label><select id="item_autoevaluacion.5" name="item_autoevaluacion.5" class="w-full 
rounded-lg border px-3 py-2.5 text-sm transition-colors focus:border-transparent focus:outline-none focus:ring-2 
focus:ring-reca-400 border-gray-200 bg-white"><option value="">Selecciona</option><option 
value="Excelente">Excelente</option><option value="Bien">Bien</option><option value="Necesita mejorar">Necesita 
mejorar</option><option value="Mal">Mal</option><option value="No aplica">No aplica</option></select></div><div 
class="space-y-1.5"><label for="item_eval_empresa.5" class="block text-sm font-medium text-gray-700">Evaluaci├│n 
empresa</label><select id="item_eval_empresa.5" name="item_eval_empresa.5" class="w-full rounded-lg border px-3 py-2.5 
text-sm transition-colors focus:border-transparent focus:outline-none focus:ring-2 focus:ring-reca-400 border-gray-200 
bg-white"><option value="">Selecciona</option><option value="Excelente">Excelente</option><option 
value="Bien">Bien</option><option value="Necesita mejorar">Necesita mejorar</option><option 
value="Mal">Mal</option><option value="No aplica">No aplica</option></select></div></div><div 
class="space-y-1.5"><label for="item_observaciones.5" class="block text-sm font-medium 
text-gray-700">Observaciones</label><div class="space-y-2"><textarea id="item_observaciones.5" 
data-testid="item_observaciones.5" rows="1" name="item_observaciones.5" class="w-full overflow-hidden rounded-xl 
border px-3.5 py-3 text-sm focus:border-transparent focus:outline-none focus:ring-2 focus:ring-reca-400 min-h-[6rem] 
border-gray-200"></textarea></div></div></div></div><div class="rounded-2xl border border-gray-200 bg-gray-50 p-4"><p 
class="text-sm font-semibold text-gray-900">Item 7</p><div class="mt-3 space-y-4"><div class="grid gap-4 
lg:grid-cols-2"><div class="space-y-1.5"><label for="item_autoevaluacion.6" class="block text-sm font-medium 
text-gray-700">Autoevaluaci├│n</label><select id="item_autoevaluacion.6" name="item_autoevaluacion.6" class="w-full 
rounded-lg border px-3 py-2.5 text-sm transition-colors focus:border-transparent focus:outline-none focus:ring-2 
focus:ring-reca-400 border-gray-200 bg-white"><option value="">Selecciona</option><option 
value="Excelente">Excelente</option><option value="Bien">Bien</option><option value="Necesita mejorar">Necesita 
mejorar</option><option value="Mal">Mal</option><option value="No aplica">No aplica</option></select></div><div 
class="space-y-1.5"><label for="item_eval_empresa.6" class="block text-sm font-medium text-gray-700">Evaluaci├│n 
empresa</label><select id="item_eval_empresa.6" name="item_eval_empresa.6" class="w-full rounded-lg border px-3 py-2.5 
text-sm transition-colors focus:border-transparent focus:outline-none focus:ring-2 focus:ring-reca-400 border-gray-200 
bg-white"><option value="">Selecciona</option><option value="Excelente">Excelente</option><option 
value="Bien">Bien</option><option value="Necesita mejorar">Necesita mejorar</option><option 
value="Mal">Mal</option><option value="No aplica">No aplica</option></select></div></div><div 
class="space-y-1.5"><label for="item_observaciones.6" class="block text-sm font-medium 
text-gray-700">Observaciones</label><div class="space-y-2"><textarea id="item_observaciones.6" 
data-testid="item_observaciones.6" rows="1" name="item_observaciones.6" class="w-full overflow-hidden rounded-xl 
border px-3.5 py-3 text-sm focus:border-transparent focus:outline-none focus:ring-2 focus:ring-reca-400 min-h-[6rem] 
border-gray-200"></textarea></div></div></div></div><div class="rounded-2xl border border-gray-200 bg-gray-50 p-4"><p 
class="text-sm font-semibold text-gray-900">Item 8</p><div class="mt-3 space-y-4"><div class="grid gap-4 
lg:grid-cols-2"><div class="space-y-1.5"><label for="item_autoevaluacion.7" class="block text-sm font-medium 
text-gray-700">Autoevaluaci├│n</label><select id="item_autoevaluacion.7" name="item_autoevaluacion.7" class="w-full 
rounded-lg border px-3 py-2.5 text-sm transition-colors focus:border-transparent focus:outline-none focus:ring-2 
focus:ring-reca-400 border-gray-200 bg-white"><option value="">Selecciona</option><option 
value="Excelente">Excelente</option><option value="Bien">Bien</option><option value="Necesita mejorar">Necesita 
mejorar</option><option value="Mal">Mal</option><option value="No aplica">No aplica</option></select></div><div 
class="space-y-1.5"><label for="item_eval_empresa.7" class="block text-sm font-medium text-gray-700">Evaluaci├│n 
empresa</label><select id="item_eval_empresa.7" name="item_eval_empresa.7" class="w-full rounded-lg border px-3 py-2.5 
text-sm transition-colors focus:border-transparent focus:outline-none focus:ring-2 focus:ring-reca-400 border-gray-200 
bg-white"><option value="">Selecciona</option><option value="Excelente">Excelente</option><option 
value="Bien">Bien</option><option value="Necesita mejorar">Necesita mejorar</option><option 
value="Mal">Mal</option><option value="No aplica">No aplica</option></select></div></div><div 
class="space-y-1.5"><label for="item_observaciones.7" class="block text-sm font-medium 
text-gray-700">Observaciones</label><div class="space-y-2"><textarea id="item_observaciones.7" 
data-testid="item_observaciones.7" rows="1" name="item_observaciones.7" class="w-full overflow-hidden rounded-xl 
border px-3.5 py-3 text-sm focus:border-transparent focus:outline-none focus:ring-2 focus:ring-reca-400 min-h-[6rem] 
border-gray-200"></textarea></div></div></div></div><div class="rounded-2xl border border-gray-200 bg-gray-50 p-4"><p 
class="text-sm font-semibold text-gray-900">Item 9</p><div class="mt-3 space-y-4"><div class="grid gap-4 
lg:grid-cols-2"><div class="space-y-1.5"><label for="item_autoevaluacion.8" class="block text-sm font-medium 
text-gray-700">Autoevaluaci├│n</label><select id="item_autoevaluacion.8" name="item_autoevaluacion.8" class="w-full 
rounded-lg border px-3 py-2.5 text-sm transition-colors focus:border-transparent focus:outline-none focus:ring-2 
focus:ring-reca-400 border-gray-200 bg-white"><option value="">Selecciona</option><option 
value="Excelente">Excelente</option><option value="Bien">Bien</option><option value="Necesita mejorar">Necesita 
mejorar</option><option value="Mal">Mal</option><option value="No aplica">No aplica</option></select></div><div 
class="space-y-1.5"><label for="item_eval_empresa.8" class="block text-sm font-medium text-gray-700">Evaluaci├│n 
empresa</label><select id="item_eval_empresa.8" name="item_eval_empresa.8" class="w-full rounded-lg border px-3 py-2.5 
text-sm transition-colors focus:border-transparent focus:outline-none focus:ring-2 focus:ring-reca-400 border-gray-200 
bg-white"><option value="">Selecciona</option><option value="Excelente">Excelente</option><option 
value="Bien">Bien</option><option value="Necesita mejorar">Necesita mejorar</option><option 
value="Mal">Mal</option><option value="No aplica">No aplica</option></select></div></div><div 
class="space-y-1.5"><label for="item_observaciones.8" class="block text-sm font-medium 
text-gray-700">Observaciones</label><div class="space-y-2"><textarea id="item_observaciones.8" 
data-testid="item_observaciones.8" rows="1" name="item_observaciones.8" class="w-full overflow-hidden rounded-xl 
border px-3.5 py-3 text-sm focus:border-transparent focus:outline-none focus:ring-2 focus:ring-reca-400 min-h-[6rem] 
border-gray-200"></textarea></div></div></div></div><div class="rounded-2xl border border-gray-200 bg-gray-50 p-4"><p 
class="text-sm font-semibold text-gray-900">Item 10</p><div class="mt-3 space-y-4"><div class="grid gap-4 
lg:grid-cols-2"><div class="space-y-1.5"><label for="item_autoevaluacion.9" class="block text-sm font-medium 
text-gray-700">Autoevaluaci├│n</label><select id="item_autoevaluacion.9" name="item_autoevaluacion.9" class="w-full 
rounded-lg border px-3 py-2.5 text-sm transition-colors focus:border-transparent focus:outline-none focus:ring-2 
focus:ring-reca-400 border-gray-200 bg-white"><option value="">Selecciona</option><option 
value="Excelente">Excelente</option><option value="Bien">Bien</option><option value="Necesita mejorar">Necesita 
mejorar</option><option value="Mal">Mal</option><option value="No aplica">No aplica</option></select></div><div 
class="space-y-1.5"><label for="item_eval_empresa.9" class="block text-sm font-medium text-gray-700">Evaluaci├│n 
empresa</label><select id="item_eval_empresa.9" name="item_eval_empresa.9" class="w-full rounded-lg border px-3 py-2.5 
text-sm transition-colors focus:border-transparent focus:outline-none focus:ring-2 focus:ring-reca-400 border-gray-200 
bg-white"><option value="">Selecciona</option><option value="Excelente">Excelente</option><option 
value="Bien">Bien</option><option value="Necesita mejorar">Necesita mejorar</option><option 
value="Mal">Mal</option><option value="No aplica">No aplica</option></select></div></div><div 
class="space-y-1.5"><label for="item_observaciones.9" class="block text-sm font-medium 
text-gray-700">Observaciones</label><div class="space-y-2"><textarea id="item_observaciones.9" 
data-testid="item_observaciones.9" rows="1" name="item_observaciones.9" class="w-full overflow-hidden rounded-xl 
border px-3.5 py-3 text-sm focus:border-transparent focus:outline-none focus:ring-2 focus:ring-reca-400 min-h-[6rem] 
border-gray-200"></textarea></div></div></div></div><div class="rounded-2xl border border-gray-200 bg-gray-50 p-4"><p 
class="text-sm font-semibold text-gray-900">Item 11</p><div class="mt-3 space-y-4"><div class="grid gap-4 
lg:grid-cols-2"><div class="space-y-1.5"><label for="item_autoevaluacion.10" class="block text-sm font-medium 
text-gray-700">Autoevaluaci├│n</label><select id="item_autoevaluacion.10" name="item_autoevaluacion.10" class="w-full 
rounded-lg border px-3 py-2.5 text-sm transition-colors focus:border-transparent focus:outline-none focus:ring-2 
focus:ring-reca-400 border-gray-200 bg-white"><option value="">Selecciona</option><option 
value="Excelente">Excelente</option><option value="Bien">Bien</option><option value="Necesita mejorar">Necesita 
mejorar</option><option value="Mal">Mal</option><option value="No aplica">No aplica</option></select></div><div 
class="space-y-1.5"><label for="item_eval_empresa.10" class="block text-sm font-medium text-gray-700">Evaluaci├│n 
empresa</label><select id="item_eval_empresa.10" name="item_eval_empresa.10" class="w-full rounded-lg border px-3 
py-2.5 text-sm transition-colors focus:border-transparent focus:outline-none focus:ring-2 focus:ring-reca-400 
border-gray-200 bg-white"><option value="">Selecciona</option><option value="Excelente">Excelente</option><option 
value="Bien">Bien</option><option value="Necesita mejorar">Necesita mejorar</option><option 
value="Mal">Mal</option><option value="No aplica">No aplica</option></select></div></div><div 
class="space-y-1.5"><label for="item_observaciones.10" class="block text-sm font-medium 
text-gray-700">Observaciones</label><div class="space-y-2"><textarea id="item_observaciones.10" 
data-testid="item_observaciones.10" rows="1" name="item_observaciones.10" class="w-full overflow-hidden rounded-xl 
border px-3.5 py-3 text-sm focus:border-transparent focus:outline-none focus:ring-2 focus:ring-reca-400 min-h-[6rem] 
border-gray-200"></textarea></div></div></div></div><div class="rounded-2xl border border-gray-200 bg-gray-50 p-4"><p 
class="text-sm font-semibold text-gray-900">Item 12</p><div class="mt-3 space-y-4"><div class="grid gap-4 
lg:grid-cols-2"><div class="space-y-1.5"><label for="item_autoevaluacion.11" class="block text-sm font-medium 
text-gray-700">Autoevaluaci├│n</label><select id="item_autoevaluacion.11" name="item_autoevaluacion.11" class="w-full 
rounded-lg border px-3 py-2.5 text-sm transition-colors focus:border-transparent focus:outline-none focus:ring-2 
focus:ring-reca-400 border-gray-200 bg-white"><option value="">Selecciona</option><option 
value="Excelente">Excelente</option><option value="Bien">Bien</option><option value="Necesita mejorar">Necesita 
mejorar</option><option value="Mal">Mal</option><option value="No aplica">No aplica</option></select></div><div 
class="space-y-1.5"><label for="item_eval_empresa.11" class="block text-sm font-medium text-gray-700">Evaluaci├│n 
empresa</label><select id="item_eval_empresa.11" name="item_eval_empresa.11" class="w-full rounded-lg border px-3 
py-2.5 text-sm transition-colors focus:border-transparent focus:outline-none focus:ring-2 focus:ring-reca-400 
border-gray-200 bg-white"><option value="">Selecciona</option><option value="Excelente">Excelente</option><option 
value="Bien">Bien</option><option value="Necesita mejorar">Necesita mejorar</option><option 
value="Mal">Mal</option><option value="No aplica">No aplica</option></select></div></div><div 
class="space-y-1.5"><label for="item_observaciones.11" class="block text-sm font-medium 
text-gray-700">Observaciones</label><div class="space-y-2"><textarea id="item_observaciones.11" 
data-testid="item_observaciones.11" rows="1" name="item_observaciones.11" class="w-full overflow-hidden rounded-xl 
border px-3.5 py-3 text-sm focus:border-transparent focus:outline-none focus:ring-2 focus:ring-reca-400 min-h-[6rem] 
border-gray-200"></textarea></div></div></div></div><div class="rounded-2xl border border-gray-200 bg-gray-50 p-4"><p 
class="text-sm font-semibold text-gray-900">Item 13</p><div class="mt-3 space-y-4"><div class="grid gap-4 
lg:grid-cols-2"><div class="space-y-1.5"><label for="item_autoevaluacion.12" class="block text-sm font-medium 
text-gray-700">Autoevaluaci├│n</label><select id="item_autoevaluacion.12" name="item_autoevaluacion.12" class="w-full 
rounded-lg border px-3 py-2.5 text-sm transition-colors focus:border-transparent focus:outline-none focus:ring-2 
focus:ring-reca-400 border-gray-200 bg-white"><option value="">Selecciona</option><option 
value="Excelente">Excelente</option><option value="Bien">Bien</option><option value="Necesita mejorar">Necesita 
mejorar</option><option value="Mal">Mal</option><option value="No aplica">No aplica</option></select></div><div 
class="space-y-1.5"><label for="item_eval_empresa.12" class="block text-sm font-medium text-gray-700">Evaluaci├│n 
empresa</label><select id="item_eval_empresa.12" name="item_eval_empresa.12" class="w-full rounded-lg border px-3 
py-2.5 text-sm transition-colors focus:border-transparent focus:outline-none focus:ring-2 focus:ring-reca-400 
border-gray-200 bg-white"><option value="">Selecciona</option><option value="Excelente">Excelente</option><option 
value="Bien">Bien</option><option value="Necesita mejorar">Necesita mejorar</option><option 
value="Mal">Mal</option><option value="No aplica">No aplica</option></select></div></div><div 
class="space-y-1.5"><label for="item_observaciones.12" class="block text-sm font-medium 
text-gray-700">Observaciones</label><div class="space-y-2"><textarea id="item_observaciones.12" 
data-testid="item_observaciones.12" rows="1" name="item_observaciones.12" class="w-full overflow-hidden rounded-xl 
border px-3.5 py-3 text-sm focus:border-transparent focus:outline-none focus:ring-2 focus:ring-reca-400 min-h-[6rem] 
border-gray-200"></textarea></div></div></div></div><div class="rounded-2xl border border-gray-200 bg-gray-50 p-4"><p 
class="text-sm font-semibold text-gray-900">Item 14</p><div class="mt-3 space-y-4"><div class="grid gap-4 
lg:grid-cols-2"><div class="space-y-1.5"><label for="item_autoevaluacion.13" class="block text-sm font-medium 
text-gray-700">Autoevaluaci├│n</label><select id="item_autoevaluacion.13" name="item_autoevaluacion.13" class="w-full 
rounded-lg border px-3 py-2.5 text-sm transition-colors focus:border-transparent focus:outline-none focus:ring-2 
focus:ring-reca-400 border-gray-200 bg-white"><option value="">Selecciona</option><option 
value="Excelente">Excelente</option><option value="Bien">Bien</option><option value="Necesita mejorar">Necesita 
mejorar</option><option value="Mal">Mal</option><option value="No aplica">No aplica</option></select></div><div 
class="space-y-1.5"><label for="item_eval_empresa.13" class="block text-sm font-medium text-gray-700">Evaluaci├│n 
empresa</label><select id="item_eval_empresa.13" name="item_eval_empresa.13" class="w-full rounded-lg border px-3 
py-2.5 text-sm transition-colors focus:border-transparent focus:outline-none focus:ring-2 focus:ring-reca-400 
border-gray-200 bg-white"><option value="">Selecciona</option><option value="Excelente">Excelente</option><option 
value="Bien">Bien</option><option value="Necesita mejorar">Necesita mejorar</option><option 
value="Mal">Mal</option><option value="No aplica">No aplica</option></select></div></div><div 
class="space-y-1.5"><label for="item_observaciones.13" class="block text-sm font-medium 
text-gray-700">Observaciones</label><div class="space-y-2"><textarea id="item_observaciones.13" 
data-testid="item_observaciones.13" rows="1" name="item_observaciones.13" class="w-full overflow-hidden rounded-xl 
border px-3.5 py-3 text-sm focus:border-transparent focus:outline-none focus:ring-2 focus:ring-reca-400 min-h-[6rem] 
border-gray-200"></textarea></div></div></div></div><div class="rounded-2xl border border-gray-200 bg-gray-50 p-4"><p 
class="text-sm font-semibold text-gray-900">Item 15</p><div class="mt-3 space-y-4"><div class="grid gap-4 
lg:grid-cols-2"><div class="space-y-1.5"><label for="item_autoevaluacion.14" class="block text-sm font-medium 
text-gray-700">Autoevaluaci├│n</label><select id="item_autoevaluacion.14" name="item_autoevaluacion.14" class="w-full 
rounded-lg border px-3 py-2.5 text-sm transition-colors focus:border-transparent focus:outline-none focus:ring-2 
focus:ring-reca-400 border-gray-200 bg-white"><option value="">Selecciona</option><option 
value="Excelente">Excelente</option><option value="Bien">Bien</option><option value="Necesita mejorar">Necesita 
mejorar</option><option value="Mal">Mal</option><option value="No aplica">No aplica</option></select></div><div 
class="space-y-1.5"><label for="item_eval_empresa.14" class="block text-sm font-medium text-gray-700">Evaluaci├│n 
empresa</label><select id="item_eval_empresa.14" name="item_eval_empresa.14" class="w-full rounded-lg border px-3 
py-2.5 text-sm transition-colors focus:border-transparent focus:outline-none focus:ring-2 focus:ring-reca-400 
border-gray-200 bg-white"><option value="">Selecciona</option><option value="Excelente">Excelente</option><option 
value="Bien">Bien</option><option value="Necesita mejorar">Necesita mejorar</option><option 
value="Mal">Mal</option><option value="No aplica">No aplica</option></select></div></div><div 
class="space-y-1.5"><label for="item_observaciones.14" class="block text-sm font-medium 
text-gray-700">Observaciones</label><div class="space-y-2"><textarea id="item_observaciones.14" 
data-testid="item_observaciones.14" rows="1" name="item_observaciones.14" class="w-full overflow-hidden rounded-xl 
border px-3.5 py-3 text-sm focus:border-transparent focus:outline-none focus:ring-2 focus:ring-reca-400 min-h-[6rem] 
border-gray-200"></textarea></div></div></div></div><div class="rounded-2xl border border-gray-200 bg-gray-50 p-4"><p 
class="text-sm font-semibold text-gray-900">Item 16</p><div class="mt-3 space-y-4"><div class="grid gap-4 
lg:grid-cols-2"><div class="space-y-1.5"><label for="item_autoevaluacion.15" class="block text-sm font-medium 
text-gray-700">Autoevaluaci├│n</label><select id="item_autoevaluacion.15" name="item_autoevaluacion.15" class="w-full 
rounded-lg border px-3 py-2.5 text-sm transition-colors focus:border-transparent focus:outline-none focus:ring-2 
focus:ring-reca-400 border-gray-200 bg-white"><option value="">Selecciona</option><option 
value="Excelente">Excelente</option><option value="Bien">Bien</option><option value="Necesita mejorar">Necesita 
mejorar</option><option value="Mal">Mal</option><option value="No aplica">No aplica</option></select></div><div 
class="space-y-1.5"><label for="item_eval_empresa.15" class="block text-sm font-medium text-gray-700">Evaluaci├│n 
empresa</label><select id="item_eval_empresa.15" name="item_eval_empresa.15" class="w-full rounded-lg border px-3 
py-2.5 text-sm transition-colors focus:border-transparent focus:outline-none focus:ring-2 focus:ring-reca-400 
border-gray-200 bg-white"><option value="">Selecciona</option><option value="Excelente">Excelente</option><option 
value="Bien">Bien</option><option value="Necesita mejorar">Necesita mejorar</option><option 
value="Mal">Mal</option><option value="No aplica">No aplica</option></select></div></div><div 
class="space-y-1.5"><label for="item_observaciones.15" class="block text-sm font-medium 
text-gray-700">Observaciones</label><div class="space-y-2"><textarea id="item_observaciones.15" 
data-testid="item_observaciones.15" rows="1" name="item_observaciones.15" class="w-full overflow-hidden rounded-xl 
border px-3.5 py-3 text-sm focus:border-transparent focus:outline-none focus:ring-2 focus:ring-reca-400 min-h-[6rem] 
border-gray-200"></textarea></div></div></div></div><div class="rounded-2xl border border-gray-200 bg-gray-50 p-4"><p 
class="text-sm font-semibold text-gray-900">Item 17</p><div class="mt-3 space-y-4"><div class="grid gap-4 
lg:grid-cols-2"><div class="space-y-1.5"><label for="item_autoevaluacion.16" class="block text-sm font-medium 
text-gray-700">Autoevaluaci├│n</label><select id="item_autoevaluacion.16" name="item_autoevaluacion.16" class="w-full 
rounded-lg border px-3 py-2.5 text-sm transition-colors focus:border-transparent focus:outline-none focus:ring-2 
focus:ring-reca-400 border-gray-200 bg-white"><option value="">Selecciona</option><option 
value="Excelente">Excelente</option><option value="Bien">Bien</option><option value="Necesita mejorar">Necesita 
mejorar</option><option value="Mal">Mal</option><option value="No aplica">No aplica</option></select></div><div 
class="space-y-1.5"><label for="item_eval_empresa.16" class="block text-sm font-medium text-gray-700">Evaluaci├│n 
empresa</label><select id="item_eval_empresa.16" name="item_eval_empresa.16" class="w-full rounded-lg border px-3 
py-2.5 text-sm transition-colors focus:border-transparent focus:outline-none focus:ring-2 focus:ring-reca-400 
border-gray-200 bg-white"><option value="">Selecciona</option><option value="Excelente">Excelente</option><option 
value="Bien">Bien</option><option value="Necesita mejorar">Necesita mejorar</option><option 
value="Mal">Mal</option><option value="No aplica">No aplica</option></select></div></div><div 
class="space-y-1.5"><label for="item_observaciones.16" class="block text-sm font-medium 
text-gray-700">Observaciones</label><div class="space-y-2"><textarea id="item_observaciones.16" 
data-testid="item_observaciones.16" rows="1" name="item_observaciones.16" class="w-full overflow-hidden rounded-xl 
border px-3.5 py-3 text-sm focus:border-transparent focus:outline-none focus:ring-2 focus:ring-reca-400 min-h-[6rem] 
border-gray-200"></textarea></div></div></div></div><div class="rounded-2xl border border-gray-200 bg-gray-50 p-4"><p 
class="text-sm font-semibold text-gray-900">Item 18</p><div class="mt-3 space-y-4"><div class="grid gap-4 
lg:grid-cols-2"><div class="space-y-1.5"><label for="item_autoevaluacion.17" class="block text-sm font-medium 
text-gray-700">Autoevaluaci├│n</label><select id="item_autoevaluacion.17" name="item_autoevaluacion.17" class="w-full 
rounded-lg border px-3 py-2.5 text-sm transition-colors focus:border-transparent focus:outline-none focus:ring-2 
focus:ring-reca-400 border-gray-200 bg-white"><option value="">Selecciona</option><option 
value="Excelente">Excelente</option><option value="Bien">Bien</option><option value="Necesita mejorar">Necesita 
mejorar</option><option value="Mal">Mal</option><option value="No aplica">No aplica</option></select></div><div 
class="space-y-1.5"><label for="item_eval_empresa.17" class="block text-sm font-medium text-gray-700">Evaluaci├│n 
empresa</label><select id="item_eval_empresa.17" name="item_eval_empresa.17" class="w-full rounded-lg border px-3 
py-2.5 text-sm transition-colors focus:border-transparent focus:outline-none focus:ring-2 focus:ring-reca-400 
border-gray-200 bg-white"><option value="">Selecciona</option><option value="Excelente">Excelente</option><option 
value="Bien">Bien</option><option value="Necesita mejorar">Necesita mejorar</option><option 
value="Mal">Mal</option><option value="No aplica">No aplica</option></select></div></div><div 
class="space-y-1.5"><label for="item_observaciones.17" class="block text-sm font-medium 
text-gray-700">Observaciones</label><div class="space-y-2"><textarea id="item_observaciones.17" 
data-testid="item_observaciones.17" rows="1" name="item_observaciones.17" class="w-full overflow-hidden rounded-xl 
border px-3.5 py-3 text-sm focus:border-transparent focus:outline-none focus:ring-2 focus:ring-reca-400 min-h-[6rem] 
border-gray-200"></textarea></div></div></div></div><div class="rounded-2xl border border-gray-200 bg-gray-50 p-4"><p 
class="text-sm font-semibold text-gray-900">Item 19</p><div class="mt-3 space-y-4"><div class="grid gap-4 
lg:grid-cols-2"><div class="space-y-1.5"><label for="item_autoevaluacion.18" class="block text-sm font-medium 
text-gray-700">Autoevaluaci├│n</label><select id="item_autoevaluacion.18" name="item_autoevaluacion.18" class="w-full 
rounded-lg border px-3 py-2.5 text-sm transition-colors focus:border-transparent focus:outline-none focus:ring-2 
focus:ring-reca-400 border-gray-200 bg-white"><option value="">Selecciona</option><option 
value="Excelente">Excelente</option><option value="Bien">Bien</option><option value="Necesita mejorar">Necesita 
mejorar</option><option value="Mal">Mal</option><option value="No aplica">No aplica</option></select></div><div 
class="space-y-1.5"><label for="item_eval_empresa.18" class="block text-sm font-medium text-gray-700">Evaluaci├│n 
empresa</label><select id="item_eval_empresa.18" name="item_eval_empresa.18" class="w-full rounded-lg border px-3 
py-2.5 text-sm transition-colors focus:border-transparent focus:outline-none focus:ring-2 focus:ring-reca-400 
border-gray-200 bg-white"><option value="">Selecciona</option><option value="Excelente">Excelente</option><option 
value="Bien">Bien</option><option value="Necesita mejorar">Necesita mejorar</option><option 
value="Mal">Mal</option><option value="No aplica">No aplica</option></select></div></div><div 
class="space-y-1.5"><label for="item_observaciones.18" class="block text-sm font-medium 
text-gray-700">Observaciones</label><div class="space-y-2"><textarea id="item_observaciones.18" 
data-testid="item_observaciones.18" rows="1" name="item_observaciones.18" class="w-full overflow-hidden rounded-xl 
border px-3.5 py-3 text-sm focus:border-transparent focus:outline-none focus:ring-2 focus:ring-reca-400 min-h-[6rem] 
border-gray-200"></textarea></div></div></div></div></div></div></section><section class="rounded-2xl border 
border-gray-200 bg-white p-5 shadow-sm"><div class="space-y-1"><h3 class="text-base font-semibold 
text-gray-900">Bloque empresa</h3><p class="text-sm text-gray-500">Consolida la percepci├│n de la empresa para cada 
punto del seguimiento.</p></div><div class="mt-4 space-y-4"><div class="space-y-3"><div 
data-testid="seguimientos-followup-bulk-empresa_eval" class="rounded-2xl border border-gray-200 bg-gray-50 p-4"><div 
class="flex flex-col gap-3 lg:flex-row lg:items-center lg:justify-between"><p class="text-sm font-semibold 
text-gray-900">Evaluaci├│n empresarial</p><div class="flex flex-wrap gap-2"><button type="button" 
data-testid="seguimientos-followup-bulk-empresa_eval-excelente" disabled="" class="rounded-lg border border-gray-200 
bg-white px-3 py-2 text-xs font-semibold text-gray-700 transition-colors hover:bg-gray-100 disabled:cursor-not-allowed 
disabled:opacity-60">Todo excelente</button><button type="button" 
data-testid="seguimientos-followup-bulk-empresa_eval-bien" disabled="" class="rounded-lg border border-gray-200 
bg-white px-3 py-2 text-xs font-semibold text-gray-700 transition-colors hover:bg-gray-100 disabled:cursor-not-allowed 
disabled:opacity-60">Todo bien</button><button type="button" 
data-testid="seguimientos-followup-bulk-empresa_eval-necesita-mejorar" disabled="" class="rounded-lg border 
border-gray-200 bg-white px-3 py-2 text-xs font-semibold text-gray-700 transition-colors hover:bg-gray-100 
disabled:cursor-not-allowed disabled:opacity-60">Todo necesita mejorar</button><button type="button" 
data-testid="seguimientos-followup-bulk-empresa_eval-mal" disabled="" class="rounded-lg border border-gray-200 
bg-white px-3 py-2 text-xs font-semibold text-gray-700 transition-colors hover:bg-gray-100 disabled:cursor-not-allowed 
disabled:opacity-60">Todo mal</button><button type="button" 
data-testid="seguimientos-followup-bulk-empresa_eval-no-aplica" disabled="" class="rounded-lg border border-gray-200 
bg-white px-3 py-2 text-xs font-semibold text-gray-700 transition-colors hover:bg-gray-100 disabled:cursor-not-allowed 
disabled:opacity-60">Todo no aplica</button></div></div></div><div class="rounded-2xl border border-gray-200 
bg-gray-50 p-4"><p class="text-sm font-semibold text-gray-900"></p><div class="mt-3 grid gap-4 
lg:grid-cols-[220px_minmax(0,1fr)]"><div class="space-y-1.5"><label for="empresa_eval.0" class="block text-sm 
font-medium text-gray-700">Evaluacion empresa</label><select id="empresa_eval.0" name="empresa_eval.0" class="w-full 
rounded-lg border px-3 py-2.5 text-sm transition-colors focus:border-transparent focus:outline-none focus:ring-2 
focus:ring-reca-400 border-gray-200 bg-white"><option value="">Selecciona</option><option 
value="Excelente">Excelente</option><option value="Bien">Bien</option><option value="Necesita mejorar">Necesita 
mejorar</option><option value="Mal">Mal</option><option value="No aplica">No aplica</option></select></div><div 
class="space-y-1.5"><label for="empresa_observacion.0" class="block text-sm font-medium text-gray-700">Observacion 
empresa</label><div class="space-y-2"><textarea id="empresa_observacion.0" data-testid="empresa_observacion.0" 
rows="1" name="empresa_observacion.0" class="w-full overflow-hidden rounded-xl border px-3.5 py-3 text-sm 
focus:border-transparent focus:outline-none focus:ring-2 focus:ring-reca-400 min-h-[6rem] 
border-gray-200"></textarea></div></div></div></div><div class="rounded-2xl border border-gray-200 bg-gray-50 p-4"><p 
class="text-sm font-semibold text-gray-900"></p><div class="mt-3 grid gap-4 lg:grid-cols-[220px_minmax(0,1fr)]"><div 
class="space-y-1.5"><label for="empresa_eval.1" class="block text-sm font-medium text-gray-700">Evaluacion 
empresa</label><select id="empresa_eval.1" name="empresa_eval.1" class="w-full rounded-lg border px-3 py-2.5 text-sm 
transition-colors focus:border-transparent focus:outline-none focus:ring-2 focus:ring-reca-400 border-gray-200 
bg-white"><option value="">Selecciona</option><option value="Excelente">Excelente</option><option 
value="Bien">Bien</option><option value="Necesita mejorar">Necesita mejorar</option><option 
value="Mal">Mal</option><option value="No aplica">No aplica</option></select></div><div class="space-y-1.5"><label 
for="empresa_observacion.1" class="block text-sm font-medium text-gray-700">Observacion empresa</label><div 
class="space-y-2"><textarea id="empresa_observacion.1" data-testid="empresa_observacion.1" rows="1" 
name="empresa_observacion.1" class="w-full overflow-hidden rounded-xl border px-3.5 py-3 text-sm 
focus:border-transparent focus:outline-none focus:ring-2 focus:ring-reca-400 min-h-[6rem] 
border-gray-200"></textarea></div></div></div></div><div class="rounded-2xl border border-gray-200 bg-gray-50 p-4"><p 
class="text-sm font-semibold text-gray-900"></p><div class="mt-3 grid gap-4 lg:grid-cols-[220px_minmax(0,1fr)]"><div 
class="space-y-1.5"><label for="empresa_eval.2" class="block text-sm font-medium text-gray-700">Evaluacion 
empresa</label><select id="empresa_eval.2" name="empresa_eval.2" class="w-full rounded-lg border px-3 py-2.5 text-sm 
transition-colors focus:border-transparent focus:outline-none focus:ring-2 focus:ring-reca-400 border-gray-200 
bg-white"><option value="">Selecciona</option><option value="Excelente">Excelente</option><option 
value="Bien">Bien</option><option value="Necesita mejorar">Necesita mejorar</option><option 
value="Mal">Mal</option><option value="No aplica">No aplica</option></select></div><div class="space-y-1.5"><label 
for="empresa_observacion.2" class="block text-sm font-medium text-gray-700">Observacion empresa</label><div 
class="space-y-2"><textarea id="empresa_observacion.2" data-testid="empresa_observacion.2" rows="1" 
name="empresa_observacion.2" class="w-full overflow-hidden rounded-xl border px-3.5 py-3 text-sm 
focus:border-transparent focus:outline-none focus:ring-2 focus:ring-reca-400 min-h-[6rem] 
border-gray-200"></textarea></div></div></div></div><div class="rounded-2xl border border-gray-200 bg-gray-50 p-4"><p 
class="text-sm font-semibold text-gray-900"></p><div class="mt-3 grid gap-4 lg:grid-cols-[220px_minmax(0,1fr)]"><div 
class="space-y-1.5"><label for="empresa_eval.3" class="block text-sm font-medium text-gray-700">Evaluacion 
empresa</label><select id="empresa_eval.3" name="empresa_eval.3" class="w-full rounded-lg border px-3 py-2.5 text-sm 
transition-colors focus:border-transparent focus:outline-none focus:ring-2 focus:ring-reca-400 border-gray-200 
bg-white"><option value="">Selecciona</option><option value="Excelente">Excelente</option><option 
value="Bien">Bien</option><option value="Necesita mejorar">Necesita mejorar</option><option 
value="Mal">Mal</option><option value="No aplica">No aplica</option></select></div><div class="space-y-1.5"><label 
for="empresa_observacion.3" class="block text-sm font-medium text-gray-700">Observacion empresa</label><div 
class="space-y-2"><textarea id="empresa_observacion.3" data-testid="empresa_observacion.3" rows="1" 
name="empresa_observacion.3" class="w-full overflow-hidden rounded-xl border px-3.5 py-3 text-sm 
focus:border-transparent focus:outline-none focus:ring-2 focus:ring-reca-400 min-h-[6rem] 
border-gray-200"></textarea></div></div></div></div><div class="rounded-2xl border border-gray-200 bg-gray-50 p-4"><p 
class="text-sm font-semibold text-gray-900"></p><div class="mt-3 grid gap-4 lg:grid-cols-[220px_minmax(0,1fr)]"><div 
class="space-y-1.5"><label for="empresa_eval.4" class="block text-sm font-medium text-gray-700">Evaluacion 
empresa</label><select id="empresa_eval.4" name="empresa_eval.4" class="w-full rounded-lg border px-3 py-2.5 text-sm 
transition-colors focus:border-transparent focus:outline-none focus:ring-2 focus:ring-reca-400 border-gray-200 
bg-white"><option value="">Selecciona</option><option value="Excelente">Excelente</option><option 
value="Bien">Bien</option><option value="Necesita mejorar">Necesita mejorar</option><option 
value="Mal">Mal</option><option value="No aplica">No aplica</option></select></div><div class="space-y-1.5"><label 
for="empresa_observacion.4" class="block text-sm font-medium text-gray-700">Observacion empresa</label><div 
class="space-y-2"><textarea id="empresa_observacion.4" data-testid="empresa_observacion.4" rows="1" 
name="empresa_observacion.4" class="w-full overflow-hidden rounded-xl border px-3.5 py-3 text-sm 
focus:border-transparent focus:outline-none focus:ring-2 focus:ring-reca-400 min-h-[6rem] 
border-gray-200"></textarea></div></div></div></div><div class="rounded-2xl border border-gray-200 bg-gray-50 p-4"><p 
class="text-sm font-semibold text-gray-900"></p><div class="mt-3 grid gap-4 lg:grid-cols-[220px_minmax(0,1fr)]"><div 
class="space-y-1.5"><label for="empresa_eval.5" class="block text-sm font-medium text-gray-700">Evaluacion 
empresa</label><select id="empresa_eval.5" name="empresa_eval.5" class="w-full rounded-lg border px-3 py-2.5 text-sm 
transition-colors focus:border-transparent focus:outline-none focus:ring-2 focus:ring-reca-400 border-gray-200 
bg-white"><option value="">Selecciona</option><option value="Excelente">Excelente</option><option 
value="Bien">Bien</option><option value="Necesita mejorar">Necesita mejorar</option><option 
value="Mal">Mal</option><option value="No aplica">No aplica</option></select></div><div class="space-y-1.5"><label 
for="empresa_observacion.5" class="block text-sm font-medium text-gray-700">Observacion empresa</label><div 
class="space-y-2"><textarea id="empresa_observacion.5" data-testid="empresa_observacion.5" rows="1" 
name="empresa_observacion.5" class="w-full overflow-hidden rounded-xl border px-3.5 py-3 text-sm 
focus:border-transparent focus:outline-none focus:ring-2 focus:ring-reca-400 min-h-[6rem] 
border-gray-200"></textarea></div></div></div></div><div class="rounded-2xl border border-gray-200 bg-gray-50 p-4"><p 
class="text-sm font-semibold text-gray-900"></p><div class="mt-3 grid gap-4 lg:grid-cols-[220px_minmax(0,1fr)]"><div 
class="space-y-1.5"><label for="empresa_eval.6" class="block text-sm font-medium text-gray-700">Evaluacion 
empresa</label><select id="empresa_eval.6" name="empresa_eval.6" class="w-full rounded-lg border px-3 py-2.5 text-sm 
transition-colors focus:border-transparent focus:outline-none focus:ring-2 focus:ring-reca-400 border-gray-200 
bg-white"><option value="">Selecciona</option><option value="Excelente">Excelente</option><option 
value="Bien">Bien</option><option value="Necesita mejorar">Necesita mejorar</option><option 
value="Mal">Mal</option><option value="No aplica">No aplica</option></select></div><div class="space-y-1.5"><label 
for="empresa_observacion.6" class="block text-sm font-medium text-gray-700">Observacion empresa</label><div 
class="space-y-2"><textarea id="empresa_observacion.6" data-testid="empresa_observacion.6" rows="1" 
name="empresa_observacion.6" class="w-full overflow-hidden rounded-xl border px-3.5 py-3 text-sm 
focus:border-transparent focus:outline-none focus:ring-2 focus:ring-reca-400 min-h-[6rem] 
border-gray-200"></textarea></div></div></div></div><div class="rounded-2xl border border-gray-200 bg-gray-50 p-4"><p 
class="text-sm font-semibold text-gray-900"></p><div class="mt-3 grid gap-4 lg:grid-cols-[220px_minmax(0,1fr)]"><div 
class="space-y-1.5"><label for="empresa_eval.7" class="block text-sm font-medium text-gray-700">Evaluacion 
empresa</label><select id="empresa_eval.7" name="empresa_eval.7" class="w-full rounded-lg border px-3 py-2.5 text-sm 
transition-colors focus:border-transparent focus:outline-none focus:ring-2 focus:ring-reca-400 border-gray-200 
bg-white"><option value="">Selecciona</option><option value="Excelente">Excelente</option><option 
value="Bien">Bien</option><option value="Necesita mejorar">Necesita mejorar</option><option 
value="Mal">Mal</option><option value="No aplica">No aplica</option></select></div><div class="space-y-1.5"><label 
for="empresa_observacion.7" class="block text-sm font-medium text-gray-700">Observacion empresa</label><div 
class="space-y-2"><textarea id="empresa_observacion.7" data-testid="empresa_observacion.7" rows="1" 
name="empresa_observacion.7" class="w-full overflow-hidden rounded-xl border px-3.5 py-3 text-sm 
focus:border-transparent focus:outline-none focus:ring-2 focus:ring-reca-400 min-h-[6rem] 
border-gray-200"></textarea></div></div></div></div></div></div></section><section class="rounded-2xl border 
border-gray-200 bg-white p-5 shadow-sm"><div class="space-y-1"><h3 class="text-base font-semibold 
text-gray-900">Cierre</h3><p class="text-sm text-gray-500">Resume la situaci├│n encontrada y las estrategias o ajustes 
definidos para la continuidad del caso.</p></div><div class="mt-4 space-y-4"><div class="grid gap-4 
lg:grid-cols-2"><div class="space-y-1.5"><label for="situacion_encontrada" class="block text-sm font-medium 
text-gray-700">Situaci├│n encontrada</label><div class="space-y-2"><textarea id="situacion_encontrada" 
data-testid="situacion_encontrada" rows="1" name="situacion_encontrada" disabled="" readOnly="" class="w-full 
overflow-hidden rounded-xl border px-3.5 py-3 text-sm focus:border-transparent focus:outline-none focus:ring-2 
focus:ring-reca-400 min-h-[8rem] border-gray-200 bg-gray-50 text-gray-700 cursor-not-allowed"></textarea><div 
class="flex items-center justify-between gap-3"><div></div><div class="flex items-center gap-3"><span class="text-xs 
text-gray-400">2 caracteres</span></div></div></div></div><div class="space-y-1.5"><label for="estrategias_ajustes" 
class="block text-sm font-medium text-gray-700">Estrategias y ajustes</label><div class="space-y-2"><textarea 
id="estrategias_ajustes" data-testid="estrategias_ajustes" rows="1" name="estrategias_ajustes" disabled="" readOnly="" 
class="w-full overflow-hidden rounded-xl border px-3.5 py-3 text-sm focus:border-transparent focus:outline-none 
focus:ring-2 focus:ring-reca-400 min-h-[8rem] border-gray-200 bg-gray-50 text-gray-700 
cursor-not-allowed"></textarea><div class="flex items-center justify-between gap-3"><div></div><div class="flex 
items-center gap-3"><span class="text-xs text-gray-400">2 
caracteres</span></div></div></div></div></div></div></section><div class="rounded-2xl border border-gray-200 bg-white 
p-6 shadow-sm"><div class="mb-5 flex items-center justify-between"><div><h2 class="font-semibold 
text-gray-900">Asistentes</h2><p class="mt-0.5 text-xs text-gray-500">M├¡nimo 1 persona ┬À M├íximo 10</p><p 
class="mt-1 text-xs text-gray-500">Fila 0 profesional RECA. Agrega asistentes adicionales solo cuando 
corresponda.</p></div></div><div class="space-y-3"><div class="flex items-start gap-3 rounded-xl border p-4 
border-reca-200 bg-reca-50"><div class="flex-1"><div class="mb-3"><span class="rounded-full bg-reca-100 px-2 py-0.5 
text-xs font-semibold text-reca">Profesional RECA</span></div><div class="grid grid-cols-1 gap-3 sm:grid-cols-2"><div 
class="space-y-1.5"><label for="asistentes.0.nombre" class="block text-sm font-medium text-gray-700">Nombre 
completo<span class="ml-1 text-red-500" aria-hidden="true">*</span></label><input id="asistentes.0.nombre" type="text" 
readOnly="" placeholder="Profesional RECA" autoComplete="off" class="w-full rounded-lg border px-3 py-2 text-sm 
focus:border-transparent focus:outline-none focus:ring-2 focus:ring-reca-400 border-gray-200 bg-gray-100 
text-gray-700" name="asistentes.0.nombre"/></div><div class="space-y-1.5"><label for="asistentes.0.cargo" class="block 
text-sm font-medium text-gray-700">Cargo</label><input id="asistentes.0.cargo" type="text" readOnly="" 
placeholder="Cargo (opcional)" autoComplete="off" class="w-full rounded-lg border px-3 py-2 text-sm 
focus:border-transparent focus:outline-none focus:ring-2 focus:ring-reca-400 border-gray-200 bg-gray-100 
text-gray-700" name="asistentes.0.cargo"/></div></div></div></div><div class="flex items-start gap-3 rounded-xl border 
p-4 border-gray-100 bg-gray-50"><div class="flex-1"><div class="grid grid-cols-1 gap-3 sm:grid-cols-2"><div 
class="space-y-1.5"><label for="asistentes.1.nombre" class="block text-sm font-medium text-gray-700">Nombre 
completo</label><input id="asistentes.1.nombre" type="text" readOnly="" placeholder="Nombre del asistente" 
autoComplete="off" class="w-full rounded-lg border px-3 py-2 text-sm focus:border-transparent focus:outline-none 
focus:ring-2 focus:ring-reca-400 border-gray-200 bg-gray-100 text-gray-700" name="asistentes.1.nombre"/></div><div 
class="space-y-1.5"><label for="asistentes.1.cargo" class="block text-sm font-medium 
text-gray-700">Cargo</label><input id="asistentes.1.cargo" type="text" readOnly="" placeholder="Cargo (opcional)" 
autoComplete="off" class="w-full rounded-lg border px-3 py-2 text-sm focus:border-transparent focus:outline-none 
focus:ring-2 focus:ring-reca-400 border-gray-200 bg-gray-100 text-gray-700" 
name="asistentes.1.cargo"/></div></div></div></div></div></div></fieldset><div class="flex flex-col gap-4 rounded-2xl 
border border-gray-200 bg-white p-4 shadow-sm"><div class="flex flex-col gap-3 sm:flex-row sm:items-center 
sm:justify-between"><div class="space-y-1"><p class="text-sm font-semibold text-gray-900">Guardar seguimiento en 
Google Sheets</p><p class="text-sm text-gray-500">Escribe este seguimiento y cualquier otra etapa desbloqueada con 
cambios pendientes en Google Sheets.</p></div><button type="submit" data-testid="seguimientos-followup-save-button" 
disabled="" class="inline-flex items-center justify-center gap-2 rounded-xl bg-reca px-5 py-2.5 text-sm font-semibold 
text-white transition-colors hover:bg-reca-dark disabled:cursor-not-allowed disabled:opacity-60"><svg 
xmlns="http://www.w3.org/2000/svg" width="24" height="24" viewBox="0 0 24 24" fill="none" stroke="currentColor" 
stroke-width="2" stroke-linecap="round" stroke-linejoin="round" class="lucide lucide-save h-4 w-4" 
aria-hidden="true"><path d="M15.2 3a2 2 0 0 1 1.4.6l3.8 3.8a2 2 0 0 1 .6 1.4V19a2 2 0 0 1-2 2H5a2 2 0 0 1-2-2V5a2 2 0 
0 1 2-2z"></path><path d="M17 21v-7a1 1 0 0 0-1-1H8a1 1 0 0 0-1 1v7"></path><path d="M7 3v4a1 1 0 0 0 1 
1h7"></path></svg>Guardar seguimiento en Google Sheets</button></div></div></form></div></main></div>[39m

[36m [2mÔØ»[22m src/components/forms/seguimientos/SeguimientosCaseEditor.test.tsx:[2m718:18[22m[39m
    [90m716| [39m
    [90m717| [39m    [34mexpect[39m(html)[33m.[39m[34mtoContain[39m([32m"Renovar desbloqueo"[39m)[33m;[39m
    [90m718| [39m    [34mexpect[39m(html)[33m.[39m[34mtoContain[39m(
    [90m   | [39m                 [31m^[39m
    [90m719| [39m      "El desbloqueo de Ficha inicial vencio. Debes renovarlo para guaÔÇª
    [90m720| [39m    )[33m;[39m

[31m[2mÔÄ»ÔÄ»ÔÄ»ÔÄ»ÔÄ»ÔÄ»ÔÄ»ÔÄ»ÔÄ»ÔÄ»ÔÄ»ÔÄ»ÔÄ»ÔÄ»ÔÄ»ÔÄ»ÔÄ»ÔÄ»ÔÄ»ÔÄ»ÔÄ»ÔÄ»ÔÄ»ÔÄ»[2/3]ÔÄ»[22m[39m

[41m[1m FAIL [22m[49m src/components/forms/seguimientos/SeguimientosCaseEditor.test.tsx[2m > 
[22mSeguimientosCaseEditor[2m > [22mshows a reload CTA when the case changed in another session
[31m[1mAssertionError[22m: expected '<div data-testid="seguimientos-case-oÔÇª' to contain 'Este caso cambio en otra 
pesta├▒a o seÔÇª'[39m

[32m- Expected[39m
[31m+ Received[39m

[32m- Este caso cambio en otra pesta├▒a o sesion.[39m
[31m+ <div data-testid="seguimientos-case-overview" class="min-h-screen bg-gray-50"><div class="bg-reca 
shadow-lg"><div class="mx-auto max-w-6xl px-4 py-4 sm:px-6 lg:px-8"><div class="flex items-center gap-4"><button 
type="button" data-testid="seguimientos-overview-back" class="rounded-xl p-1.5 text-white/80 transition-colors 
hover:bg-white/10 hover:text-white"><svg xmlns="http://www.w3.org/2000/svg" width="24" height="24" viewBox="0 0 24 24" 
fill="none" stroke="currentColor" stroke-width="2" stroke-linecap="round" stroke-linejoin="round" class="lucide 
lucide-arrow-left h-5 w-5" aria-hidden="true"><path d="m12 19-7-7 7-7"></path><path d="M19 
12H5"></path></svg></button><div class="min-w-0 flex-1"><h1 class="text-lg font-bold leading-tight 
text-white">Seguimientos</h1><p class="mt-0.5 text-sm text-reca-100">Ana Perez ┬À Empresa Uno SAS ┬À No Compensar ┬À 3 
seguimientos</p></div></div><div class="mt-3"><div data-testid="seguimientos-case-timeline" class="flex flex-wrap 
items-center gap-1"><div data-testid="seguimientos-timeline-base_process" class="flex items-center gap-1"><button 
type="button" data-testid="seguimientos-timeline-badge-base_process" class="inline-flex items-center gap-1.5 
rounded-xl px-2.5 py-1.5 text-xs font-semibold transition-colors bg-amber-50 text-amber-800 hover:bg-amber-100"><svg 
xmlns="http://www.w3.org/2000/svg" width="24" height="24" viewBox="0 0 24 24" fill="none" stroke="currentColor" 
stroke-width="2" stroke-linecap="round" stroke-linejoin="round" class="lucide lucide-circle-check h-3.5 w-3.5" 
aria-hidden="true"><circle cx="12" cy="12" r="10"></circle><path d="m9 12 2 2 4-4"></path></svg>Ficha 
inicial</button><span class="mx-0.5 text-gray-300"><svg xmlns="http://www.w3.org/2000/svg" width="24" height="24" 
viewBox="0 0 24 24" fill="none" stroke="currentColor" stroke-width="2" stroke-linecap="round" stroke-linejoin="round" 
class="lucide lucide-chevron-right h-3 w-3" aria-hidden="true"><path d="m9 18 6-6-6-6"></path></svg></span></div><div 
data-testid="seguimientos-timeline-followup_1" class="flex items-center gap-1"><button type="button" 
data-testid="seguimientos-timeline-badge-followup_1" class="inline-flex items-center gap-1.5 rounded-xl px-2.5 py-1.5 
text-xs font-semibold transition-colors bg-reca text-white shadow-sm ring-2 ring-reca-300"><svg 
xmlns="http://www.w3.org/2000/svg" width="24" height="24" viewBox="0 0 24 24" fill="none" stroke="currentColor" 
stroke-width="2" stroke-linecap="round" stroke-linejoin="round" class="lucide lucide-circle-check h-3.5 w-3.5" 
aria-hidden="true"><circle cx="12" cy="12" r="10"></circle><path d="m9 12 2 2 4-4"></path></svg>S1</button><span 
class="mx-0.5 text-gray-300"><svg xmlns="http://www.w3.org/2000/svg" width="24" height="24" viewBox="0 0 24 24" 
fill="none" stroke="currentColor" stroke-width="2" stroke-linecap="round" stroke-linejoin="round" class="lucide 
lucide-chevron-right h-3 w-3" aria-hidden="true"><path d="m9 18 6-6-6-6"></path></svg></span></div><div 
data-testid="seguimientos-timeline-followup_2" class="flex items-center gap-1"><button type="button" 
data-testid="seguimientos-timeline-badge-followup_2" class="inline-flex items-center gap-1.5 rounded-xl px-2.5 py-1.5 
text-xs font-semibold transition-colors bg-reca-50 text-reca hover:bg-reca-100 ring-1 ring-reca-300"><svg 
xmlns="http://www.w3.org/2000/svg" width="24" height="24" viewBox="0 0 24 24" fill="none" stroke="currentColor" 
stroke-width="2" stroke-linecap="round" stroke-linejoin="round" class="lucide lucide-chevron-right h-3.5 w-3.5" 
aria-hidden="true"><path d="m9 18 6-6-6-6"></path></svg>S2</button><span class="mx-0.5 text-gray-300"><svg 
xmlns="http://www.w3.org/2000/svg" width="24" height="24" viewBox="0 0 24 24" fill="none" stroke="currentColor" 
stroke-width="2" stroke-linecap="round" stroke-linejoin="round" class="lucide lucide-chevron-right h-3 w-3" 
aria-hidden="true"><path d="m9 18 6-6-6-6"></path></svg></span></div><div 
data-testid="seguimientos-timeline-followup_3" class="flex items-center gap-1"><button type="button" 
data-testid="seguimientos-timeline-badge-followup_3" disabled="" class="inline-flex items-center gap-1.5 rounded-xl 
px-2.5 py-1.5 text-xs font-semibold transition-colors cursor-not-allowed bg-gray-50 text-gray-400">S3</button><span 
class="mx-0.5 text-gray-300"><svg xmlns="http://www.w3.org/2000/svg" width="24" height="24" viewBox="0 0 24 24" 
fill="none" stroke="currentColor" stroke-width="2" stroke-linecap="round" stroke-linejoin="round" class="lucide 
lucide-chevron-right h-3 w-3" aria-hidden="true"><path d="m9 18 6-6-6-6"></path></svg></span></div><div 
data-testid="seguimientos-timeline-final_result" class="flex items-center gap-1"><button type="button" 
data-testid="seguimientos-timeline-badge-final_result" disabled="" class="inline-flex items-center gap-1.5 rounded-xl 
px-2.5 py-1.5 text-xs font-semibold transition-colors cursor-not-allowed bg-gray-50 text-gray-400">Resultado 
final</button></div></div></div></div></div><main class="mx-auto max-w-6xl px-4 py-6 sm:px-6 lg:px-8"><div 
class="mb-4"><div data-testid="seguimientos-base-stage-summary" class="rounded-2xl border border-gray-200 bg-white 
shadow-sm"><button type="button" data-testid="seguimientos-base-stage-toggle" class="flex w-full items-center 
justify-between px-5 py-4 text-left"><div class="flex items-center gap-2.5"><h3 class="text-sm font-semibold 
text-gray-900">Ficha inicial</h3><span class="inline-flex items-center gap-1 rounded-full bg-amber-100 px-2 py-0.5 
text-[10px] font-semibold text-amber-800"><svg xmlns="http://www.w3.org/2000/svg" width="24" height="24" viewBox="0 0 
24 24" fill="none" stroke="currentColor" stroke-width="2" stroke-linecap="round" stroke-linejoin="round" class="lucide 
lucide-lock h-3 w-3" aria-hidden="true"><rect width="18" height="11" x="3" y="11" rx="2" ry="2"></rect><path d="M7 
11V7a5 5 0 0 1 10 0v4"></path></svg>Protegida</span></div><div class="flex items-center gap-2"><button type="button" 
data-testid="seguimientos-base-stage-reopen-button" class="rounded-lg border border-amber-300 bg-white px-2.5 py-1 
text-[11px] font-semibold text-amber-800 transition-colors hover:bg-amber-50">Reabrir ficha inicial</button><svg 
xmlns="http://www.w3.org/2000/svg" width="24" height="24" viewBox="0 0 24 24" fill="none" stroke="currentColor" 
stroke-width="2" stroke-linecap="round" stroke-linejoin="round" class="lucide lucide-chevron-down h-4 w-4 
text-gray-400" aria-hidden="true"><path d="m6 9 6 6 6-6"></path></svg></div></button></div></div><div 
class="space-y-4"><div class="flex flex-wrap items-center justify-between gap-2 rounded-2xl border border-gray-200 
bg-white p-4 shadow-sm"><div class="space-y-1"><p data-testid="seguimientos-active-stage-title" class="text-sm 
font-semibold text-gray-900">Seguimiento 1</p><p class="text-sm text-gray-600">Seguimiento 1 protegido por defecto 
para evitar cambios accidentales.</p></div><div class="flex flex-wrap gap-2"><button type="button" class="inline-flex 
items-center gap-2 rounded-xl border border-gray-200 bg-white px-4 py-2.5 text-sm font-semibold text-gray-700 
transition-colors hover:bg-gray-50 disabled:cursor-not-allowed disabled:opacity-50"><svg 
xmlns="http://www.w3.org/2000/svg" width="24" height="24" viewBox="0 0 24 24" fill="none" stroke="currentColor" 
stroke-width="2" stroke-linecap="round" stroke-linejoin="round" class="lucide lucide-arrow-left h-4 w-4" 
aria-hidden="true"><path d="m12 19-7-7 7-7"></path><path d="M19 12H5"></path></svg>Anterior</button><button 
type="button" class="inline-flex items-center gap-2 rounded-xl border border-gray-200 bg-white px-4 py-2.5 text-sm 
font-semibold text-gray-700 transition-colors hover:bg-gray-50 disabled:cursor-not-allowed 
disabled:opacity-50">Siguiente<svg xmlns="http://www.w3.org/2000/svg" width="24" height="24" viewBox="0 0 24 24" 
fill="none" stroke="currentColor" stroke-width="2" stroke-linecap="round" stroke-linejoin="round" class="lucide 
lucide-arrow-right h-4 w-4" aria-hidden="true"><path d="M5 12h14"></path><path d="m12 5 7 7-7 
7"></path></svg></button><button type="button" data-testid="seguimientos-stage-override-button" class="inline-flex 
items-center gap-2 rounded-xl border border-amber-300 bg-amber-50 px-4 py-2.5 text-sm font-semibold text-amber-900 
transition-colors hover:bg-amber-100"><svg xmlns="http://www.w3.org/2000/svg" width="24" height="24" viewBox="0 0 24 
24" fill="none" stroke="currentColor" stroke-width="2" stroke-linecap="round" stroke-linejoin="round" class="lucide 
lucide-shield-alert h-4 w-4" aria-hidden="true"><path d="M20 13c0 5-3.5 7.5-7.66 8.95a1 1 0 0 1-.67-.01C7.5 20.5 4 18 
4 13V6a1 1 0 0 1 1-1c2 0 4.5-1.2 6.24-2.72a1.17 1.17 0 0 1 1.52 0C14.51 3.81 17 5 19 5a1 1 0 0 1 1 1z"></path><path 
d="M12 8v4"></path><path d="M12 16h.01"></path></svg>Desbloquear etapa</button></div></div><div class="grid gap-4 
xl:grid-cols-[220px_minmax(0,1fr)]"><div class="rounded-2xl border border-gray-200 bg-white p-4 shadow-sm"><p 
class="text-xs font-semibold uppercase tracking-wide text-gray-500">Progreso</p><p class="mt-2 text-3xl font-bold 
text-gray-900">100%</p><p class="mt-1 text-sm text-gray-500">51 de 51 campos rastreados</p></div><div 
class="rounded-2xl border border-gray-200 bg-white p-4 shadow-sm"><p class="text-xs font-semibold uppercase 
tracking-wide text-gray-500">Resumen del caso</p><div class="mt-3 grid gap-3 sm:grid-cols-2 xl:grid-cols-4"><div 
class="rounded-xl border border-gray-200 bg-gray-50 px-3 py-3"><p class="text-[11px] font-semibold uppercase 
tracking-wide text-gray-500">Vinculado</p><p class="mt-1 text-sm text-gray-900">Ana Perez</p></div><div 
class="rounded-xl border border-gray-200 bg-gray-50 px-3 py-3"><p class="text-[11px] font-semibold uppercase 
tracking-wide text-gray-500">C├®dula</p><p class="mt-1 text-sm text-gray-900">1001234567</p></div><div 
class="rounded-xl border border-gray-200 bg-gray-50 px-3 py-3"><p class="text-[11px] font-semibold uppercase 
tracking-wide text-gray-500">Tipo de empresa</p><p class="mt-1 text-sm text-gray-900">No compensar</p></div><div 
class="rounded-xl border border-gray-200 bg-gray-50 px-3 py-3"><p class="text-[11px] font-semibold uppercase 
tracking-wide text-gray-500">Seguimientos visibles</p><p class="mt-1 text-sm 
text-gray-900">3</p></div></div></div></div><div data-testid="seguimientos-operation-guide" class="rounded-2xl border 
border-gray-200 bg-white p-4 shadow-sm"><p class="text-xs font-semibold uppercase tracking-wide text-gray-500">C├│mo 
se guarda este formulario</p><div class="mt-3 grid gap-3 lg:grid-cols-3"><div class="rounded-xl border border-gray-200 
bg-gray-50 px-4 py-3"><p class="text-sm font-semibold text-gray-900">Borrador</p><p class="mt-1 text-sm 
text-gray-600">Guarda el progreso del editor y te deja retomarlo despu├®s. No escribe Google Sheets ni genera 
PDF.</p></div><div class="rounded-xl border border-gray-200 bg-gray-50 px-4 py-3"><p class="text-sm font-semibold 
text-gray-900">Google Sheets</p><p class="mt-1 text-sm text-gray-600">Guarda la ficha inicial o el seguimiento en la 
hoja del caso y sincroniza el resumen operativo.</p></div><div class="rounded-xl border border-gray-200 bg-gray-50 
px-4 py-3"><p class="text-sm font-semibold text-gray-900">PDF</p><p class="mt-1 text-sm text-gray-600">Solo se genera 
desde Resultado final. Antes de exportarlo, primero debes guardar los cambios en Google 
Sheets.</p></div></div></div><div class="rounded-2xl border border-gray-200 bg-white p-4 shadow-sm"><p class="text-xs 
font-semibold uppercase tracking-wide text-gray-500">Estado de edici├│n</p><div class="mt-3 grid gap-3 
sm:grid-cols-2"><div class="rounded-xl border border-gray-200 bg-gray-50 px-3 py-3"><p class="text-[11px] 
font-semibold uppercase tracking-wide text-gray-500">Cambios pendientes</p><p class="mt-1 text-sm 
text-gray-900">1</p></div><div class="rounded-xl border border-gray-200 bg-gray-50 px-3 py-3"><p class="text-[11px] 
font-semibold uppercase tracking-wide text-gray-500">Listos para guardar</p><p class="mt-1 text-sm 
text-gray-900">1</p></div></div></div><div class="rounded-2xl border border-amber-200 bg-amber-50 p-4"><div 
class="flex items-start gap-3"><div class="rounded-xl bg-amber-100 p-2 text-amber-700"><svg 
xmlns="http://www.w3.org/2000/svg" width="24" height="24" viewBox="0 0 24 24" fill="none" stroke="currentColor" 
stroke-width="2" stroke-linecap="round" stroke-linejoin="round" class="lucide lucide-shield-alert h-4 w-4" 
aria-hidden="true"><path d="M20 13c0 5-3.5 7.5-7.66 8.95a1 1 0 0 1-.67-.01C7.5 20.5 4 18 4 13V6a1 1 0 0 1 1-1c2 0 
4.5-1.2 6.24-2.72a1.17 1.17 0 0 1 1.52 0C14.51 3.81 17 5 19 5a1 1 0 0 1 1 1z"></path><path d="M12 8v4"></path><path 
d="M12 16h.01"></path></svg></div><div><p class="text-sm font-semibold text-amber-900">Esta etapa ya tiene 
informaci├│n registrada</p><p class="mt-1 text-sm text-amber-800">Usa el bot├│n Desbloquear etapa si necesitas 
corregirla y confirmar├ís manualmente esa edici├│n.</p></div></div></div><div 
data-testid="seguimientos-case-conflict-banner" class="rounded-2xl border border-red-200 bg-red-50 px-4 py-3 text-sm 
text-red-900"><div class="flex flex-col gap-3 lg:flex-row lg:items-center lg:justify-between"><div><p 
class="font-semibold">Este caso cambi├│ en otra pesta├▒a o sesi├│n.</p><p class="mt-1">Recarga el caso antes de 
guardar para evitar sobrescribir cambios m├ís recientes.</p></div><button type="button" 
data-testid="seguimientos-reload-case-button" class="inline-flex items-center justify-center gap-2 rounded-xl border 
border-red-300 bg-white px-4 py-2.5 text-sm font-semibold text-red-900 transition-colors hover:bg-red-100 
disabled:cursor-not-allowed disabled:opacity-60"><svg xmlns="http://www.w3.org/2000/svg" width="24" height="24" 
viewBox="0 0 24 24" fill="none" stroke="currentColor" stroke-width="2" stroke-linecap="round" stroke-linejoin="round" 
class="lucide lucide-refresh-ccw h-4 w-4" aria-hidden="true"><path d="M21 12a9 9 0 0 0-9-9 9.75 9.75 0 0 0-6.74 2.74L3 
8"></path><path d="M3 3v5h5"></path><path d="M3 12a9 9 0 0 0 9 9 9.75 9.75 0 0 0 6.74-2.74L21 16"></path><path d="M16 
16h5v5"></path></svg>Recargar caso</button></div></div><form data-testid="seguimientos-followup-editor-1" 
noValidate="" class="space-y-5"><div class="flex flex-wrap items-center gap-3 rounded-2xl border border-gray-200 
bg-white p-4 shadow-sm"><button type="button" data-testid="seguimientos-followup-failed-visit-button" disabled="" 
class="inline-flex items-center gap-2 rounded-xl border border-amber-200 bg-amber-50 px-4 py-2.5 text-sm font-semibold 
text-amber-900 transition-colors hover:bg-amber-100 disabled:cursor-not-allowed disabled:opacity-60"><svg 
xmlns="http://www.w3.org/2000/svg" width="24" height="24" viewBox="0 0 24 24" fill="none" stroke="currentColor" 
stroke-width="2" stroke-linecap="round" stroke-linejoin="round" class="lucide lucide-shield-alert h-4 w-4" 
aria-hidden="true"><path d="M20 13c0 5-3.5 7.5-7.66 8.95a1 1 0 0 1-.67-.01C7.5 20.5 4 18 4 13V6a1 1 0 0 1 1-1c2 0 
4.5-1.2 6.24-2.72a1.17 1.17 0 0 1 1.52 0C14.51 3.81 17 5 19 5a1 1 0 0 1 1 1z"></path><path d="M12 8v4"></path><path 
d="M12 16h.01"></path></svg>Marcar visita fallida</button></div><fieldset disabled="" class="space-y-5"><section 
class="rounded-2xl border border-gray-200 bg-white p-5 shadow-sm"><div class="space-y-1"><h3 class="text-base 
font-semibold text-gray-900">Datos de visita</h3><p class="text-sm text-gray-500">Controla la modalidad, la fecha 
operativa del seguimiento y el tipo de apoyo observado.</p></div><div class="mt-4 space-y-4"><div class="grid gap-4 
md:grid-cols-3"><div class="space-y-1.5"><label for="modalidad" class="block text-sm font-medium 
text-gray-700">Modalidad</label><select id="modalidad" name="modalidad" class="w-full rounded-lg border px-3 py-2.5 
text-sm transition-colors focus:border-transparent focus:outline-none focus:ring-2 focus:ring-reca-400 border-gray-200 
bg-white"><option value="">Selecciona</option><option value="Presencial">Presencial</option><option 
value="Virtual">Virtual</option><option value="Mixta">Mixta</option><option value="No aplica">No 
aplica</option></select></div><div class="space-y-1.5"><label for="fecha_seguimiento" class="block text-sm font-medium 
text-gray-700">Fecha del seguimiento</label><input id="fecha_seguimiento" type="date" disabled="" readOnly="" 
class="w-full rounded-lg border px-3 py-2.5 text-sm transition-colors focus:border-transparent focus:outline-none 
focus:ring-2 focus:ring-reca-400 border-gray-200 bg-gray-50 text-gray-700" value="2026-04-21"/></div><div 
class="space-y-1.5"><label for="tipo_apoyo" class="block text-sm font-medium text-gray-700">Tipo de 
apoyo</label><select id="tipo_apoyo" name="tipo_apoyo" class="w-full rounded-lg border px-3 py-2.5 text-sm 
transition-colors focus:border-transparent focus:outline-none focus:ring-2 focus:ring-reca-400 border-gray-200 
bg-white"><option value="">Selecciona</option><option value="Requiere apoyo bajo.">Requiere apoyo 
bajo.</option><option value="Requiere apoyo medio.">Requiere apoyo medio.</option><option value="Requiere apoyo 
Alto.">Requiere apoyo Alto.</option><option value="No requiere apoyo.">No requiere 
apoyo.</option></select></div></div></div></section><section class="rounded-2xl border border-gray-200 bg-white p-5 
shadow-sm"><div class="space-y-1"><h3 class="text-base font-semibold text-gray-900">Bloque funcional del 
vinculado</h3><p class="text-sm text-gray-500">Registra observaciones del puesto y las evaluaciones del vinculado y de 
la empresa.</p></div><div class="mt-4 space-y-4"><div class="space-y-3"><div 
data-testid="seguimientos-followup-bulk-item_autoevaluacion" class="rounded-2xl border border-gray-200 bg-gray-50 
p-4"><div class="flex flex-col gap-3 lg:flex-row lg:items-center lg:justify-between"><p class="text-sm font-semibold 
text-gray-900">Autoevaluaci├│n</p><div class="flex flex-wrap gap-2"><button type="button" 
data-testid="seguimientos-followup-bulk-item_autoevaluacion-excelente" disabled="" class="rounded-lg border 
border-gray-200 bg-white px-3 py-2 text-xs font-semibold text-gray-700 transition-colors hover:bg-gray-100 
disabled:cursor-not-allowed disabled:opacity-60">Todo excelente</button><button type="button" 
data-testid="seguimientos-followup-bulk-item_autoevaluacion-bien" disabled="" class="rounded-lg border border-gray-200 
bg-white px-3 py-2 text-xs font-semibold text-gray-700 transition-colors hover:bg-gray-100 disabled:cursor-not-allowed 
disabled:opacity-60">Todo bien</button><button type="button" 
data-testid="seguimientos-followup-bulk-item_autoevaluacion-necesita-mejorar" disabled="" class="rounded-lg border 
border-gray-200 bg-white px-3 py-2 text-xs font-semibold text-gray-700 transition-colors hover:bg-gray-100 
disabled:cursor-not-allowed disabled:opacity-60">Todo necesita mejorar</button><button type="button" 
data-testid="seguimientos-followup-bulk-item_autoevaluacion-mal" disabled="" class="rounded-lg border border-gray-200 
bg-white px-3 py-2 text-xs font-semibold text-gray-700 transition-colors hover:bg-gray-100 disabled:cursor-not-allowed 
disabled:opacity-60">Todo mal</button><button type="button" 
data-testid="seguimientos-followup-bulk-item_autoevaluacion-no-aplica" disabled="" class="rounded-lg border 
border-gray-200 bg-white px-3 py-2 text-xs font-semibold text-gray-700 transition-colors hover:bg-gray-100 
disabled:cursor-not-allowed disabled:opacity-60">Todo no aplica</button></div></div></div><div 
data-testid="seguimientos-followup-bulk-item_eval_empresa" class="rounded-2xl border border-gray-200 bg-gray-50 
p-4"><div class="flex flex-col gap-3 lg:flex-row lg:items-center lg:justify-between"><p class="text-sm font-semibold 
text-gray-900">Evaluaci├│n empresa</p><div class="flex flex-wrap gap-2"><button type="button" 
data-testid="seguimientos-followup-bulk-item_eval_empresa-excelente" disabled="" class="rounded-lg border 
border-gray-200 bg-white px-3 py-2 text-xs font-semibold text-gray-700 transition-colors hover:bg-gray-100 
disabled:cursor-not-allowed disabled:opacity-60">Todo excelente</button><button type="button" 
data-testid="seguimientos-followup-bulk-item_eval_empresa-bien" disabled="" class="rounded-lg border border-gray-200 
bg-white px-3 py-2 text-xs font-semibold text-gray-700 transition-colors hover:bg-gray-100 disabled:cursor-not-allowed 
disabled:opacity-60">Todo bien</button><button type="button" 
data-testid="seguimientos-followup-bulk-item_eval_empresa-necesita-mejorar" disabled="" class="rounded-lg border 
border-gray-200 bg-white px-3 py-2 text-xs font-semibold text-gray-700 transition-colors hover:bg-gray-100 
disabled:cursor-not-allowed disabled:opacity-60">Todo necesita mejorar</button><button type="button" 
data-testid="seguimientos-followup-bulk-item_eval_empresa-mal" disabled="" class="rounded-lg border border-gray-200 
bg-white px-3 py-2 text-xs font-semibold text-gray-700 transition-colors hover:bg-gray-100 disabled:cursor-not-allowed 
disabled:opacity-60">Todo mal</button><button type="button" 
data-testid="seguimientos-followup-bulk-item_eval_empresa-no-aplica" disabled="" class="rounded-lg border 
border-gray-200 bg-white px-3 py-2 text-xs font-semibold text-gray-700 transition-colors hover:bg-gray-100 
disabled:cursor-not-allowed disabled:opacity-60">Todo no aplica</button></div></div></div><div class="rounded-2xl 
border border-gray-200 bg-gray-50 p-4"><p class="text-sm font-semibold text-gray-900">Item 1</p><div class="mt-3 
space-y-4"><div class="grid gap-4 lg:grid-cols-2"><div class="space-y-1.5"><label for="item_autoevaluacion.0" 
class="block text-sm font-medium text-gray-700">Autoevaluaci├│n</label><select id="item_autoevaluacion.0" 
name="item_autoevaluacion.0" class="w-full rounded-lg border px-3 py-2.5 text-sm transition-colors 
focus:border-transparent focus:outline-none focus:ring-2 focus:ring-reca-400 border-gray-200 bg-white"><option 
value="">Selecciona</option><option value="Excelente">Excelente</option><option value="Bien">Bien</option><option 
value="Necesita mejorar">Necesita mejorar</option><option value="Mal">Mal</option><option value="No aplica">No 
aplica</option></select></div><div class="space-y-1.5"><label for="item_eval_empresa.0" class="block text-sm 
font-medium text-gray-700">Evaluaci├│n empresa</label><select id="item_eval_empresa.0" name="item_eval_empresa.0" 
class="w-full rounded-lg border px-3 py-2.5 text-sm transition-colors focus:border-transparent focus:outline-none 
focus:ring-2 focus:ring-reca-400 border-gray-200 bg-white"><option value="">Selecciona</option><option 
value="Excelente">Excelente</option><option value="Bien">Bien</option><option value="Necesita mejorar">Necesita 
mejorar</option><option value="Mal">Mal</option><option value="No aplica">No aplica</option></select></div></div><div 
class="space-y-1.5"><label for="item_observaciones.0" class="block text-sm font-medium 
text-gray-700">Observaciones</label><div class="space-y-2"><textarea id="item_observaciones.0" 
data-testid="item_observaciones.0" rows="1" name="item_observaciones.0" class="w-full overflow-hidden rounded-xl 
border px-3.5 py-3 text-sm focus:border-transparent focus:outline-none focus:ring-2 focus:ring-reca-400 min-h-[6rem] 
border-gray-200"></textarea></div></div></div></div><div class="rounded-2xl border border-gray-200 bg-gray-50 p-4"><p 
class="text-sm font-semibold text-gray-900">Item 2</p><div class="mt-3 space-y-4"><div class="grid gap-4 
lg:grid-cols-2"><div class="space-y-1.5"><label for="item_autoevaluacion.1" class="block text-sm font-medium 
text-gray-700">Autoevaluaci├│n</label><select id="item_autoevaluacion.1" name="item_autoevaluacion.1" class="w-full 
rounded-lg border px-3 py-2.5 text-sm transition-colors focus:border-transparent focus:outline-none focus:ring-2 
focus:ring-reca-400 border-gray-200 bg-white"><option value="">Selecciona</option><option 
value="Excelente">Excelente</option><option value="Bien">Bien</option><option value="Necesita mejorar">Necesita 
mejorar</option><option value="Mal">Mal</option><option value="No aplica">No aplica</option></select></div><div 
class="space-y-1.5"><label for="item_eval_empresa.1" class="block text-sm font-medium text-gray-700">Evaluaci├│n 
empresa</label><select id="item_eval_empresa.1" name="item_eval_empresa.1" class="w-full rounded-lg border px-3 py-2.5 
text-sm transition-colors focus:border-transparent focus:outline-none focus:ring-2 focus:ring-reca-400 border-gray-200 
bg-white"><option value="">Selecciona</option><option value="Excelente">Excelente</option><option 
value="Bien">Bien</option><option value="Necesita mejorar">Necesita mejorar</option><option 
value="Mal">Mal</option><option value="No aplica">No aplica</option></select></div></div><div 
class="space-y-1.5"><label for="item_observaciones.1" class="block text-sm font-medium 
text-gray-700">Observaciones</label><div class="space-y-2"><textarea id="item_observaciones.1" 
data-testid="item_observaciones.1" rows="1" name="item_observaciones.1" class="w-full overflow-hidden rounded-xl 
border px-3.5 py-3 text-sm focus:border-transparent focus:outline-none focus:ring-2 focus:ring-reca-400 min-h-[6rem] 
border-gray-200"></textarea></div></div></div></div><div class="rounded-2xl border border-gray-200 bg-gray-50 p-4"><p 
class="text-sm font-semibold text-gray-900">Item 3</p><div class="mt-3 space-y-4"><div class="grid gap-4 
lg:grid-cols-2"><div class="space-y-1.5"><label for="item_autoevaluacion.2" class="block text-sm font-medium 
text-gray-700">Autoevaluaci├│n</label><select id="item_autoevaluacion.2" name="item_autoevaluacion.2" class="w-full 
rounded-lg border px-3 py-2.5 text-sm transition-colors focus:border-transparent focus:outline-none focus:ring-2 
focus:ring-reca-400 border-gray-200 bg-white"><option value="">Selecciona</option><option 
value="Excelente">Excelente</option><option value="Bien">Bien</option><option value="Necesita mejorar">Necesita 
mejorar</option><option value="Mal">Mal</option><option value="No aplica">No aplica</option></select></div><div 
class="space-y-1.5"><label for="item_eval_empresa.2" class="block text-sm font-medium text-gray-700">Evaluaci├│n 
empresa</label><select id="item_eval_empresa.2" name="item_eval_empresa.2" class="w-full rounded-lg border px-3 py-2.5 
text-sm transition-colors focus:border-transparent focus:outline-none focus:ring-2 focus:ring-reca-400 border-gray-200 
bg-white"><option value="">Selecciona</option><option value="Excelente">Excelente</option><option 
value="Bien">Bien</option><option value="Necesita mejorar">Necesita mejorar</option><option 
value="Mal">Mal</option><option value="No aplica">No aplica</option></select></div></div><div 
class="space-y-1.5"><label for="item_observaciones.2" class="block text-sm font-medium 
text-gray-700">Observaciones</label><div class="space-y-2"><textarea id="item_observaciones.2" 
data-testid="item_observaciones.2" rows="1" name="item_observaciones.2" class="w-full overflow-hidden rounded-xl 
border px-3.5 py-3 text-sm focus:border-transparent focus:outline-none focus:ring-2 focus:ring-reca-400 min-h-[6rem] 
border-gray-200"></textarea></div></div></div></div><div class="rounded-2xl border border-gray-200 bg-gray-50 p-4"><p 
class="text-sm font-semibold text-gray-900">Item 4</p><div class="mt-3 space-y-4"><div class="grid gap-4 
lg:grid-cols-2"><div class="space-y-1.5"><label for="item_autoevaluacion.3" class="block text-sm font-medium 
text-gray-700">Autoevaluaci├│n</label><select id="item_autoevaluacion.3" name="item_autoevaluacion.3" class="w-full 
rounded-lg border px-3 py-2.5 text-sm transition-colors focus:border-transparent focus:outline-none focus:ring-2 
focus:ring-reca-400 border-gray-200 bg-white"><option value="">Selecciona</option><option 
value="Excelente">Excelente</option><option value="Bien">Bien</option><option value="Necesita mejorar">Necesita 
mejorar</option><option value="Mal">Mal</option><option value="No aplica">No aplica</option></select></div><div 
class="space-y-1.5"><label for="item_eval_empresa.3" class="block text-sm font-medium text-gray-700">Evaluaci├│n 
empresa</label><select id="item_eval_empresa.3" name="item_eval_empresa.3" class="w-full rounded-lg border px-3 py-2.5 
text-sm transition-colors focus:border-transparent focus:outline-none focus:ring-2 focus:ring-reca-400 border-gray-200 
bg-white"><option value="">Selecciona</option><option value="Excelente">Excelente</option><option 
value="Bien">Bien</option><option value="Necesita mejorar">Necesita mejorar</option><option 
value="Mal">Mal</option><option value="No aplica">No aplica</option></select></div></div><div 
class="space-y-1.5"><label for="item_observaciones.3" class="block text-sm font-medium 
text-gray-700">Observaciones</label><div class="space-y-2"><textarea id="item_observaciones.3" 
data-testid="item_observaciones.3" rows="1" name="item_observaciones.3" class="w-full overflow-hidden rounded-xl 
border px-3.5 py-3 text-sm focus:border-transparent focus:outline-none focus:ring-2 focus:ring-reca-400 min-h-[6rem] 
border-gray-200"></textarea></div></div></div></div><div class="rounded-2xl border border-gray-200 bg-gray-50 p-4"><p 
class="text-sm font-semibold text-gray-900">Item 5</p><div class="mt-3 space-y-4"><div class="grid gap-4 
lg:grid-cols-2"><div class="space-y-1.5"><label for="item_autoevaluacion.4" class="block text-sm font-medium 
text-gray-700">Autoevaluaci├│n</label><select id="item_autoevaluacion.4" name="item_autoevaluacion.4" class="w-full 
rounded-lg border px-3 py-2.5 text-sm transition-colors focus:border-transparent focus:outline-none focus:ring-2 
focus:ring-reca-400 border-gray-200 bg-white"><option value="">Selecciona</option><option 
value="Excelente">Excelente</option><option value="Bien">Bien</option><option value="Necesita mejorar">Necesita 
mejorar</option><option value="Mal">Mal</option><option value="No aplica">No aplica</option></select></div><div 
class="space-y-1.5"><label for="item_eval_empresa.4" class="block text-sm font-medium text-gray-700">Evaluaci├│n 
empresa</label><select id="item_eval_empresa.4" name="item_eval_empresa.4" class="w-full rounded-lg border px-3 py-2.5 
text-sm transition-colors focus:border-transparent focus:outline-none focus:ring-2 focus:ring-reca-400 border-gray-200 
bg-white"><option value="">Selecciona</option><option value="Excelente">Excelente</option><option 
value="Bien">Bien</option><option value="Necesita mejorar">Necesita mejorar</option><option 
value="Mal">Mal</option><option value="No aplica">No aplica</option></select></div></div><div 
class="space-y-1.5"><label for="item_observaciones.4" class="block text-sm font-medium 
text-gray-700">Observaciones</label><div class="space-y-2"><textarea id="item_observaciones.4" 
data-testid="item_observaciones.4" rows="1" name="item_observaciones.4" class="w-full overflow-hidden rounded-xl 
border px-3.5 py-3 text-sm focus:border-transparent focus:outline-none focus:ring-2 focus:ring-reca-400 min-h-[6rem] 
border-gray-200"></textarea></div></div></div></div><div class="rounded-2xl border border-gray-200 bg-gray-50 p-4"><p 
class="text-sm font-semibold text-gray-900">Item 6</p><div class="mt-3 space-y-4"><div class="grid gap-4 
lg:grid-cols-2"><div class="space-y-1.5"><label for="item_autoevaluacion.5" class="block text-sm font-medium 
text-gray-700">Autoevaluaci├│n</label><select id="item_autoevaluacion.5" name="item_autoevaluacion.5" class="w-full 
rounded-lg border px-3 py-2.5 text-sm transition-colors focus:border-transparent focus:outline-none focus:ring-2 
focus:ring-reca-400 border-gray-200 bg-white"><option value="">Selecciona</option><option 
value="Excelente">Excelente</option><option value="Bien">Bien</option><option value="Necesita mejorar">Necesita 
mejorar</option><option value="Mal">Mal</option><option value="No aplica">No aplica</option></select></div><div 
class="space-y-1.5"><label for="item_eval_empresa.5" class="block text-sm font-medium text-gray-700">Evaluaci├│n 
empresa</label><select id="item_eval_empresa.5" name="item_eval_empresa.5" class="w-full rounded-lg border px-3 py-2.5 
text-sm transition-colors focus:border-transparent focus:outline-none focus:ring-2 focus:ring-reca-400 border-gray-200 
bg-white"><option value="">Selecciona</option><option value="Excelente">Excelente</option><option 
value="Bien">Bien</option><option value="Necesita mejorar">Necesita mejorar</option><option 
value="Mal">Mal</option><option value="No aplica">No aplica</option></select></div></div><div 
class="space-y-1.5"><label for="item_observaciones.5" class="block text-sm font-medium 
text-gray-700">Observaciones</label><div class="space-y-2"><textarea id="item_observaciones.5" 
data-testid="item_observaciones.5" rows="1" name="item_observaciones.5" class="w-full overflow-hidden rounded-xl 
border px-3.5 py-3 text-sm focus:border-transparent focus:outline-none focus:ring-2 focus:ring-reca-400 min-h-[6rem] 
border-gray-200"></textarea></div></div></div></div><div class="rounded-2xl border border-gray-200 bg-gray-50 p-4"><p 
class="text-sm font-semibold text-gray-900">Item 7</p><div class="mt-3 space-y-4"><div class="grid gap-4 
lg:grid-cols-2"><div class="space-y-1.5"><label for="item_autoevaluacion.6" class="block text-sm font-medium 
text-gray-700">Autoevaluaci├│n</label><select id="item_autoevaluacion.6" name="item_autoevaluacion.6" class="w-full 
rounded-lg border px-3 py-2.5 text-sm transition-colors focus:border-transparent focus:outline-none focus:ring-2 
focus:ring-reca-400 border-gray-200 bg-white"><option value="">Selecciona</option><option 
value="Excelente">Excelente</option><option value="Bien">Bien</option><option value="Necesita mejorar">Necesita 
mejorar</option><option value="Mal">Mal</option><option value="No aplica">No aplica</option></select></div><div 
class="space-y-1.5"><label for="item_eval_empresa.6" class="block text-sm font-medium text-gray-700">Evaluaci├│n 
empresa</label><select id="item_eval_empresa.6" name="item_eval_empresa.6" class="w-full rounded-lg border px-3 py-2.5 
text-sm transition-colors focus:border-transparent focus:outline-none focus:ring-2 focus:ring-reca-400 border-gray-200 
bg-white"><option value="">Selecciona</option><option value="Excelente">Excelente</option><option 
value="Bien">Bien</option><option value="Necesita mejorar">Necesita mejorar</option><option 
value="Mal">Mal</option><option value="No aplica">No aplica</option></select></div></div><div 
class="space-y-1.5"><label for="item_observaciones.6" class="block text-sm font-medium 
text-gray-700">Observaciones</label><div class="space-y-2"><textarea id="item_observaciones.6" 
data-testid="item_observaciones.6" rows="1" name="item_observaciones.6" class="w-full overflow-hidden rounded-xl 
border px-3.5 py-3 text-sm focus:border-transparent focus:outline-none focus:ring-2 focus:ring-reca-400 min-h-[6rem] 
border-gray-200"></textarea></div></div></div></div><div class="rounded-2xl border border-gray-200 bg-gray-50 p-4"><p 
class="text-sm font-semibold text-gray-900">Item 8</p><div class="mt-3 space-y-4"><div class="grid gap-4 
lg:grid-cols-2"><div class="space-y-1.5"><label for="item_autoevaluacion.7" class="block text-sm font-medium 
text-gray-700">Autoevaluaci├│n</label><select id="item_autoevaluacion.7" name="item_autoevaluacion.7" class="w-full 
rounded-lg border px-3 py-2.5 text-sm transition-colors focus:border-transparent focus:outline-none focus:ring-2 
focus:ring-reca-400 border-gray-200 bg-white"><option value="">Selecciona</option><option 
value="Excelente">Excelente</option><option value="Bien">Bien</option><option value="Necesita mejorar">Necesita 
mejorar</option><option value="Mal">Mal</option><option value="No aplica">No aplica</option></select></div><div 
class="space-y-1.5"><label for="item_eval_empresa.7" class="block text-sm font-medium text-gray-700">Evaluaci├│n 
empresa</label><select id="item_eval_empresa.7" name="item_eval_empresa.7" class="w-full rounded-lg border px-3 py-2.5 
text-sm transition-colors focus:border-transparent focus:outline-none focus:ring-2 focus:ring-reca-400 border-gray-200 
bg-white"><option value="">Selecciona</option><option value="Excelente">Excelente</option><option 
value="Bien">Bien</option><option value="Necesita mejorar">Necesita mejorar</option><option 
value="Mal">Mal</option><option value="No aplica">No aplica</option></select></div></div><div 
class="space-y-1.5"><label for="item_observaciones.7" class="block text-sm font-medium 
text-gray-700">Observaciones</label><div class="space-y-2"><textarea id="item_observaciones.7" 
data-testid="item_observaciones.7" rows="1" name="item_observaciones.7" class="w-full overflow-hidden rounded-xl 
border px-3.5 py-3 text-sm focus:border-transparent focus:outline-none focus:ring-2 focus:ring-reca-400 min-h-[6rem] 
border-gray-200"></textarea></div></div></div></div><div class="rounded-2xl border border-gray-200 bg-gray-50 p-4"><p 
class="text-sm font-semibold text-gray-900">Item 9</p><div class="mt-3 space-y-4"><div class="grid gap-4 
lg:grid-cols-2"><div class="space-y-1.5"><label for="item_autoevaluacion.8" class="block text-sm font-medium 
text-gray-700">Autoevaluaci├│n</label><select id="item_autoevaluacion.8" name="item_autoevaluacion.8" class="w-full 
rounded-lg border px-3 py-2.5 text-sm transition-colors focus:border-transparent focus:outline-none focus:ring-2 
focus:ring-reca-400 border-gray-200 bg-white"><option value="">Selecciona</option><option 
value="Excelente">Excelente</option><option value="Bien">Bien</option><option value="Necesita mejorar">Necesita 
mejorar</option><option value="Mal">Mal</option><option value="No aplica">No aplica</option></select></div><div 
class="space-y-1.5"><label for="item_eval_empresa.8" class="block text-sm font-medium text-gray-700">Evaluaci├│n 
empresa</label><select id="item_eval_empresa.8" name="item_eval_empresa.8" class="w-full rounded-lg border px-3 py-2.5 
text-sm transition-colors focus:border-transparent focus:outline-none focus:ring-2 focus:ring-reca-400 border-gray-200 
bg-white"><option value="">Selecciona</option><option value="Excelente">Excelente</option><option 
value="Bien">Bien</option><option value="Necesita mejorar">Necesita mejorar</option><option 
value="Mal">Mal</option><option value="No aplica">No aplica</option></select></div></div><div 
class="space-y-1.5"><label for="item_observaciones.8" class="block text-sm font-medium 
text-gray-700">Observaciones</label><div class="space-y-2"><textarea id="item_observaciones.8" 
data-testid="item_observaciones.8" rows="1" name="item_observaciones.8" class="w-full overflow-hidden rounded-xl 
border px-3.5 py-3 text-sm focus:border-transparent focus:outline-none focus:ring-2 focus:ring-reca-400 min-h-[6rem] 
border-gray-200"></textarea></div></div></div></div><div class="rounded-2xl border border-gray-200 bg-gray-50 p-4"><p 
class="text-sm font-semibold text-gray-900">Item 10</p><div class="mt-3 space-y-4"><div class="grid gap-4 
lg:grid-cols-2"><div class="space-y-1.5"><label for="item_autoevaluacion.9" class="block text-sm font-medium 
text-gray-700">Autoevaluaci├│n</label><select id="item_autoevaluacion.9" name="item_autoevaluacion.9" class="w-full 
rounded-lg border px-3 py-2.5 text-sm transition-colors focus:border-transparent focus:outline-none focus:ring-2 
focus:ring-reca-400 border-gray-200 bg-white"><option value="">Selecciona</option><option 
value="Excelente">Excelente</option><option value="Bien">Bien</option><option value="Necesita mejorar">Necesita 
mejorar</option><option value="Mal">Mal</option><option value="No aplica">No aplica</option></select></div><div 
class="space-y-1.5"><label for="item_eval_empresa.9" class="block text-sm font-medium text-gray-700">Evaluaci├│n 
empresa</label><select id="item_eval_empresa.9" name="item_eval_empresa.9" class="w-full rounded-lg border px-3 py-2.5 
text-sm transition-colors focus:border-transparent focus:outline-none focus:ring-2 focus:ring-reca-400 border-gray-200 
bg-white"><option value="">Selecciona</option><option value="Excelente">Excelente</option><option 
value="Bien">Bien</option><option value="Necesita mejorar">Necesita mejorar</option><option 
value="Mal">Mal</option><option value="No aplica">No aplica</option></select></div></div><div 
class="space-y-1.5"><label for="item_observaciones.9" class="block text-sm font-medium 
text-gray-700">Observaciones</label><div class="space-y-2"><textarea id="item_observaciones.9" 
data-testid="item_observaciones.9" rows="1" name="item_observaciones.9" class="w-full overflow-hidden rounded-xl 
border px-3.5 py-3 text-sm focus:border-transparent focus:outline-none focus:ring-2 focus:ring-reca-400 min-h-[6rem] 
border-gray-200"></textarea></div></div></div></div><div class="rounded-2xl border border-gray-200 bg-gray-50 p-4"><p 
class="text-sm font-semibold text-gray-900">Item 11</p><div class="mt-3 space-y-4"><div class="grid gap-4 
lg:grid-cols-2"><div class="space-y-1.5"><label for="item_autoevaluacion.10" class="block text-sm font-medium 
text-gray-700">Autoevaluaci├│n</label><select id="item_autoevaluacion.10" name="item_autoevaluacion.10" class="w-full 
rounded-lg border px-3 py-2.5 text-sm transition-colors focus:border-transparent focus:outline-none focus:ring-2 
focus:ring-reca-400 border-gray-200 bg-white"><option value="">Selecciona</option><option 
value="Excelente">Excelente</option><option value="Bien">Bien</option><option value="Necesita mejorar">Necesita 
mejorar</option><option value="Mal">Mal</option><option value="No aplica">No aplica</option></select></div><div 
class="space-y-1.5"><label for="item_eval_empresa.10" class="block text-sm font-medium text-gray-700">Evaluaci├│n 
empresa</label><select id="item_eval_empresa.10" name="item_eval_empresa.10" class="w-full rounded-lg border px-3 
py-2.5 text-sm transition-colors focus:border-transparent focus:outline-none focus:ring-2 focus:ring-reca-400 
border-gray-200 bg-white"><option value="">Selecciona</option><option value="Excelente">Excelente</option><option 
value="Bien">Bien</option><option value="Necesita mejorar">Necesita mejorar</option><option 
value="Mal">Mal</option><option value="No aplica">No aplica</option></select></div></div><div 
class="space-y-1.5"><label for="item_observaciones.10" class="block text-sm font-medium 
text-gray-700">Observaciones</label><div class="space-y-2"><textarea id="item_observaciones.10" 
data-testid="item_observaciones.10" rows="1" name="item_observaciones.10" class="w-full overflow-hidden rounded-xl 
border px-3.5 py-3 text-sm focus:border-transparent focus:outline-none focus:ring-2 focus:ring-reca-400 min-h-[6rem] 
border-gray-200"></textarea></div></div></div></div><div class="rounded-2xl border border-gray-200 bg-gray-50 p-4"><p 
class="text-sm font-semibold text-gray-900">Item 12</p><div class="mt-3 space-y-4"><div class="grid gap-4 
lg:grid-cols-2"><div class="space-y-1.5"><label for="item_autoevaluacion.11" class="block text-sm font-medium 
text-gray-700">Autoevaluaci├│n</label><select id="item_autoevaluacion.11" name="item_autoevaluacion.11" class="w-full 
rounded-lg border px-3 py-2.5 text-sm transition-colors focus:border-transparent focus:outline-none focus:ring-2 
focus:ring-reca-400 border-gray-200 bg-white"><option value="">Selecciona</option><option 
value="Excelente">Excelente</option><option value="Bien">Bien</option><option value="Necesita mejorar">Necesita 
mejorar</option><option value="Mal">Mal</option><option value="No aplica">No aplica</option></select></div><div 
class="space-y-1.5"><label for="item_eval_empresa.11" class="block text-sm font-medium text-gray-700">Evaluaci├│n 
empresa</label><select id="item_eval_empresa.11" name="item_eval_empresa.11" class="w-full rounded-lg border px-3 
py-2.5 text-sm transition-colors focus:border-transparent focus:outline-none focus:ring-2 focus:ring-reca-400 
border-gray-200 bg-white"><option value="">Selecciona</option><option value="Excelente">Excelente</option><option 
value="Bien">Bien</option><option value="Necesita mejorar">Necesita mejorar</option><option 
value="Mal">Mal</option><option value="No aplica">No aplica</option></select></div></div><div 
class="space-y-1.5"><label for="item_observaciones.11" class="block text-sm font-medium 
text-gray-700">Observaciones</label><div class="space-y-2"><textarea id="item_observaciones.11" 
data-testid="item_observaciones.11" rows="1" name="item_observaciones.11" class="w-full overflow-hidden rounded-xl 
border px-3.5 py-3 text-sm focus:border-transparent focus:outline-none focus:ring-2 focus:ring-reca-400 min-h-[6rem] 
border-gray-200"></textarea></div></div></div></div><div class="rounded-2xl border border-gray-200 bg-gray-50 p-4"><p 
class="text-sm font-semibold text-gray-900">Item 13</p><div class="mt-3 space-y-4"><div class="grid gap-4 
lg:grid-cols-2"><div class="space-y-1.5"><label for="item_autoevaluacion.12" class="block text-sm font-medium 
text-gray-700">Autoevaluaci├│n</label><select id="item_autoevaluacion.12" name="item_autoevaluacion.12" class="w-full 
rounded-lg border px-3 py-2.5 text-sm transition-colors focus:border-transparent focus:outline-none focus:ring-2 
focus:ring-reca-400 border-gray-200 bg-white"><option value="">Selecciona</option><option 
value="Excelente">Excelente</option><option value="Bien">Bien</option><option value="Necesita mejorar">Necesita 
mejorar</option><option value="Mal">Mal</option><option value="No aplica">No aplica</option></select></div><div 
class="space-y-1.5"><label for="item_eval_empresa.12" class="block text-sm font-medium text-gray-700">Evaluaci├│n 
empresa</label><select id="item_eval_empresa.12" name="item_eval_empresa.12" class="w-full rounded-lg border px-3 
py-2.5 text-sm transition-colors focus:border-transparent focus:outline-none focus:ring-2 focus:ring-reca-400 
border-gray-200 bg-white"><option value="">Selecciona</option><option value="Excelente">Excelente</option><option 
value="Bien">Bien</option><option value="Necesita mejorar">Necesita mejorar</option><option 
value="Mal">Mal</option><option value="No aplica">No aplica</option></select></div></div><div 
class="space-y-1.5"><label for="item_observaciones.12" class="block text-sm font-medium 
text-gray-700">Observaciones</label><div class="space-y-2"><textarea id="item_observaciones.12" 
data-testid="item_observaciones.12" rows="1" name="item_observaciones.12" class="w-full overflow-hidden rounded-xl 
border px-3.5 py-3 text-sm focus:border-transparent focus:outline-none focus:ring-2 focus:ring-reca-400 min-h-[6rem] 
border-gray-200"></textarea></div></div></div></div><div class="rounded-2xl border border-gray-200 bg-gray-50 p-4"><p 
class="text-sm font-semibold text-gray-900">Item 14</p><div class="mt-3 space-y-4"><div class="grid gap-4 
lg:grid-cols-2"><div class="space-y-1.5"><label for="item_autoevaluacion.13" class="block text-sm font-medium 
text-gray-700">Autoevaluaci├│n</label><select id="item_autoevaluacion.13" name="item_autoevaluacion.13" class="w-full 
rounded-lg border px-3 py-2.5 text-sm transition-colors focus:border-transparent focus:outline-none focus:ring-2 
focus:ring-reca-400 border-gray-200 bg-white"><option value="">Selecciona</option><option 
value="Excelente">Excelente</option><option value="Bien">Bien</option><option value="Necesita mejorar">Necesita 
mejorar</option><option value="Mal">Mal</option><option value="No aplica">No aplica</option></select></div><div 
class="space-y-1.5"><label for="item_eval_empresa.13" class="block text-sm font-medium text-gray-700">Evaluaci├│n 
empresa</label><select id="item_eval_empresa.13" name="item_eval_empresa.13" class="w-full rounded-lg border px-3 
py-2.5 text-sm transition-colors focus:border-transparent focus:outline-none focus:ring-2 focus:ring-reca-400 
border-gray-200 bg-white"><option value="">Selecciona</option><option value="Excelente">Excelente</option><option 
value="Bien">Bien</option><option value="Necesita mejorar">Necesita mejorar</option><option 
value="Mal">Mal</option><option value="No aplica">No aplica</option></select></div></div><div 
class="space-y-1.5"><label for="item_observaciones.13" class="block text-sm font-medium 
text-gray-700">Observaciones</label><div class="space-y-2"><textarea id="item_observaciones.13" 
data-testid="item_observaciones.13" rows="1" name="item_observaciones.13" class="w-full overflow-hidden rounded-xl 
border px-3.5 py-3 text-sm focus:border-transparent focus:outline-none focus:ring-2 focus:ring-reca-400 min-h-[6rem] 
border-gray-200"></textarea></div></div></div></div><div class="rounded-2xl border border-gray-200 bg-gray-50 p-4"><p 
class="text-sm font-semibold text-gray-900">Item 15</p><div class="mt-3 space-y-4"><div class="grid gap-4 
lg:grid-cols-2"><div class="space-y-1.5"><label for="item_autoevaluacion.14" class="block text-sm font-medium 
text-gray-700">Autoevaluaci├│n</label><select id="item_autoevaluacion.14" name="item_autoevaluacion.14" class="w-full 
rounded-lg border px-3 py-2.5 text-sm transition-colors focus:border-transparent focus:outline-none focus:ring-2 
focus:ring-reca-400 border-gray-200 bg-white"><option value="">Selecciona</option><option 
value="Excelente">Excelente</option><option value="Bien">Bien</option><option value="Necesita mejorar">Necesita 
mejorar</option><option value="Mal">Mal</option><option value="No aplica">No aplica</option></select></div><div 
class="space-y-1.5"><label for="item_eval_empresa.14" class="block text-sm font-medium text-gray-700">Evaluaci├│n 
empresa</label><select id="item_eval_empresa.14" name="item_eval_empresa.14" class="w-full rounded-lg border px-3 
py-2.5 text-sm transition-colors focus:border-transparent focus:outline-none focus:ring-2 focus:ring-reca-400 
border-gray-200 bg-white"><option value="">Selecciona</option><option value="Excelente">Excelente</option><option 
value="Bien">Bien</option><option value="Necesita mejorar">Necesita mejorar</option><option 
value="Mal">Mal</option><option value="No aplica">No aplica</option></select></div></div><div 
class="space-y-1.5"><label for="item_observaciones.14" class="block text-sm font-medium 
text-gray-700">Observaciones</label><div class="space-y-2"><textarea id="item_observaciones.14" 
data-testid="item_observaciones.14" rows="1" name="item_observaciones.14" class="w-full overflow-hidden rounded-xl 
border px-3.5 py-3 text-sm focus:border-transparent focus:outline-none focus:ring-2 focus:ring-reca-400 min-h-[6rem] 
border-gray-200"></textarea></div></div></div></div><div class="rounded-2xl border border-gray-200 bg-gray-50 p-4"><p 
class="text-sm font-semibold text-gray-900">Item 16</p><div class="mt-3 space-y-4"><div class="grid gap-4 
lg:grid-cols-2"><div class="space-y-1.5"><label for="item_autoevaluacion.15" class="block text-sm font-medium 
text-gray-700">Autoevaluaci├│n</label><select id="item_autoevaluacion.15" name="item_autoevaluacion.15" class="w-full 
rounded-lg border px-3 py-2.5 text-sm transition-colors focus:border-transparent focus:outline-none focus:ring-2 
focus:ring-reca-400 border-gray-200 bg-white"><option value="">Selecciona</option><option 
value="Excelente">Excelente</option><option value="Bien">Bien</option><option value="Necesita mejorar">Necesita 
mejorar</option><option value="Mal">Mal</option><option value="No aplica">No aplica</option></select></div><div 
class="space-y-1.5"><label for="item_eval_empresa.15" class="block text-sm font-medium text-gray-700">Evaluaci├│n 
empresa</label><select id="item_eval_empresa.15" name="item_eval_empresa.15" class="w-full rounded-lg border px-3 
py-2.5 text-sm transition-colors focus:border-transparent focus:outline-none focus:ring-2 focus:ring-reca-400 
border-gray-200 bg-white"><option value="">Selecciona</option><option value="Excelente">Excelente</option><option 
value="Bien">Bien</option><option value="Necesita mejorar">Necesita mejorar</option><option 
value="Mal">Mal</option><option value="No aplica">No aplica</option></select></div></div><div 
class="space-y-1.5"><label for="item_observaciones.15" class="block text-sm font-medium 
text-gray-700">Observaciones</label><div class="space-y-2"><textarea id="item_observaciones.15" 
data-testid="item_observaciones.15" rows="1" name="item_observaciones.15" class="w-full overflow-hidden rounded-xl 
border px-3.5 py-3 text-sm focus:border-transparent focus:outline-none focus:ring-2 focus:ring-reca-400 min-h-[6rem] 
border-gray-200"></textarea></div></div></div></div><div class="rounded-2xl border border-gray-200 bg-gray-50 p-4"><p 
class="text-sm font-semibold text-gray-900">Item 17</p><div class="mt-3 space-y-4"><div class="grid gap-4 
lg:grid-cols-2"><div class="space-y-1.5"><label for="item_autoevaluacion.16" class="block text-sm font-medium 
text-gray-700">Autoevaluaci├│n</label><select id="item_autoevaluacion.16" name="item_autoevaluacion.16" class="w-full 
rounded-lg border px-3 py-2.5 text-sm transition-colors focus:border-transparent focus:outline-none focus:ring-2 
focus:ring-reca-400 border-gray-200 bg-white"><option value="">Selecciona</option><option 
value="Excelente">Excelente</option><option value="Bien">Bien</option><option value="Necesita mejorar">Necesita 
mejorar</option><option value="Mal">Mal</option><option value="No aplica">No aplica</option></select></div><div 
class="space-y-1.5"><label for="item_eval_empresa.16" class="block text-sm font-medium text-gray-700">Evaluaci├│n 
empresa</label><select id="item_eval_empresa.16" name="item_eval_empresa.16" class="w-full rounded-lg border px-3 
py-2.5 text-sm transition-colors focus:border-transparent focus:outline-none focus:ring-2 focus:ring-reca-400 
border-gray-200 bg-white"><option value="">Selecciona</option><option value="Excelente">Excelente</option><option 
value="Bien">Bien</option><option value="Necesita mejorar">Necesita mejorar</option><option 
value="Mal">Mal</option><option value="No aplica">No aplica</option></select></div></div><div 
class="space-y-1.5"><label for="item_observaciones.16" class="block text-sm font-medium 
text-gray-700">Observaciones</label><div class="space-y-2"><textarea id="item_observaciones.16" 
data-testid="item_observaciones.16" rows="1" name="item_observaciones.16" class="w-full overflow-hidden rounded-xl 
border px-3.5 py-3 text-sm focus:border-transparent focus:outline-none focus:ring-2 focus:ring-reca-400 min-h-[6rem] 
border-gray-200"></textarea></div></div></div></div><div class="rounded-2xl border border-gray-200 bg-gray-50 p-4"><p 
class="text-sm font-semibold text-gray-900">Item 18</p><div class="mt-3 space-y-4"><div class="grid gap-4 
lg:grid-cols-2"><div class="space-y-1.5"><label for="item_autoevaluacion.17" class="block text-sm font-medium 
text-gray-700">Autoevaluaci├│n</label><select id="item_autoevaluacion.17" name="item_autoevaluacion.17" class="w-full 
rounded-lg border px-3 py-2.5 text-sm transition-colors focus:border-transparent focus:outline-none focus:ring-2 
focus:ring-reca-400 border-gray-200 bg-white"><option value="">Selecciona</option><option 
value="Excelente">Excelente</option><option value="Bien">Bien</option><option value="Necesita mejorar">Necesita 
mejorar</option><option value="Mal">Mal</option><option value="No aplica">No aplica</option></select></div><div 
class="space-y-1.5"><label for="item_eval_empresa.17" class="block text-sm font-medium text-gray-700">Evaluaci├│n 
empresa</label><select id="item_eval_empresa.17" name="item_eval_empresa.17" class="w-full rounded-lg border px-3 
py-2.5 text-sm transition-colors focus:border-transparent focus:outline-none focus:ring-2 focus:ring-reca-400 
border-gray-200 bg-white"><option value="">Selecciona</option><option value="Excelente">Excelente</option><option 
value="Bien">Bien</option><option value="Necesita mejorar">Necesita mejorar</option><option 
value="Mal">Mal</option><option value="No aplica">No aplica</option></select></div></div><div 
class="space-y-1.5"><label for="item_observaciones.17" class="block text-sm font-medium 
text-gray-700">Observaciones</label><div class="space-y-2"><textarea id="item_observaciones.17" 
data-testid="item_observaciones.17" rows="1" name="item_observaciones.17" class="w-full overflow-hidden rounded-xl 
border px-3.5 py-3 text-sm focus:border-transparent focus:outline-none focus:ring-2 focus:ring-reca-400 min-h-[6rem] 
border-gray-200"></textarea></div></div></div></div><div class="rounded-2xl border border-gray-200 bg-gray-50 p-4"><p 
class="text-sm font-semibold text-gray-900">Item 19</p><div class="mt-3 space-y-4"><div class="grid gap-4 
lg:grid-cols-2"><div class="space-y-1.5"><label for="item_autoevaluacion.18" class="block text-sm font-medium 
text-gray-700">Autoevaluaci├│n</label><select id="item_autoevaluacion.18" name="item_autoevaluacion.18" class="w-full 
rounded-lg border px-3 py-2.5 text-sm transition-colors focus:border-transparent focus:outline-none focus:ring-2 
focus:ring-reca-400 border-gray-200 bg-white"><option value="">Selecciona</option><option 
value="Excelente">Excelente</option><option value="Bien">Bien</option><option value="Necesita mejorar">Necesita 
mejorar</option><option value="Mal">Mal</option><option value="No aplica">No aplica</option></select></div><div 
class="space-y-1.5"><label for="item_eval_empresa.18" class="block text-sm font-medium text-gray-700">Evaluaci├│n 
empresa</label><select id="item_eval_empresa.18" name="item_eval_empresa.18" class="w-full rounded-lg border px-3 
py-2.5 text-sm transition-colors focus:border-transparent focus:outline-none focus:ring-2 focus:ring-reca-400 
border-gray-200 bg-white"><option value="">Selecciona</option><option value="Excelente">Excelente</option><option 
value="Bien">Bien</option><option value="Necesita mejorar">Necesita mejorar</option><option 
value="Mal">Mal</option><option value="No aplica">No aplica</option></select></div></div><div 
class="space-y-1.5"><label for="item_observaciones.18" class="block text-sm font-medium 
text-gray-700">Observaciones</label><div class="space-y-2"><textarea id="item_observaciones.18" 
data-testid="item_observaciones.18" rows="1" name="item_observaciones.18" class="w-full overflow-hidden rounded-xl 
border px-3.5 py-3 text-sm focus:border-transparent focus:outline-none focus:ring-2 focus:ring-reca-400 min-h-[6rem] 
border-gray-200"></textarea></div></div></div></div></div></div></section><section class="rounded-2xl border 
border-gray-200 bg-white p-5 shadow-sm"><div class="space-y-1"><h3 class="text-base font-semibold 
text-gray-900">Bloque empresa</h3><p class="text-sm text-gray-500">Consolida la percepci├│n de la empresa para cada 
punto del seguimiento.</p></div><div class="mt-4 space-y-4"><div class="space-y-3"><div 
data-testid="seguimientos-followup-bulk-empresa_eval" class="rounded-2xl border border-gray-200 bg-gray-50 p-4"><div 
class="flex flex-col gap-3 lg:flex-row lg:items-center lg:justify-between"><p class="text-sm font-semibold 
text-gray-900">Evaluaci├│n empresarial</p><div class="flex flex-wrap gap-2"><button type="button" 
data-testid="seguimientos-followup-bulk-empresa_eval-excelente" disabled="" class="rounded-lg border border-gray-200 
bg-white px-3 py-2 text-xs font-semibold text-gray-700 transition-colors hover:bg-gray-100 disabled:cursor-not-allowed 
disabled:opacity-60">Todo excelente</button><button type="button" 
data-testid="seguimientos-followup-bulk-empresa_eval-bien" disabled="" class="rounded-lg border border-gray-200 
bg-white px-3 py-2 text-xs font-semibold text-gray-700 transition-colors hover:bg-gray-100 disabled:cursor-not-allowed 
disabled:opacity-60">Todo bien</button><button type="button" 
data-testid="seguimientos-followup-bulk-empresa_eval-necesita-mejorar" disabled="" class="rounded-lg border 
border-gray-200 bg-white px-3 py-2 text-xs font-semibold text-gray-700 transition-colors hover:bg-gray-100 
disabled:cursor-not-allowed disabled:opacity-60">Todo necesita mejorar</button><button type="button" 
data-testid="seguimientos-followup-bulk-empresa_eval-mal" disabled="" class="rounded-lg border border-gray-200 
bg-white px-3 py-2 text-xs font-semibold text-gray-700 transition-colors hover:bg-gray-100 disabled:cursor-not-allowed 
disabled:opacity-60">Todo mal</button><button type="button" 
data-testid="seguimientos-followup-bulk-empresa_eval-no-aplica" disabled="" class="rounded-lg border border-gray-200 
bg-white px-3 py-2 text-xs font-semibold text-gray-700 transition-colors hover:bg-gray-100 disabled:cursor-not-allowed 
disabled:opacity-60">Todo no aplica</button></div></div></div><div class="rounded-2xl border border-gray-200 
bg-gray-50 p-4"><p class="text-sm font-semibold text-gray-900"></p><div class="mt-3 grid gap-4 
lg:grid-cols-[220px_minmax(0,1fr)]"><div class="space-y-1.5"><label for="empresa_eval.0" class="block text-sm 
font-medium text-gray-700">Evaluacion empresa</label><select id="empresa_eval.0" name="empresa_eval.0" class="w-full 
rounded-lg border px-3 py-2.5 text-sm transition-colors focus:border-transparent focus:outline-none focus:ring-2 
focus:ring-reca-400 border-gray-200 bg-white"><option value="">Selecciona</option><option 
value="Excelente">Excelente</option><option value="Bien">Bien</option><option value="Necesita mejorar">Necesita 
mejorar</option><option value="Mal">Mal</option><option value="No aplica">No aplica</option></select></div><div 
class="space-y-1.5"><label for="empresa_observacion.0" class="block text-sm font-medium text-gray-700">Observacion 
empresa</label><div class="space-y-2"><textarea id="empresa_observacion.0" data-testid="empresa_observacion.0" 
rows="1" name="empresa_observacion.0" class="w-full overflow-hidden rounded-xl border px-3.5 py-3 text-sm 
focus:border-transparent focus:outline-none focus:ring-2 focus:ring-reca-400 min-h-[6rem] 
border-gray-200"></textarea></div></div></div></div><div class="rounded-2xl border border-gray-200 bg-gray-50 p-4"><p 
class="text-sm font-semibold text-gray-900"></p><div class="mt-3 grid gap-4 lg:grid-cols-[220px_minmax(0,1fr)]"><div 
class="space-y-1.5"><label for="empresa_eval.1" class="block text-sm font-medium text-gray-700">Evaluacion 
empresa</label><select id="empresa_eval.1" name="empresa_eval.1" class="w-full rounded-lg border px-3 py-2.5 text-sm 
transition-colors focus:border-transparent focus:outline-none focus:ring-2 focus:ring-reca-400 border-gray-200 
bg-white"><option value="">Selecciona</option><option value="Excelente">Excelente</option><option 
value="Bien">Bien</option><option value="Necesita mejorar">Necesita mejorar</option><option 
value="Mal">Mal</option><option value="No aplica">No aplica</option></select></div><div class="space-y-1.5"><label 
for="empresa_observacion.1" class="block text-sm font-medium text-gray-700">Observacion empresa</label><div 
class="space-y-2"><textarea id="empresa_observacion.1" data-testid="empresa_observacion.1" rows="1" 
name="empresa_observacion.1" class="w-full overflow-hidden rounded-xl border px-3.5 py-3 text-sm 
focus:border-transparent focus:outline-none focus:ring-2 focus:ring-reca-400 min-h-[6rem] 
border-gray-200"></textarea></div></div></div></div><div class="rounded-2xl border border-gray-200 bg-gray-50 p-4"><p 
class="text-sm font-semibold text-gray-900"></p><div class="mt-3 grid gap-4 lg:grid-cols-[220px_minmax(0,1fr)]"><div 
class="space-y-1.5"><label for="empresa_eval.2" class="block text-sm font-medium text-gray-700">Evaluacion 
empresa</label><select id="empresa_eval.2" name="empresa_eval.2" class="w-full rounded-lg border px-3 py-2.5 text-sm 
transition-colors focus:border-transparent focus:outline-none focus:ring-2 focus:ring-reca-400 border-gray-200 
bg-white"><option value="">Selecciona</option><option value="Excelente">Excelente</option><option 
value="Bien">Bien</option><option value="Necesita mejorar">Necesita mejorar</option><option 
value="Mal">Mal</option><option value="No aplica">No aplica</option></select></div><div class="space-y-1.5"><label 
for="empresa_observacion.2" class="block text-sm font-medium text-gray-700">Observacion empresa</label><div 
class="space-y-2"><textarea id="empresa_observacion.2" data-testid="empresa_observacion.2" rows="1" 
name="empresa_observacion.2" class="w-full overflow-hidden rounded-xl border px-3.5 py-3 text-sm 
focus:border-transparent focus:outline-none focus:ring-2 focus:ring-reca-400 min-h-[6rem] 
border-gray-200"></textarea></div></div></div></div><div class="rounded-2xl border border-gray-200 bg-gray-50 p-4"><p 
class="text-sm font-semibold text-gray-900"></p><div class="mt-3 grid gap-4 lg:grid-cols-[220px_minmax(0,1fr)]"><div 
class="space-y-1.5"><label for="empresa_eval.3" class="block text-sm font-medium text-gray-700">Evaluacion 
empresa</label><select id="empresa_eval.3" name="empresa_eval.3" class="w-full rounded-lg border px-3 py-2.5 text-sm 
transition-colors focus:border-transparent focus:outline-none focus:ring-2 focus:ring-reca-400 border-gray-200 
bg-white"><option value="">Selecciona</option><option value="Excelente">Excelente</option><option 
value="Bien">Bien</option><option value="Necesita mejorar">Necesita mejorar</option><option 
value="Mal">Mal</option><option value="No aplica">No aplica</option></select></div><div class="space-y-1.5"><label 
for="empresa_observacion.3" class="block text-sm font-medium text-gray-700">Observacion empresa</label><div 
class="space-y-2"><textarea id="empresa_observacion.3" data-testid="empresa_observacion.3" rows="1" 
name="empresa_observacion.3" class="w-full overflow-hidden rounded-xl border px-3.5 py-3 text-sm 
focus:border-transparent focus:outline-none focus:ring-2 focus:ring-reca-400 min-h-[6rem] 
border-gray-200"></textarea></div></div></div></div><div class="rounded-2xl border border-gray-200 bg-gray-50 p-4"><p 
class="text-sm font-semibold text-gray-900"></p><div class="mt-3 grid gap-4 lg:grid-cols-[220px_minmax(0,1fr)]"><div 
class="space-y-1.5"><label for="empresa_eval.4" class="block text-sm font-medium text-gray-700">Evaluacion 
empresa</label><select id="empresa_eval.4" name="empresa_eval.4" class="w-full rounded-lg border px-3 py-2.5 text-sm 
transition-colors focus:border-transparent focus:outline-none focus:ring-2 focus:ring-reca-400 border-gray-200 
bg-white"><option value="">Selecciona</option><option value="Excelente">Excelente</option><option 
value="Bien">Bien</option><option value="Necesita mejorar">Necesita mejorar</option><option 
value="Mal">Mal</option><option value="No aplica">No aplica</option></select></div><div class="space-y-1.5"><label 
for="empresa_observacion.4" class="block text-sm font-medium text-gray-700">Observacion empresa</label><div 
class="space-y-2"><textarea id="empresa_observacion.4" data-testid="empresa_observacion.4" rows="1" 
name="empresa_observacion.4" class="w-full overflow-hidden rounded-xl border px-3.5 py-3 text-sm 
focus:border-transparent focus:outline-none focus:ring-2 focus:ring-reca-400 min-h-[6rem] 
border-gray-200"></textarea></div></div></div></div><div class="rounded-2xl border border-gray-200 bg-gray-50 p-4"><p 
class="text-sm font-semibold text-gray-900"></p><div class="mt-3 grid gap-4 lg:grid-cols-[220px_minmax(0,1fr)]"><div 
class="space-y-1.5"><label for="empresa_eval.5" class="block text-sm font-medium text-gray-700">Evaluacion 
empresa</label><select id="empresa_eval.5" name="empresa_eval.5" class="w-full rounded-lg border px-3 py-2.5 text-sm 
transition-colors focus:border-transparent focus:outline-none focus:ring-2 focus:ring-reca-400 border-gray-200 
bg-white"><option value="">Selecciona</option><option value="Excelente">Excelente</option><option 
value="Bien">Bien</option><option value="Necesita mejorar">Necesita mejorar</option><option 
value="Mal">Mal</option><option value="No aplica">No aplica</option></select></div><div class="space-y-1.5"><label 
for="empresa_observacion.5" class="block text-sm font-medium text-gray-700">Observacion empresa</label><div 
class="space-y-2"><textarea id="empresa_observacion.5" data-testid="empresa_observacion.5" rows="1" 
name="empresa_observacion.5" class="w-full overflow-hidden rounded-xl border px-3.5 py-3 text-sm 
focus:border-transparent focus:outline-none focus:ring-2 focus:ring-reca-400 min-h-[6rem] 
border-gray-200"></textarea></div></div></div></div><div class="rounded-2xl border border-gray-200 bg-gray-50 p-4"><p 
class="text-sm font-semibold text-gray-900"></p><div class="mt-3 grid gap-4 lg:grid-cols-[220px_minmax(0,1fr)]"><div 
class="space-y-1.5"><label for="empresa_eval.6" class="block text-sm font-medium text-gray-700">Evaluacion 
empresa</label><select id="empresa_eval.6" name="empresa_eval.6" class="w-full rounded-lg border px-3 py-2.5 text-sm 
transition-colors focus:border-transparent focus:outline-none focus:ring-2 focus:ring-reca-400 border-gray-200 
bg-white"><option value="">Selecciona</option><option value="Excelente">Excelente</option><option 
value="Bien">Bien</option><option value="Necesita mejorar">Necesita mejorar</option><option 
value="Mal">Mal</option><option value="No aplica">No aplica</option></select></div><div class="space-y-1.5"><label 
for="empresa_observacion.6" class="block text-sm font-medium text-gray-700">Observacion empresa</label><div 
class="space-y-2"><textarea id="empresa_observacion.6" data-testid="empresa_observacion.6" rows="1" 
name="empresa_observacion.6" class="w-full overflow-hidden rounded-xl border px-3.5 py-3 text-sm 
focus:border-transparent focus:outline-none focus:ring-2 focus:ring-reca-400 min-h-[6rem] 
border-gray-200"></textarea></div></div></div></div><div class="rounded-2xl border border-gray-200 bg-gray-50 p-4"><p 
class="text-sm font-semibold text-gray-900"></p><div class="mt-3 grid gap-4 lg:grid-cols-[220px_minmax(0,1fr)]"><div 
class="space-y-1.5"><label for="empresa_eval.7" class="block text-sm font-medium text-gray-700">Evaluacion 
empresa</label><select id="empresa_eval.7" name="empresa_eval.7" class="w-full rounded-lg border px-3 py-2.5 text-sm 
transition-colors focus:border-transparent focus:outline-none focus:ring-2 focus:ring-reca-400 border-gray-200 
bg-white"><option value="">Selecciona</option><option value="Excelente">Excelente</option><option 
value="Bien">Bien</option><option value="Necesita mejorar">Necesita mejorar</option><option 
value="Mal">Mal</option><option value="No aplica">No aplica</option></select></div><div class="space-y-1.5"><label 
for="empresa_observacion.7" class="block text-sm font-medium text-gray-700">Observacion empresa</label><div 
class="space-y-2"><textarea id="empresa_observacion.7" data-testid="empresa_observacion.7" rows="1" 
name="empresa_observacion.7" class="w-full overflow-hidden rounded-xl border px-3.5 py-3 text-sm 
focus:border-transparent focus:outline-none focus:ring-2 focus:ring-reca-400 min-h-[6rem] 
border-gray-200"></textarea></div></div></div></div></div></div></section><section class="rounded-2xl border 
border-gray-200 bg-white p-5 shadow-sm"><div class="space-y-1"><h3 class="text-base font-semibold 
text-gray-900">Cierre</h3><p class="text-sm text-gray-500">Resume la situaci├│n encontrada y las estrategias o ajustes 
definidos para la continuidad del caso.</p></div><div class="mt-4 space-y-4"><div class="grid gap-4 
lg:grid-cols-2"><div class="space-y-1.5"><label for="situacion_encontrada" class="block text-sm font-medium 
text-gray-700">Situaci├│n encontrada</label><div class="space-y-2"><textarea id="situacion_encontrada" 
data-testid="situacion_encontrada" rows="1" name="situacion_encontrada" disabled="" readOnly="" class="w-full 
overflow-hidden rounded-xl border px-3.5 py-3 text-sm focus:border-transparent focus:outline-none focus:ring-2 
focus:ring-reca-400 min-h-[8rem] border-gray-200 bg-gray-50 text-gray-700 cursor-not-allowed"></textarea><div 
class="flex items-center justify-between gap-3"><div></div><div class="flex items-center gap-3"><span class="text-xs 
text-gray-400">2 caracteres</span></div></div></div></div><div class="space-y-1.5"><label for="estrategias_ajustes" 
class="block text-sm font-medium text-gray-700">Estrategias y ajustes</label><div class="space-y-2"><textarea 
id="estrategias_ajustes" data-testid="estrategias_ajustes" rows="1" name="estrategias_ajustes" disabled="" readOnly="" 
class="w-full overflow-hidden rounded-xl border px-3.5 py-3 text-sm focus:border-transparent focus:outline-none 
focus:ring-2 focus:ring-reca-400 min-h-[8rem] border-gray-200 bg-gray-50 text-gray-700 
cursor-not-allowed"></textarea><div class="flex items-center justify-between gap-3"><div></div><div class="flex 
items-center gap-3"><span class="text-xs text-gray-400">2 
caracteres</span></div></div></div></div></div></div></section><div class="rounded-2xl border border-gray-200 bg-white 
p-6 shadow-sm"><div class="mb-5 flex items-center justify-between"><div><h2 class="font-semibold 
text-gray-900">Asistentes</h2><p class="mt-0.5 text-xs text-gray-500">M├¡nimo 1 persona ┬À M├íximo 10</p><p 
class="mt-1 text-xs text-gray-500">Fila 0 profesional RECA. Agrega asistentes adicionales solo cuando 
corresponda.</p></div></div><div class="space-y-3"><div class="flex items-start gap-3 rounded-xl border p-4 
border-reca-200 bg-reca-50"><div class="flex-1"><div class="mb-3"><span class="rounded-full bg-reca-100 px-2 py-0.5 
text-xs font-semibold text-reca">Profesional RECA</span></div><div class="grid grid-cols-1 gap-3 sm:grid-cols-2"><div 
class="space-y-1.5"><label for="asistentes.0.nombre" class="block text-sm font-medium text-gray-700">Nombre 
completo<span class="ml-1 text-red-500" aria-hidden="true">*</span></label><input id="asistentes.0.nombre" type="text" 
readOnly="" placeholder="Profesional RECA" autoComplete="off" class="w-full rounded-lg border px-3 py-2 text-sm 
focus:border-transparent focus:outline-none focus:ring-2 focus:ring-reca-400 border-gray-200 bg-gray-100 
text-gray-700" name="asistentes.0.nombre"/></div><div class="space-y-1.5"><label for="asistentes.0.cargo" class="block 
text-sm font-medium text-gray-700">Cargo</label><input id="asistentes.0.cargo" type="text" readOnly="" 
placeholder="Cargo (opcional)" autoComplete="off" class="w-full rounded-lg border px-3 py-2 text-sm 
focus:border-transparent focus:outline-none focus:ring-2 focus:ring-reca-400 border-gray-200 bg-gray-100 
text-gray-700" name="asistentes.0.cargo"/></div></div></div></div><div class="flex items-start gap-3 rounded-xl border 
p-4 border-gray-100 bg-gray-50"><div class="flex-1"><div class="grid grid-cols-1 gap-3 sm:grid-cols-2"><div 
class="space-y-1.5"><label for="asistentes.1.nombre" class="block text-sm font-medium text-gray-700">Nombre 
completo</label><input id="asistentes.1.nombre" type="text" readOnly="" placeholder="Nombre del asistente" 
autoComplete="off" class="w-full rounded-lg border px-3 py-2 text-sm focus:border-transparent focus:outline-none 
focus:ring-2 focus:ring-reca-400 border-gray-200 bg-gray-100 text-gray-700" name="asistentes.1.nombre"/></div><div 
class="space-y-1.5"><label for="asistentes.1.cargo" class="block text-sm font-medium 
text-gray-700">Cargo</label><input id="asistentes.1.cargo" type="text" readOnly="" placeholder="Cargo (opcional)" 
autoComplete="off" class="w-full rounded-lg border px-3 py-2 text-sm focus:border-transparent focus:outline-none 
focus:ring-2 focus:ring-reca-400 border-gray-200 bg-gray-100 text-gray-700" 
name="asistentes.1.cargo"/></div></div></div></div></div></div></fieldset><div class="flex flex-col gap-4 rounded-2xl 
border border-gray-200 bg-white p-4 shadow-sm"><div class="flex flex-col gap-3 sm:flex-row sm:items-center 
sm:justify-between"><div class="space-y-1"><p class="text-sm font-semibold text-gray-900">Guardar seguimiento en 
Google Sheets</p><p class="text-sm text-gray-500">Escribe este seguimiento y cualquier otra etapa desbloqueada con 
cambios pendientes en Google Sheets.</p></div><button type="submit" data-testid="seguimientos-followup-save-button" 
disabled="" class="inline-flex items-center justify-center gap-2 rounded-xl bg-reca px-5 py-2.5 text-sm font-semibold 
text-white transition-colors hover:bg-reca-dark disabled:cursor-not-allowed disabled:opacity-60"><svg 
xmlns="http://www.w3.org/2000/svg" width="24" height="24" viewBox="0 0 24 24" fill="none" stroke="currentColor" 
stroke-width="2" stroke-linecap="round" stroke-linejoin="round" class="lucide lucide-save h-4 w-4" 
aria-hidden="true"><path d="M15.2 3a2 2 0 0 1 1.4.6l3.8 3.8a2 2 0 0 1 .6 1.4V19a2 2 0 0 1-2 2H5a2 2 0 0 1-2-2V5a2 2 0 
0 1 2-2z"></path><path d="M17 21v-7a1 1 0 0 0-1-1H8a1 1 0 0 0-1 1v7"></path><path d="M7 3v4a1 1 0 0 0 1 
1h7"></path></svg>Guardar seguimiento en Google Sheets</button></div></div></form></div></main></div>[39m

[36m [2mÔØ»[22m src/components/forms/seguimientos/SeguimientosCaseEditor.test.tsx:[2m1001:18[22m[39m
    [90m999| [39m    )[33m;[39m
    [90m1000| [39m
    [90m1001| [39m    expect(html).toContain("Este caso cambio en otra pesta├▒a o sesion.ÔÇª
    [90m   | [39m                 [31m^[39m
    [90m1002| [39m    [34mexpect[39m(html)[33m.[39m[34mtoContain[39m([32m"Recargar caso"[39m)[33m;[39m
    [90m1003| [39m  })[33m;[39m

[31m[2mÔÄ»ÔÄ»ÔÄ»ÔÄ»ÔÄ»ÔÄ»ÔÄ»ÔÄ»ÔÄ»ÔÄ»ÔÄ»ÔÄ»ÔÄ»ÔÄ»ÔÄ»ÔÄ»ÔÄ»ÔÄ»ÔÄ»ÔÄ»ÔÄ»ÔÄ»ÔÄ»ÔÄ»[3/3]ÔÄ»[22m[39m


[2m Test Files [22m [1m[31m1 failed[39m[22m[90m (1)[39m
[2m      Tests [22m [1m[31m3 failed[39m[22m[2m | [22m[1m[32m9 passed[39m[22m[90m (12)[39m
[2m   Start at [22m 23:04:28
[2m   Duration [22m 2.88s[2m (transform 326ms, setup 0ms, collect 725ms, tests 739ms, environment 900ms, prepare 101ms)[22m

